[0.003s][info][gc] Using G1
ForkJoinPool.getCommonPoolParallelism(): 4
Preparing Test[UNIFORM | DPQS_2105| M=536870912] --------------------------------------
[1,518s][info][gc] GC(0) Pause Young (Concurrent Start) (G1 Humongous Allocation) 2059M->2056M(5120M) 2,966ms
[1,518s][info][gc] GC(1) Concurrent Undo Cycle
[1,548s][info][gc] GC(1) Concurrent Undo Cycle 29,487ms
data[0 : 100]: [821115357, 1660418793, 448078427, 1173353938, 172035578, 1503663573, 1140148415, 1479481729, 476149789, 834687859, 2047750023, 42182871, 824765253, 1540537685, 1519069752, 1763383946, 1673396284, 875013724, 1967895957, 782595981, 1599912200, 1675461783, 1835980039, 807454020, 800605705, 528711478, 1533887279, 1585986398, 1002055064, 2004339174, 1310597831, 523460224, 839094923, 1267552214, 1868476160, 1897048040, 1601258488, 546454063, 863000938, 1249246374, 938437503, 2078672561, 1528951094, 1327740661, 1108684519, 490676100, 488097079, 774543326, 1060127796, 375805141, 1693586690, 170643219, 1519054317, 1740713151, 1592548991, 1467834087, 586691714, 1588911439, 479983900, 465965348, 1454771131, 1881436516, 1679256016, 533368781, 2097654815, 1364030999, 686714004, 387620780, 1459759908, 1329238684, 1876773998, 1774079225, 1871366133, 108025020, 1602657311, 206128388, 1669795533, 1873022469, 1135617697, 1939643269, 977125648, 56334738, 1259671084, 896895893, 2031043497, 209419993, 410510454, 483064080, 374432650, 976802343, 2095481671, 981352200, 675687465, 976194159, 1303262383, 17078318, 1560544032, 1736425928, 1397252166, 142564779]
data[-100 : 0]: [391932006, 887640700, 1504591305, 1612660032, 887248121, 1930445822, 113291176, 635300252, 376933180, 888962974, 783376505, 1260696697, 922880303, 1522888238, 1826302699, 1794519487, 938128177, 1268976577, 1539576810, 1132567587, 393810016, 2103286555, 1671667238, 2035768973, 497522317, 165196608, 313287543, 1039721008, 32829644, 451822140, 583508633, 67251006, 1981426068, 585340016, 337625355, 817902346, 84170936, 112264119, 2142530482, 1767563418, 1315309969, 904692512, 2114714009, 612242208, 28976018, 724071133, 2143666873, 502596423, 121062952, 749830515, 1603003302, 835470874, 1863575790, 1358809788, 1927960493, 1770570231, 1129916752, 184526276, 1131403931, 37808826, 2103412934, 1296947518, 327893823, 768920236, 896461648, 13656038, 1815063486, 834057785, 743029198, 1979778603, 1137086469, 1115864520, 226117018, 928671017, 598144980, 360837037, 2124037048, 1090942609, 236003617, 1030578812, 1291247773, 1515888292, 1528734763, 608118972, 1269942816, 1074862888, 2101079607, 1787600584, 4698401, 1723137928, 693566194, 21725914, 948528024, 787322842, 386645031, 1536916106, 306079137, 2070305119, 1643919269, 1620968075]
Test[UNIFORM | DPQS_2105| M=536870912] ---------------------------------------------------------------------
[2,777s][info][gc] GC(2) Pause Young (Concurrent Start) (G1 Humongous Allocation) 4110M->4108M(5120M) 1,728ms
[2,777s][info][gc] GC(3) Concurrent Mark Cycle
[2,779s][info][gc] GC(4) Pause Young (Normal) (G1 Humongous Allocation) 4108M->4108M(5120M) 1,688ms
[2,804s][info][gc] GC(5) Pause Full (G1 Humongous Allocation) 4108M->4108M(5120M) 25,015ms
[2,810s][info][gc] GC(6) Pause Full (G1 Humongous Allocation) 4108M->4108M(5120M) 5,965ms
[2,810s][info][gc] GC(3) Concurrent Mark Cycle 33,227ms
[5,356s][info][gc] GC(7) Pause Young (Concurrent Start) (G1 Humongous Allocation) 4110M->4108M(5120M) 1,423ms
[5,356s][info][gc] GC(8) Concurrent Mark Cycle
[5,357s][info][gc] GC(9) Pause Young (Normal) (G1 Humongous Allocation) 4108M->4108M(5120M) 0,890ms
[5,366s][info][gc] GC(10) Pause Full (G1 Humongous Allocation) 4108M->4108M(5120M) 9,144ms
[5,372s][info][gc] GC(11) Pause Full (G1 Humongous Allocation) 4108M->4108M(5120M) 5,773ms
[5,372s][info][gc] GC(8) Concurrent Mark Cycle 16,279ms
[6,944s][info][gc] GC(12) Pause Young (Concurrent Start) (G1 Humongous Allocation) 4108M->4108M(5120M) 0,724ms
[6,944s][info][gc] GC(13) Concurrent Mark Cycle
[7,195s][info][gc] GC(13) Pause Remark 4828M->4828M(5120M) 1,496ms
[7,199s][info][gc] GC(13) Pause Cleanup 4830M->4830M(5120M) 0,310ms
[7,202s][info][gc] GC(13) Concurrent Mark Cycle 258,836ms
[8,985s][info][gc] GC(14) Pause Young (Concurrent Start) (G1 Humongous Allocation) 4830M->4108M(5120M) 1,040ms
[8,985s][info][gc] GC(15) Concurrent Mark Cycle
[8,997s][info][gc] GC(15) Pause Remark 4360M->4360M(5120M) 0,740ms
[8,999s][info][gc] GC(15) Pause Cleanup 4362M->4362M(5120M) 0,132ms
[9,003s][info][gc] GC(15) Concurrent Mark Cycle 18,335ms
[9,856s][info][gc] GC(16) Pause Young (Concurrent Start) (G1 Humongous Allocation) 4362M->4108M(5120M) 0,958ms
[9,856s][info][gc] GC(17) Concurrent Mark Cycle
[9,865s][info][gc] GC(17) Pause Remark 4300M->4300M(5120M) 0,767ms
[9,868s][info][gc] GC(17) Pause Cleanup 4302M->4302M(5120M) 0,590ms
[9,881s][info][gc] GC(17) Concurrent Mark Cycle 25,349ms
[10,419s][info][gc] GC(18) Pause Young (Concurrent Start) (G1 Humongous Allocation) 4302M->4108M(5120M) 1,574ms
[10,419s][info][gc] GC(19) Concurrent Mark Cycle
[10,445s][info][gc] GC(19) Pause Remark 4696M->4696M(5120M) 1,099ms
[10,450s][info][gc] GC(19) Pause Cleanup 4698M->4698M(5120M) 0,132ms
[10,454s][info][gc] GC(19) Concurrent Mark Cycle 35,036ms
[12,031s][info][gc] GC(20) Pause Young (Concurrent Start) (G1 Humongous Allocation) 4698M->4108M(5120M) 0,894ms
[12,031s][info][gc] GC(21) Concurrent Mark Cycle
[12,048s][info][gc] GC(21) Pause Remark 4412M->4412M(5120M) 4,413ms
[12,051s][info][gc] GC(21) Pause Cleanup 4414M->4414M(5120M) 0,164ms
[12,055s][info][gc] GC(21) Concurrent Mark Cycle 23,943ms
Test[UNIFORM | SYSTEM| M=536870912] ------------------------------------------------------------------------
Test[UNIFORM | DPQS_2105| M=536870912] elapsed: 10095.783352999999 ms ms, reference: 55198.716151 ms
Preparing Test[CONTIGUOUS | DPQS_2105| M=536870912] --------------------------------------
[68,348s][info][gc] GC(22) Pause Young (Concurrent Start) (G1 Humongous Allocation) 4414M->4M(5120M) 1,666ms
[68,348s][info][gc] GC(23) Concurrent Undo Cycle
[68,352s][info][gc] GC(23) Concurrent Undo Cycle 3,905ms
[68,640s][info][gc] GC(24) Pause Young (Concurrent Start) (G1 Humongous Allocation) 2056M->2056M(5120M) 1,667ms
[68,640s][info][gc] GC(25) Concurrent Undo Cycle
[68,644s][info][gc] GC(25) Concurrent Undo Cycle 3,389ms
data[0 : 100]: [0, 1, 2, 3, 4, 5, 6, 7, 8, 9, 10, 11, 12, 13, 14, 15, 16, 17, 18, 19, 20, 21, 22, 23, 24, 25, 26, 27, 28, 29, 30, 31, 32, 33, 34, 35, 36, 37, 38, 39, 40, 41, 42, 43, 44, 45, 46, 47, 48, 49, 50, 51, 52, 53, 54, 55, 56, 57, 58, 59, 60, 61, 62, 63, 64, 65, 66, 67, 68, 69, 70, 71, 72, 73, 74, 75, 76, 77, 78, 79, 80, 81, 82, 83, 84, 85, 86, 87, 88, 89, 90, 91, 92, 93, 94, 95, 96, 97, 98, 99]
data[-100 : 0]: [536870812, 536870813, 536870814, 536870815, 536870816, 536870817, 536870818, 536870819, 536870820, 536870821, 536870822, 536870823, 536870824, 536870825, 536870826, 536870827, 536870828, 536870829, 536870830, 536870831, 536870832, 536870833, 536870834, 536870835, 536870836, 536870837, 536870838, 536870839, 536870840, 536870841, 536870842, 536870843, 536870844, 536870845, 536870846, 536870847, 536870848, 536870849, 536870850, 536870851, 536870852, 536870853, 536870854, 536870855, 536870856, 536870857, 536870858, 536870859, 536870860, 536870861, 536870862, 536870863, 536870864, 536870865, 536870866, 536870867, 536870868, 536870869, 536870870, 536870871, 536870872, 536870873, 536870874, 536870875, 536870876, 536870877, 536870878, 536870879, 536870880, 536870881, 536870882, 536870883, 536870884, 536870885, 536870886, 536870887, 536870888, 536870889, 536870890, 536870891, 536870892, 536870893, 536870894, 536870895, 536870896, 536870897, 536870898, 536870899, 536870900, 536870901, 536870902, 536870903, 536870904, 536870905, 536870906, 536870907, 536870908, 536870909, 536870910, 536870911]
Test[CONTIGUOUS | DPQS_2105| M=536870912] ---------------------------------------------------------------------
Test[CONTIGUOUS | SYSTEM| M=536870912] ------------------------------------------------------------------------
Test[CONTIGUOUS | DPQS_2105| M=536870912] elapsed: 1130.1411699999999 ms ms, reference: 832.3104169999999 ms
Preparing Test[CONTIGUOUS_REVERSE | DPQS_2105| M=536870912] --------------------------------------
[71,492s][info][gc] GC(26) Pause Young (Concurrent Start) (G1 Humongous Allocation) 4110M->4M(5120M) 1,436ms
[71,492s][info][gc] GC(27) Concurrent Undo Cycle
[71,498s][info][gc] GC(27) Concurrent Undo Cycle 5,847ms
[71,784s][info][gc] GC(28) Pause Young (Concurrent Start) (G1 Humongous Allocation) 2056M->2056M(5120M) 0,845ms
[71,784s][info][gc] GC(29) Concurrent Undo Cycle
[71,790s][info][gc] GC(29) Concurrent Undo Cycle 5,851ms
data[0 : 100]: [536870912, 536870911, 536870910, 536870909, 536870908, 536870907, 536870906, 536870905, 536870904, 536870903, 536870902, 536870901, 536870900, 536870899, 536870898, 536870897, 536870896, 536870895, 536870894, 536870893, 536870892, 536870891, 536870890, 536870889, 536870888, 536870887, 536870886, 536870885, 536870884, 536870883, 536870882, 536870881, 536870880, 536870879, 536870878, 536870877, 536870876, 536870875, 536870874, 536870873, 536870872, 536870871, 536870870, 536870869, 536870868, 536870867, 536870866, 536870865, 536870864, 536870863, 536870862, 536870861, 536870860, 536870859, 536870858, 536870857, 536870856, 536870855, 536870854, 536870853, 536870852, 536870851, 536870850, 536870849, 536870848, 536870847, 536870846, 536870845, 536870844, 536870843, 536870842, 536870841, 536870840, 536870839, 536870838, 536870837, 536870836, 536870835, 536870834, 536870833, 536870832, 536870831, 536870830, 536870829, 536870828, 536870827, 536870826, 536870825, 536870824, 536870823, 536870822, 536870821, 536870820, 536870819, 536870818, 536870817, 536870816, 536870815, 536870814, 536870813]
data[-100 : 0]: [100, 99, 98, 97, 96, 95, 94, 93, 92, 91, 90, 89, 88, 87, 86, 85, 84, 83, 82, 81, 80, 79, 78, 77, 76, 75, 74, 73, 72, 71, 70, 69, 68, 67, 66, 65, 64, 63, 62, 61, 60, 59, 58, 57, 56, 55, 54, 53, 52, 51, 50, 49, 48, 47, 46, 45, 44, 43, 42, 41, 40, 39, 38, 37, 36, 35, 34, 33, 32, 31, 30, 29, 28, 27, 26, 25, 24, 23, 22, 21, 20, 19, 18, 17, 16, 15, 14, 13, 12, 11, 10, 9, 8, 7, 6, 5, 4, 3, 2, 1]
Test[CONTIGUOUS_REVERSE | DPQS_2105| M=536870912] ---------------------------------------------------------------------
Test[CONTIGUOUS_REVERSE | SYSTEM| M=536870912] ------------------------------------------------------------------------
Test[CONTIGUOUS_REVERSE | DPQS_2105| M=536870912] elapsed: 1475.70987 ms ms, reference: 972.245739 ms
Preparing Test[ALMOST_CONTIGUOUS | DPQS_2105| M=536870912] --------------------------------------
[75,128s][info][gc] GC(30) Pause Young (Concurrent Start) (G1 Humongous Allocation) 4110M->4M(5120M) 1,334ms
[75,128s][info][gc] GC(31) Concurrent Undo Cycle
[75,134s][info][gc] GC(31) Concurrent Undo Cycle 5,849ms
[75,436s][info][gc] GC(32) Pause Young (Concurrent Start) (G1 Humongous Allocation) 2056M->2056M(5120M) 1,002ms
[75,436s][info][gc] GC(33) Concurrent Undo Cycle
[75,442s][info][gc] GC(33) Concurrent Undo Cycle 5,843ms
data[0 : 100]: [255, 254, 253, 252, 251, 250, 249, 248, 247, 246, 245, 244, 243, 242, 241, 240, 239, 238, 237, 236, 235, 234, 233, 232, 231, 230, 229, 228, 227, 226, 225, 224, 223, 222, 221, 220, 219, 218, 217, 216, 215, 214, 213, 212, 211, 210, 209, 208, 207, 206, 205, 204, 203, 202, 201, 200, 199, 198, 197, 196, 195, 194, 193, 192, 191, 190, 189, 188, 187, 186, 185, 184, 183, 182, 181, 180, 179, 178, 177, 176, 175, 174, 173, 172, 171, 170, 169, 168, 167, 166, 165, 164, 163, 162, 161, 160, 159, 158, 157, 156]
data[-100 : 0]: [536870755, 536870754, 536870753, 536870752, 536870751, 536870750, 536870749, 536870748, 536870747, 536870746, 536870745, 536870744, 536870743, 536870742, 536870741, 536870740, 536870739, 536870738, 536870737, 536870736, 536870735, 536870734, 536870733, 536870732, 536870731, 536870730, 536870729, 536870728, 536870727, 536870726, 536870725, 536870724, 536870723, 536870722, 536870721, 536870720, 536870719, 536870718, 536870717, 536870716, 536870715, 536870714, 536870713, 536870712, 536870711, 536870710, 536870709, 536870708, 536870707, 536870706, 536870705, 536870704, 536870703, 536870702, 536870701, 536870700, 536870699, 536870698, 536870697, 536870696, 536870695, 536870694, 536870693, 536870692, 536870691, 536870690, 536870689, 536870688, 536870687, 536870686, 536870685, 536870684, 536870683, 536870682, 536870681, 536870680, 536870679, 536870678, 536870677, 536870676, 536870675, 536870674, 536870673, 536870672, 536870671, 536870670, 536870669, 536870668, 536870667, 536870666, 536870665, 536870664, 536870663, 536870662, 536870661, 536870660, 536870659, 536870658, 536870657, 536870656]
Test[ALMOST_CONTIGUOUS | DPQS_2105| M=536870912] ---------------------------------------------------------------------
Test[ALMOST_CONTIGUOUS | SYSTEM| M=536870912] ------------------------------------------------------------------------
[77,181s][info][gc] GC(34) Pause Young (Concurrent Start) (G1 Humongous Allocation) 4114M->4108M(5120M) 0,800ms
[77,181s][info][gc] GC(35) Concurrent Mark Cycle
[77,185s][info][gc] GC(35) Pause Remark 4116M->4116M(5120M) 0,824ms
[77,188s][info][gc] GC(35) Pause Cleanup 4116M->4116M(5120M) 0,174ms
[77,192s][info][gc] GC(35) Concurrent Mark Cycle 10,994ms
[77,226s][info][gc] GC(36) Pause Young (Concurrent Start) (G1 Humongous Allocation) 4120M->4108M(5120M) 1,492ms
[77,226s][info][gc] GC(37) Concurrent Mark Cycle
[77,230s][info][gc] GC(37) Pause Remark 4116M->4116M(5120M) 0,927ms
[77,233s][info][gc] GC(37) Pause Cleanup 4116M->4116M(5120M) 0,224ms
[77,237s][info][gc] GC(37) Concurrent Mark Cycle 11,342ms
[77,280s][info][gc] GC(38) Pause Young (Concurrent Start) (G1 Humongous Allocation) 4119M->4108M(5120M) 0,867ms
[77,280s][info][gc] GC(39) Concurrent Mark Cycle
[77,288s][info][gc] GC(39) Pause Remark 4116M->4116M(5120M) 0,759ms
[77,291s][info][gc] GC(39) Pause Cleanup 4116M->4116M(5120M) 0,141ms
[77,295s][info][gc] GC(39) Concurrent Mark Cycle 14,368ms
[77,319s][info][gc] GC(40) Pause Young (Concurrent Start) (G1 Humongous Allocation) 4118M->4108M(5120M) 0,937ms
[77,319s][info][gc] GC(41) Concurrent Mark Cycle
[77,323s][info][gc] GC(41) Pause Remark 4116M->4116M(5120M) 0,745ms
[77,326s][info][gc] GC(41) Pause Cleanup 4116M->4116M(5120M) 0,223ms
[77,330s][info][gc] GC(41) Concurrent Mark Cycle 10,703ms
[77,386s][info][gc] GC(42) Pause Young (Concurrent Start) (G1 Humongous Allocation) 4120M->4108M(5120M) 0,973ms
[77,386s][info][gc] GC(43) Concurrent Mark Cycle
[77,391s][info][gc] GC(43) Pause Remark 4116M->4116M(5120M) 0,468ms
[77,393s][info][gc] GC(43) Pause Cleanup 4116M->4116M(5120M) 0,184ms
[77,398s][info][gc] GC(43) Concurrent Mark Cycle 12,158ms
[77,474s][info][gc] GC(44) Pause Young (Concurrent Start) (G1 Humongous Allocation) 4122M->4108M(5120M) 1,492ms
[77,474s][info][gc] GC(45) Concurrent Mark Cycle
[77,478s][info][gc] GC(45) Pause Remark 4116M->4116M(5120M) 1,215ms
[77,481s][info][gc] GC(45) Pause Cleanup 4116M->4116M(5120M) 0,239ms
[77,486s][info][gc] GC(45) Concurrent Mark Cycle 12,036ms
[77,511s][info][gc] GC(46) Pause Young (Concurrent Start) (G1 Humongous Allocation) 4118M->4108M(5120M) 0,890ms
[77,511s][info][gc] GC(47) Concurrent Mark Cycle
[77,518s][info][gc] GC(47) Pause Remark 4116M->4116M(5120M) 1,001ms
[77,522s][info][gc] GC(47) Pause Cleanup 4116M->4116M(5120M) 0,185ms
[77,526s][info][gc] GC(47) Concurrent Mark Cycle 14,909ms
[77,575s][info][gc] GC(48) Pause Young (Concurrent Start) (G1 Humongous Allocation) 4120M->4108M(5120M) 1,462ms
[77,575s][info][gc] GC(49) Concurrent Mark Cycle
[77,580s][info][gc] GC(49) Pause Remark 4116M->4116M(5120M) 1,081ms
[77,582s][info][gc] GC(49) Pause Cleanup 4116M->4116M(5120M) 0,171ms
[77,587s][info][gc] GC(49) Concurrent Mark Cycle 11,863ms
[77,700s][info][gc] GC(50) Pause Young (Concurrent Start) (G1 Humongous Allocation) 4122M->4108M(5120M) 1,304ms
[77,700s][info][gc] GC(51) Concurrent Mark Cycle
[77,705s][info][gc] GC(51) Pause Remark 4116M->4116M(5120M) 1,364ms
[77,708s][info][gc] GC(51) Pause Cleanup 4116M->4116M(5120M) 0,200ms
[77,713s][info][gc] GC(51) Concurrent Mark Cycle 12,340ms
[77,741s][info][gc] GC(52) Pause Young (Concurrent Start) (G1 Humongous Allocation) 4118M->4108M(5120M) 1,266ms
[77,741s][info][gc] GC(53) Concurrent Mark Cycle
[77,746s][info][gc] GC(53) Pause Remark 4116M->4116M(5120M) 0,987ms
[77,749s][info][gc] GC(53) Pause Cleanup 4116M->4116M(5120M) 0,220ms
[77,753s][info][gc] GC(53) Concurrent Mark Cycle 12,127ms
[77,805s][info][gc] GC(54) Pause Young (Concurrent Start) (G1 Humongous Allocation) 4120M->4108M(5120M) 1,969ms
[77,805s][info][gc] GC(55) Concurrent Mark Cycle
[77,809s][info][gc] GC(55) Pause Remark 4116M->4116M(5120M) 1,242ms
[77,812s][info][gc] GC(55) Pause Cleanup 4116M->4116M(5120M) 0,224ms
[77,817s][info][gc] GC(55) Concurrent Mark Cycle 12,082ms
[77,979s][info][gc] GC(56) Pause Young (Concurrent Start) (G1 Humongous Allocation) 4132M->4108M(5120M) 1,269ms
[77,979s][info][gc] GC(57) Concurrent Mark Cycle
[77,983s][info][gc] GC(57) Pause Remark 4112M->4112M(5120M) 0,598ms
[77,986s][info][gc] GC(57) Pause Cleanup 4112M->4112M(5120M) 0,230ms
[77,992s][info][gc] GC(57) Concurrent Mark Cycle 12,626ms
[78,017s][info][gc] GC(58) Pause Young (Concurrent Start) (G1 Humongous Allocation) 4114M->4108M(5120M) 1,077ms
[78,017s][info][gc] GC(59) Concurrent Mark Cycle
[78,021s][info][gc] GC(59) Pause Remark 4112M->4112M(5120M) 0,648ms
[78,024s][info][gc] GC(59) Pause Cleanup 4112M->4112M(5120M) 0,193ms
[78,031s][info][gc] GC(59) Concurrent Mark Cycle 13,667ms
[78,081s][info][gc] GC(60) Pause Young (Concurrent Start) (G1 Humongous Allocation) 4116M->4108M(5120M) 0,956ms
[78,081s][info][gc] GC(61) Concurrent Mark Cycle
[78,086s][info][gc] GC(61) Pause Remark 4112M->4112M(5120M) 1,083ms
[78,088s][info][gc] GC(61) Pause Cleanup 4112M->4112M(5120M) 0,268ms
[78,092s][info][gc] GC(61) Concurrent Mark Cycle 11,078ms
[78,119s][info][gc] GC(62) Pause Young (Concurrent Start) (G1 Humongous Allocation) 4114M->4108M(5120M) 1,151ms
[78,120s][info][gc] GC(63) Concurrent Mark Cycle
[78,124s][info][gc] GC(63) Pause Remark 4112M->4112M(5120M) 0,542ms
[78,127s][info][gc] GC(63) Pause Cleanup 4112M->4112M(5120M) 0,176ms
[78,131s][info][gc] GC(63) Concurrent Mark Cycle 11,154ms
[78,175s][info][gc] GC(64) Pause Young (Concurrent Start) (G1 Humongous Allocation) 4114M->4108M(5120M) 0,939ms
[78,175s][info][gc] GC(65) Concurrent Mark Cycle
[78,179s][info][gc] GC(65) Pause Remark 4116M->4116M(5120M) 0,751ms
[78,182s][info][gc] GC(65) Pause Cleanup 4116M->4116M(5120M) 0,220ms
[78,186s][info][gc] GC(65) Concurrent Mark Cycle 10,575ms
[78,272s][info][gc] GC(66) Pause Young (Concurrent Start) (G1 Humongous Allocation) 4124M->4108M(5120M) 1,309ms
[78,273s][info][gc] GC(67) Concurrent Mark Cycle
[78,277s][info][gc] GC(67) Pause Remark 4112M->4112M(5120M) 1,240ms
[78,280s][info][gc] GC(67) Pause Cleanup 4112M->4112M(5120M) 0,124ms
[78,284s][info][gc] GC(67) Concurrent Mark Cycle 11,755ms
[78,310s][info][gc] GC(68) Pause Young (Concurrent Start) (G1 Humongous Allocation) 4114M->4108M(5120M) 1,312ms
[78,310s][info][gc] GC(69) Concurrent Mark Cycle
[78,319s][info][gc] GC(69) Pause Remark 4112M->4112M(5120M) 1,229ms
[78,322s][info][gc] GC(69) Pause Cleanup 4112M->4112M(5120M) 0,145ms
[78,326s][info][gc] GC(69) Concurrent Mark Cycle 15,629ms
[78,378s][info][gc] GC(70) Pause Young (Concurrent Start) (G1 Humongous Allocation) 4116M->4108M(5120M) 0,927ms
[78,378s][info][gc] GC(71) Concurrent Mark Cycle
[78,382s][info][gc] GC(71) Pause Remark 4112M->4112M(5120M) 0,714ms
[78,384s][info][gc] GC(71) Pause Cleanup 4112M->4112M(5120M) 0,131ms
[78,389s][info][gc] GC(71) Concurrent Mark Cycle 10,300ms
[78,415s][info][gc] GC(72) Pause Young (Concurrent Start) (G1 Humongous Allocation) 4114M->4108M(5120M) 1,323ms
[78,415s][info][gc] GC(73) Concurrent Mark Cycle
[78,419s][info][gc] GC(73) Pause Remark 4112M->4112M(5120M) 1,087ms
[78,422s][info][gc] GC(73) Pause Cleanup 4112M->4112M(5120M) 0,211ms
[78,426s][info][gc] GC(73) Concurrent Mark Cycle 10,813ms
[78,527s][info][gc] GC(74) Pause Young (Concurrent Start) (G1 Humongous Allocation) 4115M->4108M(5120M) 0,915ms
[78,527s][info][gc] GC(75) Concurrent Mark Cycle
[78,532s][info][gc] GC(75) Pause Remark 4116M->4116M(5120M) 1,142ms
[78,534s][info][gc] GC(75) Pause Cleanup 4116M->4116M(5120M) 0,204ms
[78,539s][info][gc] GC(75) Concurrent Mark Cycle 11,958ms
[78,565s][info][gc] GC(76) Pause Young (Concurrent Start) (G1 Humongous Allocation) 4118M->4108M(5120M) 1,393ms
[78,565s][info][gc] GC(77) Concurrent Mark Cycle
[78,570s][info][gc] GC(77) Pause Remark 4116M->4116M(5120M) 1,076ms
[78,573s][info][gc] GC(77) Pause Cleanup 4116M->4116M(5120M) 0,234ms
[78,577s][info][gc] GC(77) Concurrent Mark Cycle 11,879ms
[78,632s][info][gc] GC(78) Pause Young (Concurrent Start) (G1 Humongous Allocation) 4120M->4108M(5120M) 0,936ms
[78,632s][info][gc] GC(79) Concurrent Mark Cycle
[78,636s][info][gc] GC(79) Pause Remark 4116M->4116M(5120M) 0,722ms
[78,638s][info][gc] GC(79) Pause Cleanup 4116M->4116M(5120M) 0,184ms
[78,642s][info][gc] GC(79) Concurrent Mark Cycle 10,303ms
[78,711s][info][gc] GC(80) Pause Young (Concurrent Start) (G1 Humongous Allocation) 4120M->4108M(5120M) 0,934ms
[78,711s][info][gc] GC(81) Concurrent Mark Cycle
[78,715s][info][gc] GC(81) Pause Remark 4116M->4116M(5120M) 0,705ms
[78,718s][info][gc] GC(81) Pause Cleanup 4116M->4116M(5120M) 0,176ms
[78,722s][info][gc] GC(81) Concurrent Mark Cycle 10,624ms
[78,808s][info][gc] GC(82) Pause Young (Concurrent Start) (G1 Humongous Allocation) 4124M->4108M(5120M) 0,857ms
[78,808s][info][gc] GC(83) Concurrent Mark Cycle
[78,812s][info][gc] GC(83) Pause Remark 4112M->4112M(5120M) 1,014ms
[78,815s][info][gc] GC(83) Pause Cleanup 4112M->4112M(5120M) 0,239ms
[78,819s][info][gc] GC(83) Concurrent Mark Cycle 10,582ms
[78,846s][info][gc] GC(84) Pause Young (Concurrent Start) (G1 Humongous Allocation) 4114M->4108M(5120M) 1,136ms
[78,846s][info][gc] GC(85) Concurrent Mark Cycle
[78,851s][info][gc] GC(85) Pause Remark 4112M->4112M(5120M) 1,183ms
[78,854s][info][gc] GC(85) Pause Cleanup 4112M->4112M(5120M) 0,180ms
[78,858s][info][gc] GC(85) Concurrent Mark Cycle 12,227ms
[78,914s][info][gc] GC(86) Pause Young (Concurrent Start) (G1 Humongous Allocation) 4116M->4108M(5120M) 1,185ms
[78,914s][info][gc] GC(87) Concurrent Mark Cycle
[78,919s][info][gc] GC(87) Pause Remark 4112M->4112M(5120M) 1,181ms
[78,922s][info][gc] GC(87) Pause Cleanup 4112M->4112M(5120M) 0,277ms
[78,927s][info][gc] GC(87) Concurrent Mark Cycle 12,524ms
[78,952s][info][gc] GC(88) Pause Young (Concurrent Start) (G1 Humongous Allocation) 4114M->4108M(5120M) 0,695ms
[78,952s][info][gc] GC(89) Concurrent Mark Cycle
[78,956s][info][gc] GC(89) Pause Remark 4112M->4112M(5120M) 0,435ms
[78,958s][info][gc] GC(89) Pause Cleanup 4112M->4112M(5120M) 0,114ms
[78,962s][info][gc] GC(89) Concurrent Mark Cycle 9,857ms
[78,994s][info][gc] GC(90) Pause Young (Concurrent Start) (G1 Humongous Allocation) 4114M->4108M(5120M) 1,178ms
[78,994s][info][gc] GC(91) Concurrent Mark Cycle
[78,998s][info][gc] GC(91) Pause Remark 4116M->4116M(5120M) 0,500ms
[79,000s][info][gc] GC(91) Pause Cleanup 4116M->4116M(5120M) 0,109ms
[79,013s][info][gc] GC(91) Concurrent Mark Cycle 18,797ms
[79,091s][info][gc] GC(92) Pause Young (Concurrent Start) (G1 Humongous Allocation) 4124M->4108M(5120M) 1,313ms
[79,091s][info][gc] GC(93) Concurrent Mark Cycle
[79,095s][info][gc] GC(93) Pause Remark 4112M->4112M(5120M) 1,133ms
[79,098s][info][gc] GC(93) Pause Cleanup 4112M->4112M(5120M) 0,209ms
[79,102s][info][gc] GC(93) Concurrent Mark Cycle 10,634ms
[79,129s][info][gc] GC(94) Pause Young (Concurrent Start) (G1 Humongous Allocation) 4114M->4108M(5120M) 1,090ms
[79,129s][info][gc] GC(95) Concurrent Mark Cycle
[79,135s][info][gc] GC(95) Pause Remark 4112M->4112M(5120M) 1,117ms
[79,138s][info][gc] GC(95) Pause Cleanup 4112M->4112M(5120M) 0,204ms
[79,142s][info][gc] GC(95) Concurrent Mark Cycle 13,622ms
[79,192s][info][gc] GC(96) Pause Young (Concurrent Start) (G1 Humongous Allocation) 4116M->4108M(5120M) 1,235ms
[79,192s][info][gc] GC(97) Concurrent Mark Cycle
[79,196s][info][gc] GC(97) Pause Remark 4112M->4112M(5120M) 0,913ms
[79,199s][info][gc] GC(97) Pause Cleanup 4112M->4112M(5120M) 0,226ms
[79,202s][info][gc] GC(97) Concurrent Mark Cycle 10,305ms
[79,220s][info][gc] GC(98) Pause Young (Concurrent Start) (G1 Humongous Allocation) 4114M->4108M(5120M) 1,243ms
[79,220s][info][gc] GC(99) Concurrent Mark Cycle
[79,224s][info][gc] GC(99) Pause Remark 4112M->4112M(5120M) 0,708ms
[79,229s][info][gc] GC(99) Pause Cleanup 4118M->4118M(5120M) 0,211ms
[79,234s][info][gc] GC(99) Concurrent Mark Cycle 14,423ms
[79,470s][info][gc] GC(100) Pause Young (Concurrent Start) (G1 Humongous Allocation) 4123M->4108M(5120M) 1,067ms
[79,470s][info][gc] GC(101) Concurrent Mark Cycle
[79,474s][info][gc] GC(101) Pause Remark 4116M->4116M(5120M) 0,968ms
[79,477s][info][gc] GC(101) Pause Cleanup 4116M->4116M(5120M) 0,136ms
[79,481s][info][gc] GC(101) Concurrent Mark Cycle 10,837ms
[79,492s][info][gc] GC(102) Pause Young (Concurrent Start) (G1 Humongous Allocation) 4118M->4108M(5120M) 4,432ms
[79,492s][info][gc] GC(103) Concurrent Mark Cycle
[79,495s][info][gc] GC(103) Pause Remark 4116M->4116M(5120M) 0,548ms
[79,498s][info][gc] GC(103) Pause Cleanup 4116M->4116M(5120M) 0,153ms
[79,502s][info][gc] GC(103) Concurrent Mark Cycle 10,078ms
[79,575s][info][gc] GC(104) Pause Young (Concurrent Start) (G1 Humongous Allocation) 4125M->4108M(5120M) 0,977ms
[79,575s][info][gc] GC(105) Concurrent Mark Cycle
[79,579s][info][gc] GC(105) Pause Remark 4116M->4116M(5120M) 0,705ms
[79,582s][info][gc] GC(105) Pause Cleanup 4116M->4116M(5120M) 0,165ms
[79,586s][info][gc] GC(105) Concurrent Mark Cycle 10,432ms
[79,655s][info][gc] GC(106) Pause Young (Concurrent Start) (G1 Humongous Allocation) 4120M->4108M(5120M) 1,322ms
[79,655s][info][gc] GC(107) Concurrent Mark Cycle
[79,659s][info][gc] GC(107) Pause Remark 4116M->4116M(5120M) 1,147ms
[79,662s][info][gc] GC(107) Pause Cleanup 4116M->4116M(5120M) 0,150ms
[79,666s][info][gc] GC(107) Concurrent Mark Cycle 11,126ms
[79,754s][info][gc] GC(108) Pause Young (Concurrent Start) (G1 Humongous Allocation) 4124M->4108M(5120M) 0,941ms
[79,754s][info][gc] GC(109) Concurrent Mark Cycle
[79,758s][info][gc] GC(109) Pause Remark 4112M->4112M(5120M) 1,370ms
[79,761s][info][gc] GC(109) Pause Cleanup 4112M->4112M(5120M) 0,239ms
[79,766s][info][gc] GC(109) Concurrent Mark Cycle 12,188ms
[79,792s][info][gc] GC(110) Pause Young (Concurrent Start) (G1 Humongous Allocation) 4114M->4108M(5120M) 1,416ms
[79,793s][info][gc] GC(111) Concurrent Mark Cycle
[79,796s][info][gc] GC(111) Pause Remark 4112M->4112M(5120M) 0,804ms
[79,799s][info][gc] GC(111) Pause Cleanup 4112M->4112M(5120M) 0,198ms
[79,804s][info][gc] GC(111) Concurrent Mark Cycle 11,078ms
[79,859s][info][gc] GC(112) Pause Young (Concurrent Start) (G1 Humongous Allocation) 4116M->4108M(5120M) 1,293ms
[79,859s][info][gc] GC(113) Concurrent Mark Cycle
[79,864s][info][gc] GC(113) Pause Remark 4112M->4112M(5120M) 1,126ms
[79,866s][info][gc] GC(113) Pause Cleanup 4112M->4112M(5120M) 0,172ms
[79,881s][info][gc] GC(113) Concurrent Mark Cycle 21,446ms
[79,899s][info][gc] GC(114) Pause Young (Concurrent Start) (G1 Humongous Allocation) 4114M->4108M(5120M) 5,506ms
[79,900s][info][gc] GC(115) Concurrent Mark Cycle
[79,904s][info][gc] GC(115) Pause Remark 4112M->4112M(5120M) 1,109ms
[79,906s][info][gc] GC(115) Pause Cleanup 4112M->4112M(5120M) 0,122ms
[79,910s][info][gc] GC(115) Concurrent Mark Cycle 10,695ms
[79,942s][info][gc] GC(116) Pause Young (Concurrent Start) (G1 Humongous Allocation) 4114M->4108M(5120M) 1,065ms
[79,942s][info][gc] GC(117) Concurrent Mark Cycle
[79,945s][info][gc] GC(117) Pause Remark 4116M->4116M(5120M) 0,459ms
[79,948s][info][gc] GC(117) Pause Cleanup 4116M->4116M(5120M) 0,105ms
[79,958s][info][gc] GC(117) Concurrent Mark Cycle 15,909ms
[80,040s][info][gc] GC(118) Pause Young (Concurrent Start) (G1 Humongous Allocation) 4123M->4108M(5120M) 1,048ms
[80,040s][info][gc] GC(119) Concurrent Mark Cycle
[80,044s][info][gc] GC(119) Pause Remark 4112M->4112M(5120M) 0,665ms
[80,046s][info][gc] GC(119) Pause Cleanup 4112M->4112M(5120M) 0,172ms
[80,050s][info][gc] GC(119) Concurrent Mark Cycle 10,072ms
[80,077s][info][gc] GC(120) Pause Young (Concurrent Start) (G1 Humongous Allocation) 4114M->4108M(5120M) 1,322ms
[80,077s][info][gc] GC(121) Concurrent Mark Cycle
[80,081s][info][gc] GC(121) Pause Remark 4112M->4112M(5120M) 0,718ms
[80,084s][info][gc] GC(121) Pause Cleanup 4112M->4112M(5120M) 0,231ms
[80,088s][info][gc] GC(121) Concurrent Mark Cycle 10,531ms
[80,139s][info][gc] GC(122) Pause Young (Concurrent Start) (G1 Humongous Allocation) 4116M->4108M(5120M) 1,621ms
[80,140s][info][gc] GC(123) Concurrent Mark Cycle
[80,143s][info][gc] GC(123) Pause Remark 4112M->4112M(5120M) 0,658ms
[80,146s][info][gc] GC(123) Pause Cleanup 4112M->4112M(5120M) 0,184ms
[80,150s][info][gc] GC(123) Concurrent Mark Cycle 10,299ms
[80,174s][info][gc] GC(124) Pause Young (Concurrent Start) (G1 Humongous Allocation) 4114M->4108M(5120M) 0,788ms
[80,174s][info][gc] GC(125) Concurrent Mark Cycle
[80,181s][info][gc] GC(125) Pause Remark 4112M->4112M(5120M) 0,564ms
[80,184s][info][gc] GC(125) Pause Cleanup 4112M->4112M(5120M) 0,136ms
[80,188s][info][gc] GC(125) Concurrent Mark Cycle 13,964ms
[80,282s][info][gc] GC(126) Pause Young (Concurrent Start) (G1 Humongous Allocation) 4114M->4108M(5120M) 1,040ms
[80,282s][info][gc] GC(127) Concurrent Mark Cycle
[80,286s][info][gc] GC(127) Pause Remark 4116M->4116M(5120M) 0,897ms
[80,289s][info][gc] GC(127) Pause Cleanup 4116M->4116M(5120M) 0,124ms
[80,294s][info][gc] GC(127) Concurrent Mark Cycle 12,092ms
[80,376s][info][gc] GC(128) Pause Young (Concurrent Start) (G1 Humongous Allocation) 4124M->4108M(5120M) 0,922ms
[80,376s][info][gc] GC(129) Concurrent Mark Cycle
[80,380s][info][gc] GC(129) Pause Remark 4112M->4112M(5120M) 0,570ms
[80,382s][info][gc] GC(129) Pause Cleanup 4112M->4112M(5120M) 0,186ms
[80,386s][info][gc] GC(129) Concurrent Mark Cycle 10,138ms
[80,413s][info][gc] GC(130) Pause Young (Concurrent Start) (G1 Humongous Allocation) 4114M->4108M(5120M) 1,274ms
[80,413s][info][gc] GC(131) Concurrent Mark Cycle
[80,417s][info][gc] GC(131) Pause Remark 4112M->4112M(5120M) 1,469ms
[80,420s][info][gc] GC(131) Pause Cleanup 4112M->4112M(5120M) 0,164ms
[80,424s][info][gc] GC(131) Concurrent Mark Cycle 11,262ms
[80,484s][info][gc] GC(132) Pause Young (Concurrent Start) (G1 Humongous Allocation) 4116M->4108M(5120M) 4,414ms
[80,484s][info][gc] GC(133) Concurrent Mark Cycle
[80,489s][info][gc] GC(133) Pause Remark 4112M->4112M(5120M) 0,962ms
[80,498s][info][gc] GC(133) Pause Cleanup 4112M->4112M(5120M) 0,139ms
[80,509s][info][gc] GC(133) Concurrent Mark Cycle 24,409ms
[80,536s][info][gc] GC(134) Pause Young (Concurrent Start) (G1 Humongous Allocation) 4114M->4108M(5120M) 0,927ms
[80,536s][info][gc] GC(135) Concurrent Mark Cycle
[80,541s][info][gc] GC(135) Pause Remark 4112M->4112M(5120M) 0,540ms
[80,544s][info][gc] GC(135) Pause Cleanup 4112M->4112M(5120M) 0,134ms
[80,551s][info][gc] GC(135) Concurrent Mark Cycle 14,938ms
[80,627s][info][gc] GC(136) Pause Young (Concurrent Start) (G1 Humongous Allocation) 4116M->4108M(5120M) 1,656ms
[80,627s][info][gc] GC(137) Concurrent Mark Cycle
[80,631s][info][gc] GC(137) Pause Remark 4112M->4112M(5120M) 0,599ms
[80,633s][info][gc] GC(137) Pause Cleanup 4112M->4112M(5120M) 0,128ms
[80,639s][info][gc] GC(137) Concurrent Mark Cycle 11,509ms
[80,664s][info][gc] GC(138) Pause Young (Concurrent Start) (G1 Humongous Allocation) 4114M->4108M(5120M) 0,999ms
[80,664s][info][gc] GC(139) Concurrent Mark Cycle
[80,669s][info][gc] GC(139) Pause Remark 4112M->4112M(5120M) 1,081ms
[80,672s][info][gc] GC(139) Pause Cleanup 4112M->4112M(5120M) 0,202ms
[80,677s][info][gc] GC(139) Concurrent Mark Cycle 12,655ms
[80,711s][info][gc] GC(140) Pause Young (Concurrent Start) (G1 Humongous Allocation) 4114M->4108M(5120M) 0,874ms
[80,711s][info][gc] GC(141) Concurrent Mark Cycle
[80,715s][info][gc] GC(141) Pause Remark 4112M->4112M(5120M) 0,833ms
[80,726s][info][gc] GC(141) Pause Cleanup 4112M->4112M(5120M) 0,156ms
[80,730s][info][gc] GC(141) Concurrent Mark Cycle 19,619ms
[80,741s][info][gc] GC(142) Pause Young (Concurrent Start) (G1 Humongous Allocation) 4114M->4108M(5120M) 0,543ms
[80,741s][info][gc] GC(143) Concurrent Mark Cycle
[80,746s][info][gc] GC(143) Pause Remark 4112M->4112M(5120M) 0,880ms
[80,751s][info][gc] GC(143) Pause Cleanup 4112M->4112M(5120M) 0,220ms
[80,757s][info][gc] GC(143) Concurrent Mark Cycle 15,104ms
[80,797s][info][gc] GC(144) Pause Young (Concurrent Start) (G1 Humongous Allocation) 4114M->4108M(5120M) 1,133ms
[80,797s][info][gc] GC(145) Concurrent Mark Cycle
[80,801s][info][gc] GC(145) Pause Remark 4112M->4112M(5120M) 0,554ms
[80,803s][info][gc] GC(145) Pause Cleanup 4112M->4112M(5120M) 0,172ms
[80,808s][info][gc] GC(145) Concurrent Mark Cycle 10,797ms
[80,866s][info][gc] GC(146) Pause Young (Concurrent Start) (G1 Humongous Allocation) 4115M->4108M(5120M) 0,944ms
[80,866s][info][gc] GC(147) Concurrent Mark Cycle
[80,870s][info][gc] GC(147) Pause Remark 4112M->4112M(5120M) 1,449ms
[80,879s][info][gc] GC(147) Pause Cleanup 4112M->4112M(5120M) 0,240ms
[80,883s][info][gc] GC(147) Concurrent Mark Cycle 17,429ms
[80,898s][info][gc] GC(148) Pause Young (Concurrent Start) (G1 Humongous Allocation) 4114M->4108M(5120M) 0,833ms
[80,898s][info][gc] GC(149) Concurrent Mark Cycle
[80,904s][info][gc] GC(149) Pause Remark 4112M->4112M(5120M) 1,177ms
[80,906s][info][gc] GC(149) Pause Cleanup 4112M->4112M(5120M) 0,111ms
[80,914s][info][gc] GC(149) Concurrent Mark Cycle 16,592ms
[80,953s][info][gc] GC(150) Pause Young (Concurrent Start) (G1 Humongous Allocation) 4114M->4108M(5120M) 1,831ms
[80,954s][info][gc] GC(151) Concurrent Mark Cycle
[80,957s][info][gc] GC(151) Pause Remark 4112M->4112M(5120M) 0,578ms
[80,960s][info][gc] GC(151) Pause Cleanup 4112M->4112M(5120M) 0,165ms
[80,965s][info][gc] GC(151) Concurrent Mark Cycle 11,588ms
[81,059s][info][gc] GC(152) Pause Young (Concurrent Start) (G1 Humongous Allocation) 4117M->4108M(5120M) 1,577ms
[81,059s][info][gc] GC(153) Concurrent Mark Cycle
[81,063s][info][gc] GC(153) Pause Remark 4112M->4112M(5120M) 0,992ms
[81,066s][info][gc] GC(153) Pause Cleanup 4112M->4112M(5120M) 0,226ms
[81,078s][info][gc] GC(153) Concurrent Mark Cycle 19,279ms
[81,097s][info][gc] GC(154) Pause Young (Concurrent Start) (G1 Humongous Allocation) 4114M->4108M(5120M) 3,207ms
[81,097s][info][gc] GC(155) Concurrent Mark Cycle
[81,101s][info][gc] GC(155) Pause Remark 4112M->4112M(5120M) 1,093ms
[81,104s][info][gc] GC(155) Pause Cleanup 4112M->4112M(5120M) 0,156ms
[81,108s][info][gc] GC(155) Concurrent Mark Cycle 11,349ms
[81,146s][info][gc] GC(156) Pause Young (Concurrent Start) (G1 Humongous Allocation) 4114M->4108M(5120M) 1,593ms
[81,146s][info][gc] GC(157) Concurrent Mark Cycle
[81,153s][info][gc] GC(157) Pause Remark 4112M->4112M(5120M) 0,718ms
[81,157s][info][gc] GC(157) Pause Cleanup 4112M->4112M(5120M) 0,135ms
[81,161s][info][gc] GC(157) Concurrent Mark Cycle 15,500ms
[81,176s][info][gc] GC(158) Pause Young (Concurrent Start) (G1 Humongous Allocation) 4114M->4108M(5120M) 0,809ms
[81,176s][info][gc] GC(159) Concurrent Mark Cycle
[81,181s][info][gc] GC(159) Pause Remark 4112M->4112M(5120M) 0,961ms
[81,186s][info][gc] GC(159) Pause Cleanup 4112M->4112M(5120M) 0,158ms
[81,191s][info][gc] GC(159) Concurrent Mark Cycle 14,253ms
[81,230s][info][gc] GC(160) Pause Young (Concurrent Start) (G1 Humongous Allocation) 4114M->4108M(5120M) 1,119ms
[81,230s][info][gc] GC(161) Concurrent Mark Cycle
[81,234s][info][gc] GC(161) Pause Remark 4112M->4112M(5120M) 0,611ms
[81,237s][info][gc] GC(161) Pause Cleanup 4112M->4112M(5120M) 0,153ms
[81,245s][info][gc] GC(161) Concurrent Mark Cycle 14,364ms
[81,304s][info][gc] GC(162) Pause Young (Concurrent Start) (G1 Humongous Allocation) 4115M->4108M(5120M) 0,634ms
[81,304s][info][gc] GC(163) Concurrent Mark Cycle
[81,308s][info][gc] GC(163) Pause Remark 4112M->4112M(5120M) 0,463ms
[81,311s][info][gc] GC(163) Pause Cleanup 4112M->4112M(5120M) 0,130ms
[81,319s][info][gc] GC(163) Concurrent Mark Cycle 15,070ms
[81,335s][info][gc] GC(164) Pause Young (Concurrent Start) (G1 Humongous Allocation) 4114M->4108M(5120M) 1,207ms
[81,335s][info][gc] GC(165) Concurrent Mark Cycle
[81,340s][info][gc] GC(165) Pause Remark 4112M->4112M(5120M) 0,965ms
[81,342s][info][gc] GC(165) Pause Cleanup 4112M->4112M(5120M) 0,246ms
[81,347s][info][gc] GC(165) Concurrent Mark Cycle 11,178ms
[81,391s][info][gc] GC(166) Pause Young (Concurrent Start) (G1 Humongous Allocation) 4114M->4108M(5120M) 0,995ms
[81,391s][info][gc] GC(167) Concurrent Mark Cycle
[81,398s][info][gc] GC(167) Pause Remark 4112M->4112M(5120M) 4,450ms
[81,401s][info][gc] GC(167) Pause Cleanup 4112M->4112M(5120M) 0,120ms
[81,409s][info][gc] GC(167) Concurrent Mark Cycle 18,358ms
[81,560s][info][gc] GC(168) Pause Young (Concurrent Start) (G1 Humongous Allocation) 4114M->4108M(5120M) 0,935ms
[81,560s][info][gc] GC(169) Concurrent Mark Cycle
[81,564s][info][gc] GC(169) Pause Remark 4116M->4116M(5120M) 0,939ms
[81,566s][info][gc] GC(169) Pause Cleanup 4116M->4116M(5120M) 0,107ms
[81,572s][info][gc] GC(169) Concurrent Mark Cycle 11,742ms
[81,668s][info][gc] GC(170) Pause Young (Concurrent Start) (G1 Humongous Allocation) 4123M->4108M(5120M) 1,025ms
[81,668s][info][gc] GC(171) Concurrent Mark Cycle
[81,672s][info][gc] GC(171) Pause Remark 4112M->4112M(5120M) 1,011ms
[81,675s][info][gc] GC(171) Pause Cleanup 4112M->4112M(5120M) 0,125ms
[81,679s][info][gc] GC(171) Concurrent Mark Cycle 10,602ms
[81,712s][info][gc] GC(172) Pause Young (Concurrent Start) (G1 Humongous Allocation) 4114M->4108M(5120M) 1,306ms
[81,712s][info][gc] GC(173) Concurrent Mark Cycle
[81,716s][info][gc] GC(173) Pause Remark 4112M->4112M(5120M) 1,122ms
[81,719s][info][gc] GC(173) Pause Cleanup 4112M->4112M(5120M) 0,152ms
[81,724s][info][gc] GC(173) Concurrent Mark Cycle 11,609ms
[81,776s][info][gc] GC(174) Pause Young (Concurrent Start) (G1 Humongous Allocation) 4116M->4108M(5120M) 0,542ms
[81,776s][info][gc] GC(175) Concurrent Mark Cycle
[81,780s][info][gc] GC(175) Pause Remark 4112M->4112M(5120M) 0,729ms
[81,783s][info][gc] GC(175) Pause Cleanup 4112M->4112M(5120M) 0,121ms
[81,797s][info][gc] GC(175) Concurrent Mark Cycle 20,545ms
[81,811s][info][gc] GC(176) Pause Young (Concurrent Start) (G1 Humongous Allocation) 4114M->4108M(5120M) 1,025ms
[81,812s][info][gc] GC(177) Concurrent Mark Cycle
[81,820s][info][gc] GC(177) Pause Remark 4112M->4112M(5120M) 5,170ms
[81,826s][info][gc] GC(177) Pause Cleanup 4112M->4112M(5120M) 0,195ms
[81,833s][info][gc] GC(177) Concurrent Mark Cycle 21,879ms
[81,903s][info][gc] GC(178) Pause Young (Concurrent Start) (G1 Humongous Allocation) 4116M->4108M(5120M) 1,046ms
[81,903s][info][gc] GC(179) Concurrent Mark Cycle
[81,908s][info][gc] GC(179) Pause Remark 4112M->4112M(5120M) 1,237ms
[81,911s][info][gc] GC(179) Pause Cleanup 4112M->4112M(5120M) 0,134ms
[81,915s][info][gc] GC(179) Concurrent Mark Cycle 11,885ms
[81,940s][info][gc] GC(180) Pause Young (Concurrent Start) (G1 Humongous Allocation) 4114M->4108M(5120M) 1,038ms
[81,940s][info][gc] GC(181) Concurrent Mark Cycle
[81,945s][info][gc] GC(181) Pause Remark 4112M->4112M(5120M) 1,120ms
[81,947s][info][gc] GC(181) Pause Cleanup 4112M->4112M(5120M) 0,202ms
[81,951s][info][gc] GC(181) Concurrent Mark Cycle 11,036ms
[81,987s][info][gc] GC(182) Pause Young (Concurrent Start) (G1 Humongous Allocation) 4114M->4108M(5120M) 1,434ms
[81,988s][info][gc] GC(183) Concurrent Mark Cycle
[81,991s][info][gc] GC(183) Pause Remark 4112M->4112M(5120M) 0,672ms
[81,997s][info][gc] GC(183) Pause Cleanup 4112M->4112M(5120M) 0,198ms
[82,002s][info][gc] GC(183) Concurrent Mark Cycle 14,479ms
[82,019s][info][gc] GC(184) Pause Young (Concurrent Start) (G1 Humongous Allocation) 4114M->4108M(5120M) 0,874ms
[82,019s][info][gc] GC(185) Concurrent Mark Cycle
[82,023s][info][gc] GC(185) Pause Remark 4112M->4112M(5120M) 0,457ms
[82,028s][info][gc] GC(185) Pause Cleanup 4112M->4112M(5120M) 0,146ms
[82,032s][info][gc] GC(185) Concurrent Mark Cycle 12,931ms
[82,074s][info][gc] GC(186) Pause Young (Concurrent Start) (G1 Humongous Allocation) 4114M->4108M(5120M) 1,129ms
[82,074s][info][gc] GC(187) Concurrent Mark Cycle
[82,079s][info][gc] GC(187) Pause Remark 4112M->4112M(5120M) 1,355ms
[82,081s][info][gc] GC(187) Pause Cleanup 4112M->4112M(5120M) 0,234ms
[82,085s][info][gc] GC(187) Concurrent Mark Cycle 11,672ms
[82,141s][info][gc] GC(188) Pause Young (Concurrent Start) (G1 Humongous Allocation) 4115M->4108M(5120M) 1,042ms
[82,141s][info][gc] GC(189) Concurrent Mark Cycle
[82,146s][info][gc] GC(189) Pause Remark 4112M->4112M(5120M) 1,310ms
[82,152s][info][gc] GC(189) Pause Cleanup 4112M->4112M(5120M) 0,170ms
[82,156s][info][gc] GC(189) Concurrent Mark Cycle 15,064ms
[82,174s][info][gc] GC(190) Pause Young (Concurrent Start) (G1 Humongous Allocation) 4114M->4108M(5120M) 1,089ms
[82,174s][info][gc] GC(191) Concurrent Mark Cycle
[82,178s][info][gc] GC(191) Pause Remark 4112M->4112M(5120M) 0,444ms
[82,182s][info][gc] GC(191) Pause Cleanup 4112M->4112M(5120M) 0,178ms
[82,187s][info][gc] GC(191) Concurrent Mark Cycle 12,809ms
[82,227s][info][gc] GC(192) Pause Young (Concurrent Start) (G1 Humongous Allocation) 4114M->4108M(5120M) 0,984ms
[82,227s][info][gc] GC(193) Concurrent Mark Cycle
[82,231s][info][gc] GC(193) Pause Remark 4112M->4112M(5120M) 0,558ms
[82,233s][info][gc] GC(193) Pause Cleanup 4112M->4112M(5120M) 0,173ms
[82,237s][info][gc] GC(193) Concurrent Mark Cycle 10,341ms
[82,347s][info][gc] GC(194) Pause Young (Concurrent Start) (G1 Humongous Allocation) 4117M->4108M(5120M) 0,944ms
[82,347s][info][gc] GC(195) Concurrent Mark Cycle
[82,351s][info][gc] GC(195) Pause Remark 4112M->4112M(5120M) 0,990ms
[82,355s][info][gc] GC(195) Pause Cleanup 4112M->4112M(5120M) 0,190ms
[82,359s][info][gc] GC(195) Concurrent Mark Cycle 11,903ms
[82,383s][info][gc] GC(196) Pause Young (Concurrent Start) (G1 Humongous Allocation) 4114M->4108M(5120M) 1,232ms
[82,383s][info][gc] GC(197) Concurrent Mark Cycle
[82,388s][info][gc] GC(197) Pause Remark 4112M->4112M(5120M) 1,082ms
[82,391s][info][gc] GC(197) Pause Cleanup 4112M->4112M(5120M) 0,114ms
[82,395s][info][gc] GC(197) Concurrent Mark Cycle 11,686ms
[82,432s][info][gc] GC(198) Pause Young (Concurrent Start) (G1 Humongous Allocation) 4114M->4108M(5120M) 0,723ms
[82,432s][info][gc] GC(199) Concurrent Mark Cycle
[82,436s][info][gc] GC(199) Pause Remark 4112M->4112M(5120M) 1,127ms
[82,445s][info][gc] GC(199) Pause Cleanup 4112M->4112M(5120M) 0,221ms
[82,449s][info][gc] GC(199) Concurrent Mark Cycle 16,632ms
[82,514s][info][gc] GC(200) Pause Young (Concurrent Start) (G1 Humongous Allocation) 4119M->4108M(5120M) 1,021ms
[82,515s][info][gc] GC(201) Concurrent Mark Cycle
[82,519s][info][gc] GC(201) Pause Remark 4112M->4112M(5120M) 1,063ms
[82,522s][info][gc] GC(201) Pause Cleanup 4112M->4112M(5120M) 0,181ms
[82,526s][info][gc] GC(201) Concurrent Mark Cycle 11,287ms
[82,587s][info][gc] GC(202) Pause Young (Concurrent Start) (G1 Humongous Allocation) 4115M->4108M(5120M) 1,076ms
[82,587s][info][gc] GC(203) Concurrent Mark Cycle
[82,592s][info][gc] GC(203) Pause Remark 4112M->4112M(5120M) 1,320ms
[82,594s][info][gc] GC(203) Pause Cleanup 4112M->4112M(5120M) 0,209ms
[82,599s][info][gc] GC(203) Concurrent Mark Cycle 11,806ms
[82,619s][info][gc] GC(204) Pause Young (Concurrent Start) (G1 Humongous Allocation) 4114M->4108M(5120M) 0,812ms
[82,619s][info][gc] GC(205) Concurrent Mark Cycle
[82,623s][info][gc] GC(205) Pause Remark 4112M->4112M(5120M) 0,573ms
[82,626s][info][gc] GC(205) Pause Cleanup 4112M->4112M(5120M) 0,119ms
[82,630s][info][gc] GC(205) Concurrent Mark Cycle 10,731ms
[82,673s][info][gc] GC(206) Pause Young (Concurrent Start) (G1 Humongous Allocation) 4114M->4108M(5120M) 0,942ms
[82,674s][info][gc] GC(207) Concurrent Mark Cycle
[82,680s][info][gc] GC(207) Pause Remark 4112M->4112M(5120M) 1,272ms
[82,683s][info][gc] GC(207) Pause Cleanup 4112M->4112M(5120M) 0,243ms
[82,688s][info][gc] GC(207) Concurrent Mark Cycle 14,271ms
[83,026s][info][gc] GC(208) Pause Young (Concurrent Start) (G1 Humongous Allocation) 4116M->4108M(5120M) 1,041ms
[83,026s][info][gc] GC(209) Concurrent Mark Cycle
[83,031s][info][gc] GC(209) Pause Remark 4116M->4116M(5120M) 1,137ms
[83,033s][info][gc] GC(209) Pause Cleanup 4116M->4116M(5120M) 0,197ms
[83,038s][info][gc] GC(209) Concurrent Mark Cycle 11,884ms
[83,124s][info][gc] GC(210) Pause Young (Concurrent Start) (G1 Humongous Allocation) 4124M->4108M(5120M) 0,917ms
[83,124s][info][gc] GC(211) Concurrent Mark Cycle
[83,128s][info][gc] GC(211) Pause Remark 4116M->4116M(5120M) 0,991ms
[83,131s][info][gc] GC(211) Pause Cleanup 4116M->4116M(5120M) 0,163ms
[83,135s][info][gc] GC(211) Concurrent Mark Cycle 10,532ms
[83,203s][info][gc] GC(212) Pause Young (Concurrent Start) (G1 Humongous Allocation) 4120M->4108M(5120M) 2,110ms
[83,203s][info][gc] GC(213) Concurrent Mark Cycle
[83,208s][info][gc] GC(213) Pause Remark 4116M->4116M(5120M) 1,091ms
[83,210s][info][gc] GC(213) Pause Cleanup 4116M->4116M(5120M) 0,174ms
[83,215s][info][gc] GC(213) Concurrent Mark Cycle 11,165ms
[83,274s][info][gc] GC(214) Pause Young (Concurrent Start) (G1 Humongous Allocation) 4121M->4108M(5120M) 0,817ms
[83,274s][info][gc] GC(215) Concurrent Mark Cycle
[83,278s][info][gc] GC(215) Pause Remark 4112M->4112M(5120M) 0,750ms
[83,280s][info][gc] GC(215) Pause Cleanup 4112M->4112M(5120M) 0,169ms
[83,286s][info][gc] GC(215) Concurrent Mark Cycle 12,279ms
[83,303s][info][gc] GC(216) Pause Young (Concurrent Start) (G1 Humongous Allocation) 4118M->4108M(5120M) 1,520ms
[83,304s][info][gc] GC(217) Concurrent Mark Cycle
[83,316s][info][gc] GC(217) Pause Remark 4112M->4112M(5120M) 0,585ms
[83,319s][info][gc] GC(217) Pause Cleanup 4112M->4112M(5120M) 0,167ms
[83,323s][info][gc] GC(217) Concurrent Mark Cycle 19,305ms
[83,340s][info][gc] GC(218) Pause Young (Concurrent Start) (G1 Humongous Allocation) 4114M->4108M(5120M) 1,160ms
[83,340s][info][gc] GC(219) Concurrent Mark Cycle
[83,345s][info][gc] GC(219) Pause Remark 4112M->4112M(5120M) 0,932ms
[83,347s][info][gc] GC(219) Pause Cleanup 4112M->4112M(5120M) 0,133ms
[83,351s][info][gc] GC(219) Concurrent Mark Cycle 10,727ms
[83,406s][info][gc] GC(220) Pause Young (Concurrent Start) (G1 Humongous Allocation) 4116M->4108M(5120M) 0,936ms
[83,407s][info][gc] GC(221) Concurrent Mark Cycle
[83,410s][info][gc] GC(221) Pause Remark 4112M->4112M(5120M) 0,699ms
[83,413s][info][gc] GC(221) Pause Cleanup 4112M->4112M(5120M) 0,243ms
[83,417s][info][gc] GC(221) Concurrent Mark Cycle 10,530ms
[83,441s][info][gc] GC(222) Pause Young (Concurrent Start) (G1 Humongous Allocation) 4114M->4108M(5120M) 1,210ms
[83,442s][info][gc] GC(223) Concurrent Mark Cycle
[83,447s][info][gc] GC(223) Pause Remark 4112M->4112M(5120M) 1,283ms
[83,449s][info][gc] GC(223) Pause Cleanup 4112M->4112M(5120M) 0,165ms
[83,454s][info][gc] GC(223) Concurrent Mark Cycle 11,993ms
[83,484s][info][gc] GC(224) Pause Young (Concurrent Start) (G1 Humongous Allocation) 4114M->4108M(5120M) 0,509ms
[83,484s][info][gc] GC(225) Concurrent Mark Cycle
[83,488s][info][gc] GC(225) Pause Remark 4116M->4116M(5120M) 0,444ms
[83,491s][info][gc] GC(225) Pause Cleanup 4116M->4116M(5120M) 0,139ms
[83,495s][info][gc] GC(225) Concurrent Mark Cycle 10,458ms
[83,578s][info][gc] GC(226) Pause Young (Concurrent Start) (G1 Humongous Allocation) 4124M->4108M(5120M) 1,132ms
[83,578s][info][gc] GC(227) Concurrent Mark Cycle
[83,582s][info][gc] GC(227) Pause Remark 4112M->4112M(5120M) 1,153ms
[83,585s][info][gc] GC(227) Pause Cleanup 4112M->4112M(5120M) 0,188ms
[83,591s][info][gc] GC(227) Concurrent Mark Cycle 12,690ms
[83,615s][info][gc] GC(228) Pause Young (Concurrent Start) (G1 Humongous Allocation) 4114M->4108M(5120M) 0,912ms
[83,615s][info][gc] GC(229) Concurrent Mark Cycle
[83,619s][info][gc] GC(229) Pause Remark 4112M->4112M(5120M) 0,553ms
[83,623s][info][gc] GC(229) Pause Cleanup 4112M->4112M(5120M) 0,182ms
[83,627s][info][gc] GC(229) Concurrent Mark Cycle 11,802ms
[83,677s][info][gc] GC(230) Pause Young (Concurrent Start) (G1 Humongous Allocation) 4116M->4108M(5120M) 1,088ms
[83,678s][info][gc] GC(231) Concurrent Mark Cycle
[83,681s][info][gc] GC(231) Pause Remark 4112M->4112M(5120M) 0,645ms
[83,684s][info][gc] GC(231) Pause Cleanup 4112M->4112M(5120M) 0,283ms
[83,690s][info][gc] GC(231) Concurrent Mark Cycle 12,164ms
[83,705s][info][gc] GC(232) Pause Young (Concurrent Start) (G1 Humongous Allocation) 4114M->4108M(5120M) 1,387ms
[83,705s][info][gc] GC(233) Concurrent Mark Cycle
[83,714s][info][gc] GC(233) Pause Remark 4114M->4114M(5120M) 0,967ms
[83,716s][info][gc] GC(233) Pause Cleanup 4118M->4118M(5120M) 0,112ms
[83,721s][info][gc] GC(233) Concurrent Mark Cycle 15,922ms
[83,824s][info][gc] GC(234) Pause Young (Concurrent Start) (G1 Humongous Allocation) 4122M->4108M(5120M) 0,863ms
[83,824s][info][gc] GC(235) Concurrent Mark Cycle
[83,829s][info][gc] GC(235) Pause Remark 4116M->4116M(5120M) 1,247ms
[83,846s][info][gc] GC(235) Pause Cleanup 4118M->4118M(5120M) 0,168ms
[83,851s][info][gc] GC(235) Concurrent Mark Cycle 27,720ms
[83,927s][info][gc] GC(236) Pause Young (Concurrent Start) (G1 Humongous Allocation) 4124M->4108M(5120M) 0,831ms
[83,927s][info][gc] GC(237) Concurrent Mark Cycle
[83,931s][info][gc] GC(237) Pause Remark 4112M->4112M(5120M) 1,235ms
[83,934s][info][gc] GC(237) Pause Cleanup 4112M->4112M(5120M) 0,177ms
[83,938s][info][gc] GC(237) Concurrent Mark Cycle 10,981ms
[83,964s][info][gc] GC(238) Pause Young (Concurrent Start) (G1 Humongous Allocation) 4114M->4108M(5120M) 2,275ms
[83,964s][info][gc] GC(239) Concurrent Mark Cycle
[83,968s][info][gc] GC(239) Pause Remark 4112M->4112M(5120M) 0,610ms
[83,971s][info][gc] GC(239) Pause Cleanup 4112M->4112M(5120M) 0,131ms
[83,978s][info][gc] GC(239) Concurrent Mark Cycle 13,900ms
[84,031s][info][gc] GC(240) Pause Young (Concurrent Start) (G1 Humongous Allocation) 4116M->4108M(5120M) 0,946ms
[84,031s][info][gc] GC(241) Concurrent Mark Cycle
[84,036s][info][gc] GC(241) Pause Remark 4112M->4112M(5120M) 1,149ms
[84,039s][info][gc] GC(241) Pause Cleanup 4112M->4112M(5120M) 0,151ms
[84,044s][info][gc] GC(241) Concurrent Mark Cycle 12,388ms
[84,068s][info][gc] GC(242) Pause Young (Concurrent Start) (G1 Humongous Allocation) 4114M->4108M(5120M) 0,703ms
[84,069s][info][gc] GC(243) Concurrent Mark Cycle
[84,073s][info][gc] GC(243) Pause Remark 4112M->4112M(5120M) 1,283ms
[84,078s][info][gc] GC(243) Pause Cleanup 4112M->4112M(5120M) 0,195ms
[84,082s][info][gc] GC(243) Concurrent Mark Cycle 13,406ms
[84,157s][info][gc] GC(244) Pause Young (Concurrent Start) (G1 Humongous Allocation) 4116M->4108M(5120M) 1,139ms
[84,157s][info][gc] GC(245) Concurrent Mark Cycle
[84,161s][info][gc] GC(245) Pause Remark 4112M->4112M(5120M) 1,006ms
[84,164s][info][gc] GC(245) Pause Cleanup 4112M->4112M(5120M) 0,156ms
[84,168s][info][gc] GC(245) Concurrent Mark Cycle 10,608ms
[84,194s][info][gc] GC(246) Pause Young (Concurrent Start) (G1 Humongous Allocation) 4115M->4108M(5120M) 0,980ms
[84,194s][info][gc] GC(247) Concurrent Mark Cycle
[84,198s][info][gc] GC(247) Pause Remark 4112M->4112M(5120M) 0,756ms
[84,201s][info][gc] GC(247) Pause Cleanup 4112M->4112M(5120M) 0,207ms
[84,205s][info][gc] GC(247) Concurrent Mark Cycle 10,830ms
[84,242s][info][gc] GC(248) Pause Young (Concurrent Start) (G1 Humongous Allocation) 4118M->4108M(5120M) 0,659ms
[84,242s][info][gc] GC(249) Concurrent Mark Cycle
[84,250s][info][gc] GC(249) Pause Remark 4112M->4112M(5120M) 1,142ms
[84,253s][info][gc] GC(249) Pause Cleanup 4112M->4112M(5120M) 0,169ms
[84,258s][info][gc] GC(249) Concurrent Mark Cycle 16,247ms
[84,273s][info][gc] GC(250) Pause Young (Concurrent Start) (G1 Humongous Allocation) 4114M->4108M(5120M) 0,844ms
[84,273s][info][gc] GC(251) Concurrent Mark Cycle
[84,281s][info][gc] GC(251) Pause Remark 4112M->4112M(5120M) 3,911ms
[84,283s][info][gc] GC(251) Pause Cleanup 4112M->4112M(5120M) 0,105ms
[84,288s][info][gc] GC(251) Concurrent Mark Cycle 14,844ms
[84,334s][info][gc] GC(252) Pause Young (Concurrent Start) (G1 Humongous Allocation) 4114M->4108M(5120M) 1,684ms
[84,334s][info][gc] GC(253) Concurrent Mark Cycle
[84,340s][info][gc] GC(253) Pause Remark 4112M->4112M(5120M) 0,901ms
[84,348s][info][gc] GC(253) Pause Cleanup 4114M->4114M(5120M) 0,228ms
[84,351s][info][gc] GC(253) Concurrent Mark Cycle 17,520ms
[84,407s][info][gc] GC(254) Pause Young (Concurrent Start) (G1 Humongous Allocation) 4115M->4108M(5120M) 1,769ms
[84,407s][info][gc] GC(255) Concurrent Mark Cycle
[84,412s][info][gc] GC(255) Pause Remark 4112M->4112M(5120M) 1,098ms
[84,414s][info][gc] GC(255) Pause Cleanup 4112M->4112M(5120M) 0,249ms
[84,418s][info][gc] GC(255) Concurrent Mark Cycle 10,643ms
[84,438s][info][gc] GC(256) Pause Young (Concurrent Start) (G1 Humongous Allocation) 4114M->4108M(5120M) 0,839ms
[84,438s][info][gc] GC(257) Concurrent Mark Cycle
[84,448s][info][gc] GC(257) Pause Remark 4112M->4112M(5120M) 4,135ms
[84,451s][info][gc] GC(257) Pause Cleanup 4112M->4112M(5120M) 0,207ms
[84,456s][info][gc] GC(257) Concurrent Mark Cycle 17,324ms
[84,497s][info][gc] GC(258) Pause Young (Concurrent Start) (G1 Humongous Allocation) 4114M->4108M(5120M) 1,517ms
[84,497s][info][gc] GC(259) Concurrent Mark Cycle
[84,501s][info][gc] GC(259) Pause Remark 4112M->4112M(5120M) 0,530ms
[84,504s][info][gc] GC(259) Pause Cleanup 4112M->4112M(5120M) 0,122ms
[84,507s][info][gc] GC(259) Concurrent Mark Cycle 10,215ms
[84,611s][info][gc] GC(260) Pause Young (Concurrent Start) (G1 Humongous Allocation) 4117M->4108M(5120M) 1,516ms
[84,611s][info][gc] GC(261) Concurrent Mark Cycle
[84,615s][info][gc] GC(261) Pause Remark 4112M->4112M(5120M) 1,224ms
[84,618s][info][gc] GC(261) Pause Cleanup 4112M->4112M(5120M) 0,171ms
[84,624s][info][gc] GC(261) Concurrent Mark Cycle 12,530ms
[84,648s][info][gc] GC(262) Pause Young (Concurrent Start) (G1 Humongous Allocation) 4114M->4108M(5120M) 1,634ms
[84,648s][info][gc] GC(263) Concurrent Mark Cycle
[84,652s][info][gc] GC(263) Pause Remark 4112M->4112M(5120M) 0,470ms
[84,654s][info][gc] GC(263) Pause Cleanup 4112M->4112M(5120M) 0,136ms
[84,659s][info][gc] GC(263) Concurrent Mark Cycle 10,569ms
[84,694s][info][gc] GC(264) Pause Young (Concurrent Start) (G1 Humongous Allocation) 4114M->4108M(5120M) 0,971ms
[84,694s][info][gc] GC(265) Concurrent Mark Cycle
[84,698s][info][gc] GC(265) Pause Remark 4112M->4112M(5120M) 0,709ms
[84,707s][info][gc] GC(265) Pause Cleanup 4112M->4112M(5120M) 0,211ms
[84,710s][info][gc] GC(265) Concurrent Mark Cycle 15,970ms
[84,725s][info][gc] GC(266) Pause Young (Concurrent Start) (G1 Humongous Allocation) 4114M->4108M(5120M) 0,873ms
[84,725s][info][gc] GC(267) Concurrent Mark Cycle
[84,728s][info][gc] GC(267) Pause Remark 4112M->4112M(5120M) 0,415ms
[84,731s][info][gc] GC(267) Pause Cleanup 4112M->4112M(5120M) 0,113ms
[84,739s][info][gc] GC(267) Concurrent Mark Cycle 14,464ms
[84,779s][info][gc] GC(268) Pause Young (Concurrent Start) (G1 Humongous Allocation) 4114M->4108M(5120M) 1,388ms
[84,779s][info][gc] GC(269) Concurrent Mark Cycle
[84,783s][info][gc] GC(269) Pause Remark 4112M->4112M(5120M) 0,972ms
[84,786s][info][gc] GC(269) Pause Cleanup 4112M->4112M(5120M) 0,221ms
[84,791s][info][gc] GC(269) Concurrent Mark Cycle 11,927ms
[84,853s][info][gc] GC(270) Pause Young (Concurrent Start) (G1 Humongous Allocation) 4115M->4108M(5120M) 1,312ms
[84,854s][info][gc] GC(271) Concurrent Mark Cycle
[84,858s][info][gc] GC(271) Pause Remark 4112M->4112M(5120M) 1,084ms
[84,861s][info][gc] GC(271) Pause Cleanup 4112M->4112M(5120M) 0,164ms
[84,865s][info][gc] GC(271) Concurrent Mark Cycle 11,949ms
[84,937s][info][gc] GC(272) Pause Young (Concurrent Start) (G1 Humongous Allocation) 4118M->4108M(5120M) 1,028ms
[84,938s][info][gc] GC(273) Concurrent Mark Cycle
[84,942s][info][gc] GC(273) Pause Remark 4112M->4112M(5120M) 1,159ms
[84,945s][info][gc] GC(273) Pause Cleanup 4112M->4112M(5120M) 0,220ms
[84,950s][info][gc] GC(273) Concurrent Mark Cycle 12,163ms
[85,097s][info][gc] GC(274) Pause Young (Concurrent Start) (G1 Humongous Allocation) 4114M->4108M(5120M) 0,928ms
[85,097s][info][gc] GC(275) Concurrent Mark Cycle
[85,101s][info][gc] GC(275) Pause Remark 4116M->4116M(5120M) 0,972ms
[85,104s][info][gc] GC(275) Pause Cleanup 4116M->4116M(5120M) 0,249ms
[85,109s][info][gc] GC(275) Concurrent Mark Cycle 12,244ms
[85,193s][info][gc] GC(276) Pause Young (Concurrent Start) (G1 Humongous Allocation) 4124M->4108M(5120M) 0,683ms
[85,193s][info][gc] GC(277) Concurrent Mark Cycle
[85,197s][info][gc] GC(277) Pause Remark 4112M->4112M(5120M) 1,148ms
[85,200s][info][gc] GC(277) Pause Cleanup 4112M->4112M(5120M) 0,101ms
[85,206s][info][gc] GC(277) Concurrent Mark Cycle 12,493ms
[85,231s][info][gc] GC(278) Pause Young (Concurrent Start) (G1 Humongous Allocation) 4114M->4108M(5120M) 1,588ms
[85,231s][info][gc] GC(279) Concurrent Mark Cycle
[85,235s][info][gc] GC(279) Pause Remark 4112M->4112M(5120M) 0,945ms
[85,238s][info][gc] GC(279) Pause Cleanup 4112M->4112M(5120M) 0,170ms
[85,246s][info][gc] GC(279) Concurrent Mark Cycle 14,892ms
[85,293s][info][gc] GC(280) Pause Young (Concurrent Start) (G1 Humongous Allocation) 4116M->4108M(5120M) 1,373ms
[85,293s][info][gc] GC(281) Concurrent Mark Cycle
[85,297s][info][gc] GC(281) Pause Remark 4112M->4112M(5120M) 1,216ms
[85,300s][info][gc] GC(281) Pause Cleanup 4112M->4112M(5120M) 0,183ms
[85,310s][info][gc] GC(281) Concurrent Mark Cycle 17,388ms
[85,320s][info][gc] GC(282) Pause Young (Concurrent Start) (G1 Humongous Allocation) 4114M->4108M(5120M) 0,774ms
[85,320s][info][gc] GC(283) Concurrent Mark Cycle
[85,325s][info][gc] GC(283) Pause Remark 4112M->4112M(5120M) 0,595ms
[85,332s][info][gc] GC(283) Pause Cleanup 4118M->4118M(5120M) 0,275ms
[85,336s][info][gc] GC(283) Concurrent Mark Cycle 15,687ms
[85,418s][info][gc] GC(284) Pause Young (Concurrent Start) (G1 Humongous Allocation) 4124M->4108M(5120M) 1,480ms
[85,418s][info][gc] GC(285) Concurrent Mark Cycle
[85,423s][info][gc] GC(285) Pause Remark 4112M->4112M(5120M) 0,790ms
[85,425s][info][gc] GC(285) Pause Cleanup 4112M->4112M(5120M) 0,188ms
[85,430s][info][gc] GC(285) Concurrent Mark Cycle 11,793ms
[85,456s][info][gc] GC(286) Pause Young (Concurrent Start) (G1 Humongous Allocation) 4114M->4108M(5120M) 1,138ms
[85,456s][info][gc] GC(287) Concurrent Mark Cycle
[85,460s][info][gc] GC(287) Pause Remark 4112M->4112M(5120M) 0,921ms
[85,462s][info][gc] GC(287) Pause Cleanup 4112M->4112M(5120M) 0,129ms
[85,466s][info][gc] GC(287) Concurrent Mark Cycle 10,715ms
[85,502s][info][gc] GC(288) Pause Young (Concurrent Start) (G1 Humongous Allocation) 4114M->4108M(5120M) 1,338ms
[85,503s][info][gc] GC(289) Concurrent Mark Cycle
[85,508s][info][gc] GC(289) Pause Remark 4112M->4112M(5120M) 2,272ms
[85,512s][info][gc] GC(289) Pause Cleanup 4112M->4112M(5120M) 0,236ms
[85,516s][info][gc] GC(289) Concurrent Mark Cycle 13,281ms
[85,539s][info][gc] GC(290) Pause Young (Concurrent Start) (G1 Humongous Allocation) 4114M->4108M(5120M) 2,036ms
[85,540s][info][gc] GC(291) Concurrent Mark Cycle
[85,549s][info][gc] GC(291) Pause Remark 4112M->4112M(5120M) 1,308ms
[85,552s][info][gc] GC(291) Pause Cleanup 4112M->4112M(5120M) 0,139ms
[85,557s][info][gc] GC(291) Concurrent Mark Cycle 16,974ms
[85,598s][info][gc] GC(292) Pause Young (Concurrent Start) (G1 Humongous Allocation) 4114M->4108M(5120M) 1,242ms
[85,598s][info][gc] GC(293) Concurrent Mark Cycle
[85,612s][info][gc] GC(293) Pause Remark 4114M->4114M(5120M) 0,834ms
[85,615s][info][gc] GC(293) Pause Cleanup 4114M->4114M(5120M) 0,142ms
[85,619s][info][gc] GC(293) Concurrent Mark Cycle 20,548ms
[85,667s][info][gc] GC(294) Pause Young (Concurrent Start) (G1 Humongous Allocation) 4115M->4108M(5120M) 1,352ms
[85,667s][info][gc] GC(295) Concurrent Mark Cycle
[85,672s][info][gc] GC(295) Pause Remark 4112M->4112M(5120M) 0,953ms
[85,675s][info][gc] GC(295) Pause Cleanup 4112M->4112M(5120M) 0,225ms
[85,679s][info][gc] GC(295) Concurrent Mark Cycle 11,911ms
[85,699s][info][gc] GC(296) Pause Young (Concurrent Start) (G1 Humongous Allocation) 4114M->4108M(5120M) 0,537ms
[85,699s][info][gc] GC(297) Concurrent Mark Cycle
[85,703s][info][gc] GC(297) Pause Remark 4112M->4112M(5120M) 1,155ms
[85,706s][info][gc] GC(297) Pause Cleanup 4112M->4112M(5120M) 0,145ms
[85,710s][info][gc] GC(297) Concurrent Mark Cycle 10,914ms
[85,753s][info][gc] GC(298) Pause Young (Concurrent Start) (G1 Humongous Allocation) 4114M->4108M(5120M) 1,409ms
[85,754s][info][gc] GC(299) Concurrent Mark Cycle
[85,764s][info][gc] GC(299) Pause Remark 4112M->4112M(5120M) 0,823ms
[85,767s][info][gc] GC(299) Pause Cleanup 4114M->4114M(5120M) 0,194ms
[85,771s][info][gc] GC(299) Concurrent Mark Cycle 17,121ms
[85,875s][info][gc] GC(300) Pause Young (Concurrent Start) (G1 Humongous Allocation) 4117M->4108M(5120M) 1,134ms
[85,875s][info][gc] GC(301) Concurrent Mark Cycle
[85,879s][info][gc] GC(301) Pause Remark 4112M->4112M(5120M) 1,151ms
[85,882s][info][gc] GC(301) Pause Cleanup 4112M->4112M(5120M) 0,161ms
[85,886s][info][gc] GC(301) Concurrent Mark Cycle 11,396ms
[85,903s][info][gc] GC(302) Pause Young (Concurrent Start) (G1 Humongous Allocation) 4114M->4108M(5120M) 1,117ms
[85,903s][info][gc] GC(303) Concurrent Mark Cycle
[85,907s][info][gc] GC(303) Pause Remark 4112M->4112M(5120M) 0,912ms
[85,914s][info][gc] GC(303) Pause Cleanup 4118M->4118M(5120M) 0,172ms
[85,918s][info][gc] GC(303) Concurrent Mark Cycle 14,644ms
[85,958s][info][gc] GC(304) Pause Young (Concurrent Start) (G1 Humongous Allocation) 4122M->4108M(5120M) 1,236ms
[85,958s][info][gc] GC(305) Concurrent Mark Cycle
[85,962s][info][gc] GC(305) Pause Remark 4112M->4112M(5120M) 0,642ms
[85,968s][info][gc] GC(305) Pause Cleanup 4112M->4112M(5120M) 0,165ms
[85,973s][info][gc] GC(305) Concurrent Mark Cycle 14,615ms
[85,989s][info][gc] GC(306) Pause Young (Concurrent Start) (G1 Humongous Allocation) 4114M->4108M(5120M) 0,886ms
[85,989s][info][gc] GC(307) Concurrent Mark Cycle
[85,992s][info][gc] GC(307) Pause Remark 4112M->4112M(5120M) 0,409ms
[85,999s][info][gc] GC(307) Pause Cleanup 4112M->4112M(5120M) 0,247ms
[86,003s][info][gc] GC(307) Concurrent Mark Cycle 13,617ms
[86,044s][info][gc] GC(308) Pause Young (Concurrent Start) (G1 Humongous Allocation) 4114M->4108M(5120M) 0,882ms
[86,044s][info][gc] GC(309) Concurrent Mark Cycle
[86,048s][info][gc] GC(309) Pause Remark 4112M->4112M(5120M) 0,569ms
[86,050s][info][gc] GC(309) Pause Cleanup 4112M->4112M(5120M) 0,140ms
[86,055s][info][gc] GC(309) Concurrent Mark Cycle 10,363ms
[86,109s][info][gc] GC(310) Pause Young (Concurrent Start) (G1 Humongous Allocation) 4114M->4108M(5120M) 1,319ms
[86,109s][info][gc] GC(311) Concurrent Mark Cycle
[86,114s][info][gc] GC(311) Pause Remark 4112M->4112M(5120M) 1,049ms
[86,116s][info][gc] GC(311) Pause Cleanup 4112M->4112M(5120M) 0,218ms
[86,129s][info][gc] GC(311) Concurrent Mark Cycle 19,945ms
[86,152s][info][gc] GC(312) Pause Young (Concurrent Start) (G1 Humongous Allocation) 4120M->4108M(5120M) 4,977ms
[86,152s][info][gc] GC(313) Concurrent Mark Cycle
[86,157s][info][gc] GC(313) Pause Remark 4112M->4112M(5120M) 0,602ms
[86,159s][info][gc] GC(313) Pause Cleanup 4112M->4112M(5120M) 0,157ms
[86,163s][info][gc] GC(313) Concurrent Mark Cycle 11,050ms
Test[ALMOST_CONTIGUOUS | DPQS_2105| M=536870912] elapsed: 576.342053 ms ms, reference: 9587.377553999999 ms
Preparing Test[SORTED | DPQS_2105| M=536870912] --------------------------------------
[86,504s][info][gc] GC(314) Pause Young (Concurrent Start) (G1 Humongous Allocation) 4120M->4M(5120M) 1,549ms
[86,504s][info][gc] GC(315) Concurrent Undo Cycle
[86,510s][info][gc] GC(315) Concurrent Undo Cycle 6,036ms
[98,544s][info][gc] GC(316) Pause Young (Concurrent Start) (G1 Humongous Allocation) 2058M->2056M(5120M) 0,812ms
[98,544s][info][gc] GC(317) Concurrent Undo Cycle
[98,562s][info][gc] GC(317) Concurrent Undo Cycle 17,413ms
data[0 : 100]: [125, 966, 4598, 4628, 6868, 7985, 9734, 9994, 11397, 11447, 12372, 12645, 13292, 13881, 14226, 14883, 15599, 15867, 17453, 17623, 17780, 18195, 18269, 19380, 19525, 20077, 20961, 22334, 22786, 22858, 22917, 24446, 27465, 31333, 31530, 32418, 33781, 35228, 36072, 37239, 37895, 40479, 43961, 46574, 46801, 46879, 48288, 49179, 49943, 51941, 52058, 52196, 54256, 58455, 58696, 59197, 60868, 61080, 61126, 61415, 61491, 62582, 64000, 64124, 65920, 67210, 68562, 69162, 70775, 71255, 71326, 71482, 72497, 72555, 72624, 72760, 74588, 74851, 75020, 75900, 76430, 77717, 79138, 80447, 81527, 82256, 82511, 83069, 85310, 85999, 88024, 88186, 88749, 89507, 93307, 95909, 96843, 96914, 97065, 98639]
data[-100 : 0]: [27829401, 27832428, 27833373, 27833583, 27836409, 27839225, 27839317, 27839807, 27840705, 27841509, 27843940, 27845658, 27846061, 27847134, 27847344, 27848149, 27849443, 27849514, 27850955, 27853796, 27854958, 27855746, 27856676, 27858261, 27858832, 27859818, 27860219, 27860836, 27862498, 27865537, 27866368, 27871025, 27871183, 27873453, 27873632, 27874790, 27875970, 27877784, 27878505, 27878677, 27878754, 27881193, 27882248, 27882327, 27883884, 27888359, 27889089, 27891893, 27892601, 27892714, 27893906, 27894805, 27895035, 27895739, 27897595, 27898033, 27898348, 27898826, 27900287, 27900510, 27900593, 27900930, 27901872, 27902171, 27902608, 27903936, 27904868, 27904891, 27905778, 27906023, 27906695, 27914490, 27915162, 27915904, 27916426, 27917222, 27920576, 27920710, 27921332, 27922395, 27922405, 27923424, 27923618, 27924333, 27924341, 27924393, 27925219, 27926615, 27927275, 27929231, 27930169, 27933330, 27933528, 27934957, 27935399, 27937687, 27937841, 27937856, 27939478, 27945751]
Test[SORTED | DPQS_2105| M=536870912] ---------------------------------------------------------------------
[99,388s][info][gc] GC(318) Pause Young (Concurrent Start) (G1 Humongous Allocation) 4110M->4108M(5120M) 0,784ms
[99,388s][info][gc] GC(319) Concurrent Mark Cycle
[99,388s][info][gc] GC(320) Pause Young (Normal) (G1 Humongous Allocation) 4108M->4108M(5120M) 0,315ms
[99,397s][info][gc] GC(321) Pause Full (G1 Humongous Allocation) 4108M->4108M(5120M) 8,570ms
[99,407s][info][gc] GC(322) Pause Full (G1 Humongous Allocation) 4108M->4108M(5120M) 9,836ms
[99,407s][info][gc] GC(319) Concurrent Mark Cycle 19,113ms
[99,408s][info][gc] GC(323) Pause Young (Concurrent Start) (G1 Humongous Allocation) 4108M->4108M(5120M) 1,046ms
[99,408s][info][gc] GC(324) Concurrent Mark Cycle
[99,409s][info][gc] GC(325) Pause Young (Normal) (G1 Humongous Allocation) 4108M->4108M(5120M) 0,666ms
[99,421s][info][gc] GC(326) Pause Full (G1 Humongous Allocation) 4108M->4108M(5120M) 12,049ms
[99,430s][info][gc] GC(327) Pause Full (G1 Humongous Allocation) 4108M->4108M(5120M) 9,111ms
[99,431s][info][gc] GC(324) Concurrent Mark Cycle 22,222ms
[100,351s][info][gc] GC(328) Pause Young (Concurrent Start) (G1 Humongous Allocation) 4110M->4108M(5120M) 0,638ms
[100,351s][info][gc] GC(329) Concurrent Mark Cycle
[100,351s][info][gc] GC(330) Pause Young (Normal) (G1 Humongous Allocation) 4108M->4108M(5120M) 0,625ms
[100,360s][info][gc] GC(331) Pause Full (G1 Humongous Allocation) 4108M->4108M(5120M) 8,864ms
[100,367s][info][gc] GC(332) Pause Full (G1 Humongous Allocation) 4108M->4108M(5120M) 6,711ms
[100,367s][info][gc] GC(329) Concurrent Mark Cycle 16,604ms
[100,368s][info][gc] GC(333) Pause Young (Concurrent Start) (G1 Humongous Allocation) 4108M->4108M(5120M) 1,055ms
[100,368s][info][gc] GC(334) Concurrent Mark Cycle
[100,369s][info][gc] GC(335) Pause Young (Normal) (G1 Humongous Allocation) 4108M->4108M(5120M) 0,684ms
[100,380s][info][gc] GC(336) Pause Full (G1 Humongous Allocation) 4108M->4108M(5120M) 10,592ms
[100,388s][info][gc] GC(337) Pause Full (G1 Humongous Allocation) 4108M->4108M(5120M) 7,594ms
[100,388s][info][gc] GC(334) Concurrent Mark Cycle 19,301ms
[101,005s][info][gc] GC(338) Pause Young (Concurrent Start) (G1 Humongous Allocation) 4110M->4108M(5120M) 0,934ms
[101,005s][info][gc] GC(339) Concurrent Mark Cycle
[101,006s][info][gc] GC(340) Pause Young (Normal) (G1 Humongous Allocation) 4108M->4108M(5120M) 0,827ms
[101,022s][info][gc] GC(341) Pause Full (G1 Humongous Allocation) 4108M->4108M(5120M) 16,186ms
[101,031s][info][gc] GC(342) Pause Full (G1 Humongous Allocation) 4108M->4108M(5120M) 8,912ms
[101,041s][info][gc] GC(343) Pause Young (Normal) (G1 Humongous Allocation) 4108M->4108M(5120M) 9,369ms
[101,051s][info][gc] GC(344) Pause Full (G1 Humongous Allocation) 4108M->4108M(5120M) 10,573ms
[101,061s][info][gc] GC(345) Pause Full (G1 Humongous Allocation) 4108M->4108M(5120M) 9,446ms
[101,061s][info][gc] GC(339) Concurrent Mark Cycle 56,317ms
[101,567s][info][gc] GC(346) Pause Young (Concurrent Start) (G1 Humongous Allocation) 4110M->4108M(5120M) 0,958ms
[101,567s][info][gc] GC(347) Concurrent Mark Cycle
[101,607s][info][gc] GC(347) Pause Remark 4712M->4712M(5120M) 1,220ms
[101,613s][info][gc] GC(347) Pause Cleanup 4712M->4712M(5120M) 0,322ms
[101,617s][info][gc] GC(347) Concurrent Mark Cycle 50,102ms
[109,656s][info][gc] GC(348) Pause Young (Concurrent Start) (G1 Humongous Allocation) 4714M->4108M(5120M) 1,208ms
[109,656s][info][gc] GC(349) Concurrent Mark Cycle
[109,722s][info][gc] GC(349) Pause Remark 4652M->4652M(5120M) 1,006ms
[109,724s][info][gc] GC(349) Pause Cleanup 4652M->4652M(5120M) 0,116ms
[109,728s][info][gc] GC(349) Concurrent Mark Cycle 72,311ms
[116,517s][info][gc] GC(350) Pause Young (Concurrent Start) (G1 Humongous Allocation) 4652M->4108M(5120M) 0,682ms
[116,517s][info][gc] GC(351) Concurrent Mark Cycle
[116,523s][info][gc] GC(351) Pause Remark 4140M->4140M(5120M) 0,883ms
[116,525s][info][gc] GC(351) Pause Cleanup 4142M->4142M(5120M) 0,128ms
[116,532s][info][gc] GC(351) Concurrent Mark Cycle 15,398ms
[116,644s][info][gc] GC(352) Pause Young (Concurrent Start) (G1 Humongous Allocation) 4142M->4108M(5120M) 0,958ms
[116,644s][info][gc] GC(353) Concurrent Mark Cycle
[116,654s][info][gc] GC(353) Pause Remark 4316M->4316M(5120M) 0,639ms
[116,663s][info][gc] GC(353) Pause Cleanup 4316M->4316M(5120M) 0,131ms
[116,667s][info][gc] GC(353) Concurrent Mark Cycle 22,620ms
[119,110s][info][gc] GC(354) Pause Young (Concurrent Start) (G1 Humongous Allocation) 4316M->4108M(5120M) 0,868ms
[119,110s][info][gc] GC(355) Concurrent Mark Cycle
[119,130s][info][gc] GC(355) Pause Remark 4260M->4260M(5120M) 11,176ms
[119,133s][info][gc] GC(355) Pause Cleanup 4262M->4262M(5120M) 0,125ms
[119,148s][info][gc] GC(355) Concurrent Mark Cycle 37,081ms
[119,619s][info][gc] GC(356) Pause Young (Concurrent Start) (G1 Humongous Allocation) 4262M->4108M(5120M) 1,536ms
[119,620s][info][gc] GC(357) Concurrent Mark Cycle
[119,623s][info][gc] GC(357) Pause Remark 4116M->4116M(5120M) 0,407ms
[119,630s][info][gc] GC(357) Pause Cleanup 4116M->4116M(5120M) 0,132ms
[119,642s][info][gc] GC(357) Concurrent Mark Cycle 22,133ms
[119,680s][info][gc] GC(358) Pause Young (Concurrent Start) (G1 Humongous Allocation) 4116M->4108M(5120M) 0,569ms
[119,680s][info][gc] GC(359) Concurrent Mark Cycle
[119,713s][info][gc] GC(359) Pause Remark 4616M->4616M(5120M) 3,081ms
[119,717s][info][gc] GC(359) Pause Cleanup 4618M->4618M(5120M) 0,133ms
[119,721s][info][gc] GC(359) Concurrent Mark Cycle 41,167ms
Test[SORTED | SYSTEM| M=536870912] ------------------------------------------------------------------------
[122,039s][info][gc] GC(360) Pause Young (Concurrent Start) (G1 Humongous Allocation) 4618M->4108M(5120M) 1,192ms
[122,039s][info][gc] GC(361) Concurrent Mark Cycle
[122,041s][info][gc] GC(362) Pause Young (Normal) (G1 Humongous Allocation) 4108M->4108M(5120M) 1,014ms
[122,052s][info][gc] GC(363) Pause Full (G1 Humongous Allocation) 4108M->4108M(5120M) 11,121ms
[122,070s][info][gc] GC(364) Pause Full (G1 Humongous Allocation) 4108M->4108M(5120M) 17,899ms
[122,071s][info][gc] GC(361) Concurrent Mark Cycle 31,590ms
Test[SORTED | DPQS_2105| M=536870912] elapsed: 22082.646686 ms ms, reference: OOME
Preparing Test[UNIFORM | P_DPQS_2105| M=536870912] --------------------------------------
[122,083s][info][gc] GC(365) Pause Young (Concurrent Start) (G1 Humongous Allocation) 4110M->4108M(5120M) 6,423ms
[122,083s][info][gc] GC(366) Concurrent Mark Cycle
[122,084s][info][gc] GC(367) Pause Young (Normal) (G1 Humongous Allocation) 4108M->4108M(5120M) 0,793ms
[122,101s][info][gc] GC(368) Pause Full (G1 Humongous Allocation) 4108M->4M(5120M) 16,163ms
[122,101s][info][gc] GC(366) Concurrent Mark Cycle 17,954ms
[122,994s][info][gc] GC(369) Pause Young (Concurrent Start) (G1 Humongous Allocation) 2056M->2056M(5120M) 1,202ms
[122,994s][info][gc] GC(370) Concurrent Undo Cycle
[123,001s][info][gc] GC(370) Concurrent Undo Cycle 6,536ms
data[0 : 100]: [821115357, 1660418793, 448078427, 1173353938, 172035578, 1503663573, 1140148415, 1479481729, 476149789, 834687859, 2047750023, 42182871, 824765253, 1540537685, 1519069752, 1763383946, 1673396284, 875013724, 1967895957, 782595981, 1599912200, 1675461783, 1835980039, 807454020, 800605705, 528711478, 1533887279, 1585986398, 1002055064, 2004339174, 1310597831, 523460224, 839094923, 1267552214, 1868476160, 1897048040, 1601258488, 546454063, 863000938, 1249246374, 938437503, 2078672561, 1528951094, 1327740661, 1108684519, 490676100, 488097079, 774543326, 1060127796, 375805141, 1693586690, 170643219, 1519054317, 1740713151, 1592548991, 1467834087, 586691714, 1588911439, 479983900, 465965348, 1454771131, 1881436516, 1679256016, 533368781, 2097654815, 1364030999, 686714004, 387620780, 1459759908, 1329238684, 1876773998, 1774079225, 1871366133, 108025020, 1602657311, 206128388, 1669795533, 1873022469, 1135617697, 1939643269, 977125648, 56334738, 1259671084, 896895893, 2031043497, 209419993, 410510454, 483064080, 374432650, 976802343, 2095481671, 981352200, 675687465, 976194159, 1303262383, 17078318, 1560544032, 1736425928, 1397252166, 142564779]
data[-100 : 0]: [391932006, 887640700, 1504591305, 1612660032, 887248121, 1930445822, 113291176, 635300252, 376933180, 888962974, 783376505, 1260696697, 922880303, 1522888238, 1826302699, 1794519487, 938128177, 1268976577, 1539576810, 1132567587, 393810016, 2103286555, 1671667238, 2035768973, 497522317, 165196608, 313287543, 1039721008, 32829644, 451822140, 583508633, 67251006, 1981426068, 585340016, 337625355, 817902346, 84170936, 112264119, 2142530482, 1767563418, 1315309969, 904692512, 2114714009, 612242208, 28976018, 724071133, 2143666873, 502596423, 121062952, 749830515, 1603003302, 835470874, 1863575790, 1358809788, 1927960493, 1770570231, 1129916752, 184526276, 1131403931, 37808826, 2103412934, 1296947518, 327893823, 768920236, 896461648, 13656038, 1815063486, 834057785, 743029198, 1979778603, 1137086469, 1115864520, 226117018, 928671017, 598144980, 360837037, 2124037048, 1090942609, 236003617, 1030578812, 1291247773, 1515888292, 1528734763, 608118972, 1269942816, 1074862888, 2101079607, 1787600584, 4698401, 1723137928, 693566194, 21725914, 948528024, 787322842, 386645031, 1536916106, 306079137, 2070305119, 1643919269, 1620968075]
Test[UNIFORM | P_DPQS_2105| M=536870912] ---------------------------------------------------------------------
[138,617s][info][gc] GC(371) Pause Young (Concurrent Start) (G1 Humongous Allocation) 4130M->4108M(5120M) 1,043ms
[138,618s][info][gc] GC(372) Concurrent Mark Cycle
[138,627s][info][gc] GC(372) Pause Remark 4113M->4113M(5120M) 1,035ms
[138,633s][info][gc] GC(372) Pause Cleanup 4113M->4113M(5120M) 0,238ms
[138,638s][info][gc] GC(372) Concurrent Mark Cycle 20,156ms
Test[UNIFORM | P_SYSTEM| M=536870912] ------------------------------------------------------------------------
Test[UNIFORM | P_DPQS_2105| M=536870912] elapsed: 22277.278695999998 ms ms, reference: 23423.426311 ms
Preparing Test[CONTIGUOUS | P_DPQS_2105| M=536870912] --------------------------------------
[169,597s][info][gc] GC(373) Pause Young (Concurrent Start) (G1 Humongous Allocation) 4140M->4M(5120M) 2,037ms
[169,597s][info][gc] GC(374) Concurrent Undo Cycle
[169,602s][info][gc] GC(374) Concurrent Undo Cycle 5,704ms
[169,895s][info][gc] GC(375) Pause Young (Concurrent Start) (G1 Humongous Allocation) 2056M->2056M(5120M) 0,768ms
[169,895s][info][gc] GC(376) Concurrent Undo Cycle
[169,901s][info][gc] GC(376) Concurrent Undo Cycle 5,957ms
data[0 : 100]: [0, 1, 2, 3, 4, 5, 6, 7, 8, 9, 10, 11, 12, 13, 14, 15, 16, 17, 18, 19, 20, 21, 22, 23, 24, 25, 26, 27, 28, 29, 30, 31, 32, 33, 34, 35, 36, 37, 38, 39, 40, 41, 42, 43, 44, 45, 46, 47, 48, 49, 50, 51, 52, 53, 54, 55, 56, 57, 58, 59, 60, 61, 62, 63, 64, 65, 66, 67, 68, 69, 70, 71, 72, 73, 74, 75, 76, 77, 78, 79, 80, 81, 82, 83, 84, 85, 86, 87, 88, 89, 90, 91, 92, 93, 94, 95, 96, 97, 98, 99]
data[-100 : 0]: [536870812, 536870813, 536870814, 536870815, 536870816, 536870817, 536870818, 536870819, 536870820, 536870821, 536870822, 536870823, 536870824, 536870825, 536870826, 536870827, 536870828, 536870829, 536870830, 536870831, 536870832, 536870833, 536870834, 536870835, 536870836, 536870837, 536870838, 536870839, 536870840, 536870841, 536870842, 536870843, 536870844, 536870845, 536870846, 536870847, 536870848, 536870849, 536870850, 536870851, 536870852, 536870853, 536870854, 536870855, 536870856, 536870857, 536870858, 536870859, 536870860, 536870861, 536870862, 536870863, 536870864, 536870865, 536870866, 536870867, 536870868, 536870869, 536870870, 536870871, 536870872, 536870873, 536870874, 536870875, 536870876, 536870877, 536870878, 536870879, 536870880, 536870881, 536870882, 536870883, 536870884, 536870885, 536870886, 536870887, 536870888, 536870889, 536870890, 536870891, 536870892, 536870893, 536870894, 536870895, 536870896, 536870897, 536870898, 536870899, 536870900, 536870901, 536870902, 536870903, 536870904, 536870905, 536870906, 536870907, 536870908, 536870909, 536870910, 536870911]
Test[CONTIGUOUS | P_DPQS_2105| M=536870912] ---------------------------------------------------------------------
Test[CONTIGUOUS | P_SYSTEM| M=536870912] ------------------------------------------------------------------------
Test[CONTIGUOUS | P_DPQS_2105| M=536870912] elapsed: 240.162874 ms ms, reference: 781.5895049999999 ms
Preparing Test[CONTIGUOUS_REVERSE | P_DPQS_2105| M=536870912] --------------------------------------
[171,790s][info][gc] GC(377) Pause Young (Concurrent Start) (G1 Humongous Allocation) 4110M->4M(5120M) 1,358ms
[171,790s][info][gc] GC(378) Concurrent Undo Cycle
[171,796s][info][gc] GC(378) Concurrent Undo Cycle 6,061ms
[172,088s][info][gc] GC(379) Pause Young (Concurrent Start) (G1 Humongous Allocation) 2056M->2056M(5120M) 0,687ms
[172,088s][info][gc] GC(380) Concurrent Undo Cycle
[172,094s][info][gc] GC(380) Concurrent Undo Cycle 6,191ms
data[0 : 100]: [536870912, 536870911, 536870910, 536870909, 536870908, 536870907, 536870906, 536870905, 536870904, 536870903, 536870902, 536870901, 536870900, 536870899, 536870898, 536870897, 536870896, 536870895, 536870894, 536870893, 536870892, 536870891, 536870890, 536870889, 536870888, 536870887, 536870886, 536870885, 536870884, 536870883, 536870882, 536870881, 536870880, 536870879, 536870878, 536870877, 536870876, 536870875, 536870874, 536870873, 536870872, 536870871, 536870870, 536870869, 536870868, 536870867, 536870866, 536870865, 536870864, 536870863, 536870862, 536870861, 536870860, 536870859, 536870858, 536870857, 536870856, 536870855, 536870854, 536870853, 536870852, 536870851, 536870850, 536870849, 536870848, 536870847, 536870846, 536870845, 536870844, 536870843, 536870842, 536870841, 536870840, 536870839, 536870838, 536870837, 536870836, 536870835, 536870834, 536870833, 536870832, 536870831, 536870830, 536870829, 536870828, 536870827, 536870826, 536870825, 536870824, 536870823, 536870822, 536870821, 536870820, 536870819, 536870818, 536870817, 536870816, 536870815, 536870814, 536870813]
data[-100 : 0]: [100, 99, 98, 97, 96, 95, 94, 93, 92, 91, 90, 89, 88, 87, 86, 85, 84, 83, 82, 81, 80, 79, 78, 77, 76, 75, 74, 73, 72, 71, 70, 69, 68, 67, 66, 65, 64, 63, 62, 61, 60, 59, 58, 57, 56, 55, 54, 53, 52, 51, 50, 49, 48, 47, 46, 45, 44, 43, 42, 41, 40, 39, 38, 37, 36, 35, 34, 33, 32, 31, 30, 29, 28, 27, 26, 25, 24, 23, 22, 21, 20, 19, 18, 17, 16, 15, 14, 13, 12, 11, 10, 9, 8, 7, 6, 5, 4, 3, 2, 1]
Test[CONTIGUOUS_REVERSE | P_DPQS_2105| M=536870912] ---------------------------------------------------------------------
Test[CONTIGUOUS_REVERSE | P_SYSTEM| M=536870912] ------------------------------------------------------------------------
Test[CONTIGUOUS_REVERSE | P_DPQS_2105| M=536870912] elapsed: 561.145686 ms ms, reference: 567.5500139999999 ms
Preparing Test[ALMOST_CONTIGUOUS | P_DPQS_2105| M=536870912] --------------------------------------
[174,092s][info][gc] GC(381) Pause Young (Concurrent Start) (G1 Humongous Allocation) 4110M->4M(5120M) 2,574ms
[174,092s][info][gc] GC(382) Concurrent Undo Cycle
[174,097s][info][gc] GC(382) Concurrent Undo Cycle 5,618ms
[174,428s][info][gc] GC(383) Pause Young (Concurrent Start) (G1 Humongous Allocation) 2056M->2056M(5120M) 0,577ms
[174,428s][info][gc] GC(384) Concurrent Undo Cycle
[174,434s][info][gc] GC(384) Concurrent Undo Cycle 5,852ms
data[0 : 100]: [255, 254, 253, 252, 251, 250, 249, 248, 247, 246, 245, 244, 243, 242, 241, 240, 239, 238, 237, 236, 235, 234, 233, 232, 231, 230, 229, 228, 227, 226, 225, 224, 223, 222, 221, 220, 219, 218, 217, 216, 215, 214, 213, 212, 211, 210, 209, 208, 207, 206, 205, 204, 203, 202, 201, 200, 199, 198, 197, 196, 195, 194, 193, 192, 191, 190, 189, 188, 187, 186, 185, 184, 183, 182, 181, 180, 179, 178, 177, 176, 175, 174, 173, 172, 171, 170, 169, 168, 167, 166, 165, 164, 163, 162, 161, 160, 159, 158, 157, 156]
data[-100 : 0]: [536870755, 536870754, 536870753, 536870752, 536870751, 536870750, 536870749, 536870748, 536870747, 536870746, 536870745, 536870744, 536870743, 536870742, 536870741, 536870740, 536870739, 536870738, 536870737, 536870736, 536870735, 536870734, 536870733, 536870732, 536870731, 536870730, 536870729, 536870728, 536870727, 536870726, 536870725, 536870724, 536870723, 536870722, 536870721, 536870720, 536870719, 536870718, 536870717, 536870716, 536870715, 536870714, 536870713, 536870712, 536870711, 536870710, 536870709, 536870708, 536870707, 536870706, 536870705, 536870704, 536870703, 536870702, 536870701, 536870700, 536870699, 536870698, 536870697, 536870696, 536870695, 536870694, 536870693, 536870692, 536870691, 536870690, 536870689, 536870688, 536870687, 536870686, 536870685, 536870684, 536870683, 536870682, 536870681, 536870680, 536870679, 536870678, 536870677, 536870676, 536870675, 536870674, 536870673, 536870672, 536870671, 536870670, 536870669, 536870668, 536870667, 536870666, 536870665, 536870664, 536870663, 536870662, 536870661, 536870660, 536870659, 536870658, 536870657, 536870656]
Test[ALMOST_CONTIGUOUS | P_DPQS_2105| M=536870912] ---------------------------------------------------------------------
Test[ALMOST_CONTIGUOUS | P_SYSTEM| M=536870912] ------------------------------------------------------------------------
[176,256s][info][gc] GC(385) Pause Young (Concurrent Start) (G1 Humongous Allocation) 4118M->4109M(5120M) 1,101ms
[176,256s][info][gc] GC(386) Concurrent Mark Cycle
[176,260s][info][gc] GC(386) Pause Remark 4113M->4113M(5120M) 0,569ms
[176,262s][info][gc] GC(386) Pause Cleanup 4114M->4114M(5120M) 0,130ms
[176,274s][info][gc] GC(386) Concurrent Mark Cycle 18,232ms
[176,317s][info][gc] GC(387) Pause Young (Concurrent Start) (G1 Humongous Allocation) 4119M->4109M(5120M) 1,119ms
[176,317s][info][gc] GC(388) Concurrent Mark Cycle
[176,321s][info][gc] GC(388) Pause Remark 4114M->4114M(5120M) 1,112ms
[176,326s][info][gc] GC(388) Pause Cleanup 4114M->4114M(5120M) 0,205ms
[176,330s][info][gc] GC(388) Concurrent Mark Cycle 12,718ms
[176,334s][info][gc] GC(389) Pause Young (Concurrent Start) (G1 Humongous Allocation) 4115M->4113M(5120M) 1,190ms
[176,334s][info][gc] GC(390) Concurrent Mark Cycle
[176,363s][info][gc] GC(390) Pause Remark 4117M->4117M(5120M) 0,963ms
[176,370s][info][gc] GC(390) Pause Cleanup 4121M->4121M(5120M) 0,157ms
[176,384s][info][gc] GC(390) Concurrent Mark Cycle 49,619ms
[176,398s][info][gc] GC(391) Pause Young (Concurrent Start) (G1 Humongous Allocation) 4122M->4112M(5120M) 1,731ms
[176,398s][info][gc] GC(392) Concurrent Mark Cycle
[176,412s][info][gc] GC(392) Pause Remark 4121M->4121M(5120M) 1,237ms
[176,427s][info][gc] GC(392) Pause Cleanup 4126M->4126M(5120M) 1,137ms
[176,435s][info][gc] GC(392) Concurrent Mark Cycle 36,477ms
[176,543s][info][gc] GC(393) Pause Young (Concurrent Start) (G1 Humongous Allocation) 4136M->4108M(5120M) 1,644ms
[176,543s][info][gc] GC(394) Concurrent Mark Cycle
[176,547s][info][gc] GC(394) Pause Remark 4112M->4112M(5120M) 1,025ms
[176,550s][info][gc] GC(394) Pause Cleanup 4112M->4112M(5120M) 0,163ms
[176,564s][info][gc] GC(394) Concurrent Mark Cycle 21,093ms
[176,583s][info][gc] GC(395) Pause Young (Concurrent Start) (G1 Humongous Allocation) 4116M->4108M(5120M) 1,295ms
[176,583s][info][gc] GC(396) Concurrent Mark Cycle
[176,588s][info][gc] GC(396) Pause Remark 4113M->4113M(5120M) 1,266ms
[176,591s][info][gc] GC(396) Pause Cleanup 4114M->4114M(5120M) 0,230ms
[176,598s][info][gc] GC(396) Concurrent Mark Cycle 14,917ms
[176,606s][info][gc] GC(397) Pause Young (Concurrent Start) (G1 Humongous Allocation) 4119M->4116M(5120M) 1,287ms
[176,606s][info][gc] GC(398) Concurrent Mark Cycle
[176,611s][info][gc] GC(398) Pause Remark 4125M->4125M(5120M) 1,357ms
[176,616s][info][gc] GC(398) Pause Cleanup 4125M->4125M(5120M) 0,150ms
[176,620s][info][gc] GC(398) Concurrent Mark Cycle 14,494ms
[176,654s][info][gc] GC(399) Pause Young (Concurrent Start) (G1 Humongous Allocation) 4132M->4108M(5120M) 2,315ms
[176,654s][info][gc] GC(400) Concurrent Mark Cycle
[176,662s][info][gc] GC(400) Pause Remark 4113M->4113M(5120M) 1,161ms
[176,664s][info][gc] GC(400) Pause Cleanup 4113M->4113M(5120M) 0,151ms
[176,669s][info][gc] GC(400) Concurrent Mark Cycle 14,779ms
[176,682s][info][gc] GC(401) Pause Young (Concurrent Start) (G1 Humongous Allocation) 4116M->4108M(5120M) 0,829ms
[176,682s][info][gc] GC(402) Concurrent Mark Cycle
[176,695s][info][gc] GC(402) Pause Remark 4128M->4128M(5120M) 0,965ms
[176,705s][info][gc] GC(402) Pause Cleanup 4128M->4128M(5120M) 0,217ms
[176,730s][info][gc] GC(402) Concurrent Mark Cycle 47,490ms
[176,856s][info][gc] GC(403) Pause Young (Concurrent Start) (G1 Humongous Allocation) 4156M->4109M(5120M) 1,234ms
[176,856s][info][gc] GC(404) Concurrent Mark Cycle
[176,860s][info][gc] GC(404) Pause Remark 4119M->4119M(5120M) 0,573ms
[176,862s][info][gc] GC(404) Pause Cleanup 4119M->4119M(5120M) 0,144ms
[176,866s][info][gc] GC(404) Concurrent Mark Cycle 10,068ms
[176,897s][info][gc] GC(405) Pause Young (Concurrent Start) (G1 Humongous Allocation) 4123M->4112M(5120M) 2,053ms
[176,897s][info][gc] GC(406) Concurrent Mark Cycle
[176,905s][info][gc] GC(406) Pause Remark 4124M->4124M(5120M) 1,167ms
[176,910s][info][gc] GC(406) Pause Cleanup 4124M->4124M(5120M) 0,180ms
[176,928s][info][gc] GC(406) Concurrent Mark Cycle 31,153ms
[176,932s][info][gc] GC(407) Pause Young (Concurrent Start) (G1 Humongous Allocation) 4134M->4117M(5120M) 0,493ms
[176,932s][info][gc] GC(408) Concurrent Mark Cycle
[176,940s][info][gc] GC(408) Pause Remark 4128M->4128M(5120M) 1,482ms
[176,943s][info][gc] GC(408) Pause Cleanup 4128M->4128M(5120M) 0,137ms
[176,958s][info][gc] GC(408) Concurrent Mark Cycle 25,756ms
[176,966s][info][gc] GC(409) Pause Young (Concurrent Start) (G1 Humongous Allocation) 4130M->4108M(5120M) 0,731ms
[176,966s][info][gc] GC(410) Concurrent Mark Cycle
[176,989s][info][gc] GC(410) Pause Remark 4116M->4116M(5120M) 1,303ms
[176,995s][info][gc] GC(410) Pause Cleanup 4116M->4116M(5120M) 0,187ms
[176,999s][info][gc] GC(410) Concurrent Mark Cycle 32,649ms
[177,007s][info][gc] GC(411) Pause Young (Concurrent Start) (G1 Humongous Allocation) 4116M->4108M(5120M) 0,847ms
[177,007s][info][gc] GC(412) Concurrent Mark Cycle
[177,017s][info][gc] GC(412) Pause Remark 4115M->4115M(5120M) 0,595ms
[177,020s][info][gc] GC(412) Pause Cleanup 4115M->4115M(5120M) 0,131ms
[177,024s][info][gc] GC(412) Concurrent Mark Cycle 17,308ms
[177,042s][info][gc] GC(413) Pause Young (Concurrent Start) (G1 Humongous Allocation) 4121M->4109M(5120M) 1,164ms
[177,042s][info][gc] GC(414) Concurrent Mark Cycle
[177,056s][info][gc] GC(414) Pause Remark 4116M->4116M(5120M) 0,728ms
[177,058s][info][gc] GC(414) Pause Cleanup 4116M->4116M(5120M) 0,134ms
[177,063s][info][gc] GC(414) Concurrent Mark Cycle 21,126ms
[177,098s][info][gc] GC(415) Pause Young (Concurrent Start) (G1 Humongous Allocation) 4125M->4108M(5120M) 1,501ms
[177,098s][info][gc] GC(416) Concurrent Mark Cycle
[177,102s][info][gc] GC(416) Pause Remark 4117M->4117M(5120M) 0,701ms
[177,106s][info][gc] GC(416) Pause Cleanup 4124M->4124M(5120M) 0,159ms
[177,116s][info][gc] GC(416) Concurrent Mark Cycle 17,889ms
[177,121s][info][gc] GC(417) Pause Young (Concurrent Start) (G1 Humongous Allocation) 4124M->4120M(5120M) 0,744ms
[177,121s][info][gc] GC(418) Concurrent Mark Cycle
[177,125s][info][gc] GC(418) Pause Remark 4125M->4125M(5120M) 0,739ms
[177,130s][info][gc] GC(418) Pause Cleanup 4128M->4128M(5120M) 0,125ms
[177,140s][info][gc] GC(418) Concurrent Mark Cycle 18,708ms
[177,141s][info][gc] GC(419) Pause Young (Concurrent Start) (G1 Humongous Allocation) 4133M->4116M(5120M) 1,013ms
[177,141s][info][gc] GC(420) Concurrent Mark Cycle
[177,150s][info][gc] GC(420) Pause Remark 4124M->4124M(5120M) 0,562ms
[177,152s][info][gc] GC(420) Pause Cleanup 4124M->4124M(5120M) 0,124ms
[177,163s][info][gc] GC(420) Concurrent Mark Cycle 21,463ms
[177,174s][info][gc] GC(421) Pause Young (Concurrent Start) (G1 Humongous Allocation) 4124M->4108M(5120M) 0,578ms
[177,174s][info][gc] GC(422) Concurrent Mark Cycle
[177,178s][info][gc] GC(422) Pause Remark 4111M->4111M(5120M) 0,947ms
[177,180s][info][gc] GC(422) Pause Cleanup 4112M->4112M(5120M) 0,127ms
[177,184s][info][gc] GC(422) Concurrent Mark Cycle 10,515ms
[177,201s][info][gc] GC(423) Pause Young (Concurrent Start) (G1 Humongous Allocation) 4121M->4116M(5120M) 0,970ms
[177,201s][info][gc] GC(424) Concurrent Mark Cycle
[177,205s][info][gc] GC(424) Pause Remark 4122M->4122M(5120M) 1,179ms
[177,208s][info][gc] GC(424) Pause Cleanup 4122M->4122M(5120M) 0,142ms
[177,212s][info][gc] GC(424) Concurrent Mark Cycle 10,982ms
[177,229s][info][gc] GC(425) Pause Young (Concurrent Start) (G1 Humongous Allocation) 4129M->4113M(5120M) 2,946ms
[177,229s][info][gc] GC(426) Concurrent Mark Cycle
[177,235s][info][gc] GC(426) Pause Remark 4120M->4120M(5120M) 1,003ms
[177,238s][info][gc] GC(426) Pause Cleanup 4120M->4120M(5120M) 0,141ms
[177,242s][info][gc] GC(426) Concurrent Mark Cycle 13,107ms
[177,265s][info][gc] GC(427) Pause Young (Concurrent Start) (G1 Humongous Allocation) 4122M->4109M(5120M) 0,952ms
[177,265s][info][gc] GC(428) Concurrent Mark Cycle
[177,269s][info][gc] GC(428) Pause Remark 4116M->4116M(5120M) 0,684ms
[177,272s][info][gc] GC(428) Pause Cleanup 4116M->4116M(5120M) 0,115ms
[177,288s][info][gc] GC(428) Concurrent Mark Cycle 22,646ms
[177,298s][info][gc] GC(429) Pause Young (Concurrent Start) (G1 Humongous Allocation) 4117M->4108M(5120M) 0,875ms
[177,298s][info][gc] GC(430) Concurrent Mark Cycle
[177,302s][info][gc] GC(430) Pause Remark 4119M->4119M(5120M) 0,729ms
[177,305s][info][gc] GC(430) Pause Cleanup 4119M->4119M(5120M) 0,188ms
[177,310s][info][gc] GC(430) Concurrent Mark Cycle 12,428ms
[177,314s][info][gc] GC(431) Pause Young (Concurrent Start) (G1 Humongous Allocation) 4124M->4121M(5120M) 1,420ms
[177,314s][info][gc] GC(432) Concurrent Mark Cycle
[177,318s][info][gc] GC(432) Pause Remark 4126M->4126M(5120M) 0,800ms
[177,325s][info][gc] GC(432) Pause Cleanup 4128M->4128M(5120M) 0,198ms
[177,334s][info][gc] GC(432) Concurrent Mark Cycle 20,135ms
[177,341s][info][gc] GC(433) Pause Young (Concurrent Start) (G1 Humongous Allocation) 4137M->4121M(5120M) 0,940ms
[177,341s][info][gc] GC(434) Concurrent Mark Cycle
[177,345s][info][gc] GC(434) Pause Remark 4128M->4128M(5120M) 0,956ms
[177,348s][info][gc] GC(434) Pause Cleanup 4129M->4129M(5120M) 0,116ms
[177,368s][info][gc] GC(434) Concurrent Mark Cycle 27,221ms
[177,375s][info][gc] GC(435) Pause Young (Concurrent Start) (G1 Humongous Allocation) 4137M->4112M(5120M) 1,477ms
[177,376s][info][gc] GC(436) Concurrent Mark Cycle
[177,384s][info][gc] GC(436) Pause Remark 4120M->4120M(5120M) 0,889ms
[177,387s][info][gc] GC(436) Pause Cleanup 4121M->4121M(5120M) 0,158ms
[177,392s][info][gc] GC(436) Concurrent Mark Cycle 16,245ms
[177,398s][info][gc] GC(437) Pause Young (Concurrent Start) (G1 Humongous Allocation) 4124M->4117M(5120M) 0,795ms
[177,398s][info][gc] GC(438) Concurrent Mark Cycle
[177,402s][info][gc] GC(438) Pause Remark 4124M->4124M(5120M) 0,586ms
[177,407s][info][gc] GC(438) Pause Cleanup 4125M->4125M(5120M) 0,146ms
[177,412s][info][gc] GC(438) Concurrent Mark Cycle 13,644ms
[177,422s][info][gc] GC(439) Pause Young (Concurrent Start) (G1 Humongous Allocation) 4125M->4116M(5120M) 0,894ms
[177,422s][info][gc] GC(440) Concurrent Mark Cycle
[177,428s][info][gc] GC(440) Pause Remark 4121M->4121M(5120M) 0,572ms
[177,431s][info][gc] GC(440) Pause Cleanup 4122M->4122M(5120M) 0,125ms
[177,446s][info][gc] GC(440) Concurrent Mark Cycle 24,350ms
[177,533s][info][gc] GC(441) Pause Young (Concurrent Start) (G1 Humongous Allocation) 4143M->4108M(5120M) 0,990ms
[177,533s][info][gc] GC(442) Concurrent Mark Cycle
[177,550s][info][gc] GC(442) Pause Remark 4125M->4125M(5120M) 1,575ms
[177,552s][info][gc] GC(442) Pause Cleanup 4127M->4127M(5120M) 0,137ms
[177,568s][info][gc] GC(442) Concurrent Mark Cycle 34,342ms
[177,592s][info][gc] GC(443) Pause Young (Concurrent Start) (G1 Humongous Allocation) 4128M->4116M(5120M) 0,904ms
[177,592s][info][gc] GC(444) Concurrent Mark Cycle
[177,600s][info][gc] GC(444) Pause Remark 4123M->4123M(5120M) 1,142ms
[177,602s][info][gc] GC(444) Pause Cleanup 4123M->4123M(5120M) 0,204ms
[177,615s][info][gc] GC(444) Concurrent Mark Cycle 22,835ms
[177,620s][info][gc] GC(445) Pause Young (Concurrent Start) (G1 Humongous Allocation) 4123M->4108M(5120M) 1,143ms
[177,620s][info][gc] GC(446) Concurrent Mark Cycle
[177,635s][info][gc] GC(446) Pause Remark 4114M->4114M(5120M) 1,139ms
[177,639s][info][gc] GC(446) Pause Cleanup 4115M->4115M(5120M) 0,156ms
[177,663s][info][gc] GC(446) Concurrent Mark Cycle 43,104ms
[177,680s][info][gc] GC(447) Pause Young (Concurrent Start) (G1 Humongous Allocation) 4122M->4109M(5120M) 1,396ms
[177,680s][info][gc] GC(448) Concurrent Mark Cycle
[177,686s][info][gc] GC(448) Pause Remark 4115M->4115M(5120M) 1,282ms
[177,689s][info][gc] GC(448) Pause Cleanup 4115M->4115M(5120M) 0,104ms
[177,703s][info][gc] GC(448) Concurrent Mark Cycle 23,218ms
[177,719s][info][gc] GC(449) Pause Young (Concurrent Start) (G1 Humongous Allocation) 4125M->4108M(5120M) 0,736ms
[177,719s][info][gc] GC(450) Concurrent Mark Cycle
[177,723s][info][gc] GC(450) Pause Remark 4109M->4109M(5120M) 0,707ms
[177,729s][info][gc] GC(450) Pause Cleanup 4112M->4112M(5120M) 0,135ms
[177,738s][info][gc] GC(450) Concurrent Mark Cycle 18,427ms
[177,747s][info][gc] GC(451) Pause Young (Concurrent Start) (G1 Humongous Allocation) 4117M->4112M(5120M) 0,912ms
[177,747s][info][gc] GC(452) Concurrent Mark Cycle
[177,752s][info][gc] GC(452) Pause Remark 4117M->4117M(5120M) 1,080ms
[177,758s][info][gc] GC(452) Pause Cleanup 4120M->4120M(5120M) 0,212ms
[177,762s][info][gc] GC(452) Concurrent Mark Cycle 15,452ms
[177,792s][info][gc] GC(453) Pause Young (Concurrent Start) (G1 Humongous Allocation) 4136M->4109M(5120M) 1,433ms
[177,793s][info][gc] GC(454) Concurrent Mark Cycle
[177,800s][info][gc] GC(454) Pause Remark 4114M->4114M(5120M) 0,738ms
[177,805s][info][gc] GC(454) Pause Cleanup 4114M->4114M(5120M) 0,191ms
[177,808s][info][gc] GC(454) Concurrent Mark Cycle 15,962ms
[177,833s][info][gc] GC(455) Pause Young (Concurrent Start) (G1 Humongous Allocation) 4120M->4108M(5120M) 1,395ms
[177,833s][info][gc] GC(456) Concurrent Mark Cycle
[177,838s][info][gc] GC(456) Pause Remark 4118M->4118M(5120M) 0,659ms
[177,840s][info][gc] GC(456) Pause Cleanup 4120M->4120M(5120M) 0,126ms
[177,846s][info][gc] GC(456) Concurrent Mark Cycle 12,729ms
[177,857s][info][gc] GC(457) Pause Young (Concurrent Start) (G1 Humongous Allocation) 4121M->4116M(5120M) 1,260ms
[177,857s][info][gc] GC(458) Concurrent Mark Cycle
[177,878s][info][gc] GC(458) Pause Remark 4126M->4126M(5120M) 0,680ms
[177,885s][info][gc] GC(458) Pause Cleanup 4126M->4126M(5120M) 0,141ms
[177,889s][info][gc] GC(458) Concurrent Mark Cycle 31,793ms
[177,891s][info][gc] GC(459) Pause Young (Concurrent Start) (G1 Humongous Allocation) 4131M->4112M(5120M) 1,063ms
[177,891s][info][gc] GC(460) Concurrent Mark Cycle
[177,895s][info][gc] GC(460) Pause Remark 4119M->4119M(5120M) 1,124ms
[177,917s][info][gc] GC(460) Pause Cleanup 4120M->4120M(5120M) 0,169ms
[177,921s][info][gc] GC(460) Concurrent Mark Cycle 30,715ms
[177,948s][info][gc] GC(461) Pause Young (Concurrent Start) (G1 Humongous Allocation) 4121M->4112M(5120M) 0,722ms
[177,948s][info][gc] GC(462) Concurrent Mark Cycle
[177,952s][info][gc] GC(462) Pause Remark 4118M->4118M(5120M) 1,041ms
[177,955s][info][gc] GC(462) Pause Cleanup 4120M->4120M(5120M) 0,238ms
[177,962s][info][gc] GC(462) Concurrent Mark Cycle 13,830ms
[177,970s][info][gc] GC(463) Pause Young (Concurrent Start) (G1 Humongous Allocation) 4122M->4112M(5120M) 1,465ms
[177,970s][info][gc] GC(464) Concurrent Mark Cycle
[177,978s][info][gc] GC(464) Pause Remark 4117M->4117M(5120M) 0,652ms
[177,981s][info][gc] GC(464) Pause Cleanup 4124M->4124M(5120M) 0,214ms
[177,985s][info][gc] GC(464) Concurrent Mark Cycle 14,348ms
[178,035s][info][gc] GC(465) Pause Young (Concurrent Start) (G1 Humongous Allocation) 4131M->4109M(5120M) 0,997ms
[178,035s][info][gc] GC(466) Concurrent Mark Cycle
[178,040s][info][gc] GC(466) Pause Remark 4113M->4113M(5120M) 1,597ms
[178,043s][info][gc] GC(466) Pause Cleanup 4116M->4116M(5120M) 0,174ms
[178,051s][info][gc] GC(466) Concurrent Mark Cycle 15,471ms
[178,072s][info][gc] GC(467) Pause Young (Concurrent Start) (G1 Humongous Allocation) 4120M->4109M(5120M) 1,157ms
[178,072s][info][gc] GC(468) Concurrent Mark Cycle
[178,078s][info][gc] GC(468) Pause Remark 4116M->4116M(5120M) 2,489ms
[178,081s][info][gc] GC(468) Pause Cleanup 4116M->4116M(5120M) 0,192ms
[178,084s][info][gc] GC(468) Concurrent Mark Cycle 12,320ms
[178,101s][info][gc] GC(469) Pause Young (Concurrent Start) (G1 Humongous Allocation) 4117M->4108M(5120M) 0,963ms
[178,101s][info][gc] GC(470) Concurrent Mark Cycle
[178,118s][info][gc] GC(470) Pause Remark 4123M->4123M(5120M) 1,341ms
[178,121s][info][gc] GC(470) Pause Cleanup 4124M->4124M(5120M) 0,135ms
[178,125s][info][gc] GC(470) Concurrent Mark Cycle 23,898ms
[178,148s][info][gc] GC(471) Pause Young (Concurrent Start) (G1 Humongous Allocation) 4129M->4112M(5120M) 0,728ms
[178,148s][info][gc] GC(472) Concurrent Mark Cycle
[178,152s][info][gc] GC(472) Pause Remark 4117M->4117M(5120M) 1,016ms
[178,154s][info][gc] GC(472) Pause Cleanup 4119M->4119M(5120M) 0,201ms
[178,158s][info][gc] GC(472) Concurrent Mark Cycle 10,831ms
[178,186s][info][gc] GC(473) Pause Young (Concurrent Start) (G1 Humongous Allocation) 4128M->4109M(5120M) 1,099ms
[178,186s][info][gc] GC(474) Concurrent Mark Cycle
[178,198s][info][gc] GC(474) Pause Remark 4114M->4114M(5120M) 0,984ms
[178,201s][info][gc] GC(474) Pause Cleanup 4116M->4116M(5120M) 0,187ms
[178,205s][info][gc] GC(474) Concurrent Mark Cycle 18,838ms
[178,210s][info][gc] GC(475) Pause Young (Concurrent Start) (G1 Humongous Allocation) 4116M->4113M(5120M) 1,192ms
[178,210s][info][gc] GC(476) Concurrent Mark Cycle
[178,229s][info][gc] GC(476) Pause Remark 4125M->4125M(5120M) 0,838ms
[178,232s][info][gc] GC(476) Pause Cleanup 4126M->4126M(5120M) 0,161ms
[178,235s][info][gc] GC(476) Concurrent Mark Cycle 25,130ms
[178,244s][info][gc] GC(477) Pause Young (Concurrent Start) (G1 Humongous Allocation) 4128M->4112M(5120M) 1,015ms
[178,244s][info][gc] GC(478) Concurrent Mark Cycle
[178,249s][info][gc] GC(478) Pause Remark 4113M->4113M(5120M) 1,321ms
[178,255s][info][gc] GC(478) Pause Cleanup 4117M->4117M(5120M) 0,186ms
[178,259s][info][gc] GC(478) Concurrent Mark Cycle 14,797ms
[178,264s][info][gc] GC(479) Pause Young (Concurrent Start) (G1 Humongous Allocation) 4120M->4112M(5120M) 1,149ms
[178,264s][info][gc] GC(480) Concurrent Mark Cycle
[178,278s][info][gc] GC(480) Pause Remark 4121M->4121M(5120M) 0,564ms
[178,286s][info][gc] GC(480) Pause Cleanup 4121M->4121M(5120M) 0,225ms
[178,289s][info][gc] GC(480) Concurrent Mark Cycle 25,825ms
[178,298s][info][gc] GC(481) Pause Young (Concurrent Start) (G1 Humongous Allocation) 4123M->4109M(5120M) 1,012ms
[178,298s][info][gc] GC(482) Concurrent Mark Cycle
[178,302s][info][gc] GC(482) Pause Remark 4113M->4113M(5120M) 0,818ms
[178,305s][info][gc] GC(482) Pause Cleanup 4114M->4114M(5120M) 0,124ms
[178,315s][info][gc] GC(482) Concurrent Mark Cycle 16,676ms
[178,322s][info][gc] GC(483) Pause Young (Concurrent Start) (G1 Humongous Allocation) 4116M->4110M(5120M) 0,928ms
[178,322s][info][gc] GC(484) Concurrent Mark Cycle
[178,327s][info][gc] GC(484) Pause Remark 4119M->4119M(5120M) 1,109ms
[178,329s][info][gc] GC(484) Pause Cleanup 4121M->4121M(5120M) 0,264ms
[178,333s][info][gc] GC(484) Concurrent Mark Cycle 10,983ms
[178,355s][info][gc] GC(485) Pause Young (Concurrent Start) (G1 Humongous Allocation) 4124M->4108M(5120M) 0,616ms
[178,355s][info][gc] GC(486) Concurrent Mark Cycle
[178,360s][info][gc] GC(486) Pause Remark 4114M->4114M(5120M) 1,278ms
[178,362s][info][gc] GC(486) Pause Cleanup 4114M->4114M(5120M) 0,166ms
[178,366s][info][gc] GC(486) Concurrent Mark Cycle 10,874ms
[178,398s][info][gc] GC(487) Pause Young (Concurrent Start) (G1 Humongous Allocation) 4121M->4108M(5120M) 1,221ms
[178,398s][info][gc] GC(488) Concurrent Mark Cycle
[178,403s][info][gc] GC(488) Pause Remark 4112M->4112M(5120M) 1,358ms
[178,407s][info][gc] GC(488) Pause Cleanup 4113M->4113M(5120M) 0,160ms
[178,411s][info][gc] GC(488) Concurrent Mark Cycle 12,299ms
[178,451s][info][gc] GC(489) Pause Young (Concurrent Start) (G1 Humongous Allocation) 4120M->4108M(5120M) 1,008ms
[178,451s][info][gc] GC(490) Concurrent Mark Cycle
[178,458s][info][gc] GC(490) Pause Remark 4112M->4112M(5120M) 3,543ms
[178,461s][info][gc] GC(490) Pause Cleanup 4117M->4117M(5120M) 0,216ms
[178,472s][info][gc] GC(490) Concurrent Mark Cycle 20,811ms
[178,481s][info][gc] GC(491) Pause Young (Concurrent Start) (G1 Humongous Allocation) 4131M->4113M(5120M) 1,381ms
[178,481s][info][gc] GC(492) Concurrent Mark Cycle
[178,485s][info][gc] GC(492) Pause Remark 4114M->4114M(5120M) 1,261ms
[178,488s][info][gc] GC(492) Pause Cleanup 4122M->4122M(5120M) 0,162ms
[178,497s][info][gc] GC(492) Concurrent Mark Cycle 15,828ms
[178,503s][info][gc] GC(493) Pause Young (Concurrent Start) (G1 Humongous Allocation) 4130M->4120M(5120M) 0,537ms
[178,503s][info][gc] GC(494) Concurrent Mark Cycle
[178,507s][info][gc] GC(494) Pause Remark 4125M->4125M(5120M) 0,959ms
[178,519s][info][gc] GC(494) Pause Cleanup 4136M->4136M(5120M) 0,236ms
[178,523s][info][gc] GC(494) Concurrent Mark Cycle 20,412ms
[178,543s][info][gc] GC(495) Pause Young (Concurrent Start) (G1 Humongous Allocation) 4138M->4108M(5120M) 0,615ms
[178,543s][info][gc] GC(496) Concurrent Mark Cycle
[178,547s][info][gc] GC(496) Pause Remark 4115M->4115M(5120M) 0,743ms
[178,549s][info][gc] GC(496) Pause Cleanup 4115M->4115M(5120M) 0,117ms
[178,553s][info][gc] GC(496) Concurrent Mark Cycle 10,504ms
[178,566s][info][gc] GC(497) Pause Young (Concurrent Start) (G1 Humongous Allocation) 4115M->4112M(5120M) 1,099ms
[178,566s][info][gc] GC(498) Concurrent Mark Cycle
[178,571s][info][gc] GC(498) Pause Remark 4113M->4113M(5120M) 1,104ms
[178,574s][info][gc] GC(498) Pause Cleanup 4116M->4116M(5120M) 0,149ms
[178,577s][info][gc] GC(498) Concurrent Mark Cycle 11,135ms
[178,581s][info][gc] GC(499) Pause Young (Concurrent Start) (G1 Humongous Allocation) 4126M->4116M(5120M) 0,731ms
[178,581s][info][gc] GC(500) Concurrent Mark Cycle
[178,585s][info][gc] GC(500) Pause Remark 4123M->4123M(5120M) 0,617ms
[178,597s][info][gc] GC(500) Pause Cleanup 4128M->4128M(5120M) 0,206ms
[178,601s][info][gc] GC(500) Concurrent Mark Cycle 20,056ms
[178,652s][info][gc] GC(501) Pause Young (Concurrent Start) (G1 Humongous Allocation) 4138M->4109M(5120M) 4,544ms
[178,652s][info][gc] GC(502) Concurrent Mark Cycle
[178,659s][info][gc] GC(502) Pause Remark 4116M->4116M(5120M) 0,764ms
[178,667s][info][gc] GC(502) Pause Cleanup 4120M->4120M(5120M) 0,168ms
[178,672s][info][gc] GC(502) Concurrent Mark Cycle 19,535ms
[178,699s][info][gc] GC(503) Pause Young (Concurrent Start) (G1 Humongous Allocation) 4130M->4116M(5120M) 1,057ms
[178,699s][info][gc] GC(504) Concurrent Mark Cycle
[178,703s][info][gc] GC(504) Pause Remark 4123M->4123M(5120M) 1,027ms
[178,706s][info][gc] GC(504) Pause Cleanup 4123M->4123M(5120M) 0,148ms
[178,710s][info][gc] GC(504) Concurrent Mark Cycle 11,465ms
[178,723s][info][gc] GC(505) Pause Young (Concurrent Start) (G1 Humongous Allocation) 4128M->4112M(5120M) 2,644ms
[178,724s][info][gc] GC(506) Concurrent Mark Cycle
[178,731s][info][gc] GC(506) Pause Remark 4117M->4117M(5120M) 0,737ms
[178,733s][info][gc] GC(506) Pause Cleanup 4118M->4118M(5120M) 0,194ms
[178,739s][info][gc] GC(506) Concurrent Mark Cycle 14,879ms
[178,805s][info][gc] GC(507) Pause Young (Concurrent Start) (G1 Humongous Allocation) 4131M->4108M(5120M) 1,173ms
[178,805s][info][gc] GC(508) Concurrent Mark Cycle
[178,827s][info][gc] GC(508) Pause Remark 4119M->4119M(5120M) 1,005ms
[178,830s][info][gc] GC(508) Pause Cleanup 4120M->4120M(5120M) 0,209ms
[178,835s][info][gc] GC(508) Concurrent Mark Cycle 30,302ms
[178,869s][info][gc] GC(509) Pause Young (Concurrent Start) (G1 Humongous Allocation) 4122M->4108M(5120M) 0,738ms
[178,869s][info][gc] GC(510) Concurrent Mark Cycle
[178,877s][info][gc] GC(510) Pause Remark 4115M->4115M(5120M) 2,400ms
[178,880s][info][gc] GC(510) Pause Cleanup 4115M->4115M(5120M) 0,181ms
[178,884s][info][gc] GC(510) Concurrent Mark Cycle 15,439ms
[178,894s][info][gc] GC(511) Pause Young (Concurrent Start) (G1 Humongous Allocation) 4116M->4113M(5120M) 1,168ms
[178,894s][info][gc] GC(512) Concurrent Mark Cycle
[178,901s][info][gc] GC(512) Pause Remark 4115M->4115M(5120M) 1,153ms
[178,912s][info][gc] GC(512) Pause Cleanup 4127M->4127M(5120M) 4,009ms
[178,916s][info][gc] GC(512) Concurrent Mark Cycle 22,604ms
[178,928s][info][gc] GC(513) Pause Young (Concurrent Start) (G1 Humongous Allocation) 4129M->4116M(5120M) 1,199ms
[178,928s][info][gc] GC(514) Concurrent Mark Cycle
[178,932s][info][gc] GC(514) Pause Remark 4131M->4131M(5120M) 0,734ms
[178,934s][info][gc] GC(514) Pause Cleanup 4132M->4132M(5120M) 0,164ms
[178,942s][info][gc] GC(514) Concurrent Mark Cycle 13,859ms
[178,960s][info][gc] GC(515) Pause Young (Concurrent Start) (G1 Humongous Allocation) 4138M->4121M(5120M) 0,648ms
[178,960s][info][gc] GC(516) Concurrent Mark Cycle
[178,966s][info][gc] GC(516) Pause Remark 4126M->4126M(5120M) 1,065ms
[178,981s][info][gc] GC(516) Pause Cleanup 4127M->4127M(5120M) 0,175ms
[178,986s][info][gc] GC(516) Concurrent Mark Cycle 25,919ms
[179,018s][info][gc] GC(517) Pause Young (Concurrent Start) (G1 Humongous Allocation) 4130M->4108M(5120M) 1,131ms
[179,024s][info][gc] GC(518) Concurrent Mark Cycle
[179,029s][info][gc] GC(518) Pause Remark 4116M->4116M(5120M) 1,929ms
[179,057s][info][gc] GC(518) Pause Cleanup 4118M->4118M(5120M) 0,201ms
[179,062s][info][gc] GC(518) Concurrent Mark Cycle 38,257ms
[179,095s][info][gc] GC(519) Pause Young (Concurrent Start) (G1 Humongous Allocation) 4128M->4109M(5120M) 1,094ms
[179,095s][info][gc] GC(520) Concurrent Mark Cycle
[179,099s][info][gc] GC(520) Pause Remark 4113M->4113M(5120M) 1,017ms
[179,101s][info][gc] GC(520) Pause Cleanup 4113M->4113M(5120M) 0,119ms
[179,116s][info][gc] GC(520) Concurrent Mark Cycle 21,115ms
[179,144s][info][gc] GC(521) Pause Young (Concurrent Start) (G1 Humongous Allocation) 4118M->4108M(5120M) 1,020ms
[179,147s][info][gc] GC(522) Concurrent Mark Cycle
[179,151s][info][gc] GC(522) Pause Remark 4118M->4118M(5120M) 1,007ms
[179,155s][info][gc] GC(522) Pause Cleanup 4118M->4118M(5120M) 0,140ms
[179,164s][info][gc] GC(522) Concurrent Mark Cycle 17,724ms
[179,168s][info][gc] GC(523) Pause Young (Concurrent Start) (G1 Humongous Allocation) 4118M->4108M(5120M) 0,485ms
[179,168s][info][gc] GC(524) Concurrent Mark Cycle
[179,187s][info][gc] GC(524) Pause Remark 4114M->4114M(5120M) 0,853ms
[179,207s][info][gc] GC(524) Pause Cleanup 4117M->4117M(5120M) 0,155ms
[179,211s][info][gc] GC(524) Concurrent Mark Cycle 42,184ms
[179,221s][info][gc] GC(525) Pause Young (Concurrent Start) (G1 Humongous Allocation) 4117M->4108M(5120M) 0,950ms
[179,221s][info][gc] GC(526) Concurrent Mark Cycle
[179,236s][info][gc] GC(526) Pause Remark 4117M->4117M(5120M) 0,743ms
[179,241s][info][gc] GC(526) Pause Cleanup 4117M->4117M(5120M) 0,176ms
[179,261s][info][gc] GC(526) Concurrent Mark Cycle 39,639ms
[179,284s][info][gc] GC(527) Pause Young (Concurrent Start) (G1 Humongous Allocation) 4129M->4108M(5120M) 0,646ms
[179,284s][info][gc] GC(528) Concurrent Mark Cycle
[179,290s][info][gc] GC(528) Pause Remark 4116M->4116M(5120M) 1,219ms
[179,296s][info][gc] GC(528) Pause Cleanup 4117M->4117M(5120M) 0,163ms
[179,301s][info][gc] GC(528) Concurrent Mark Cycle 17,093ms
[179,309s][info][gc] GC(529) Pause Young (Concurrent Start) (G1 Humongous Allocation) 4118M->4116M(5120M) 0,578ms
[179,309s][info][gc] GC(530) Concurrent Mark Cycle
[179,313s][info][gc] GC(530) Pause Remark 4121M->4121M(5120M) 0,994ms
[179,316s][info][gc] GC(530) Pause Cleanup 4122M->4122M(5120M) 0,222ms
[179,329s][info][gc] GC(530) Concurrent Mark Cycle 19,863ms
[179,349s][info][gc] GC(531) Pause Young (Concurrent Start) (G1 Humongous Allocation) 4124M->4108M(5120M) 1,154ms
[179,349s][info][gc] GC(532) Concurrent Mark Cycle
[179,355s][info][gc] GC(532) Pause Remark 4113M->4113M(5120M) 2,145ms
[179,364s][info][gc] GC(532) Pause Cleanup 4118M->4118M(5120M) 0,266ms
[179,370s][info][gc] GC(532) Concurrent Mark Cycle 21,162ms
[179,377s][info][gc] GC(533) Pause Young (Concurrent Start) (G1 Humongous Allocation) 4118M->4116M(5120M) 1,167ms
[179,377s][info][gc] GC(534) Concurrent Mark Cycle
[179,389s][info][gc] GC(534) Pause Remark 4124M->4124M(5120M) 1,058ms
[179,399s][info][gc] GC(534) Pause Cleanup 4124M->4124M(5120M) 0,133ms
[179,404s][info][gc] GC(534) Concurrent Mark Cycle 27,074ms
[179,429s][info][gc] GC(535) Pause Young (Concurrent Start) (G1 Humongous Allocation) 4126M->4109M(5120M) 4,460ms
[179,429s][info][gc] GC(536) Concurrent Mark Cycle
[179,434s][info][gc] GC(536) Pause Remark 4118M->4118M(5120M) 0,565ms
[179,442s][info][gc] GC(536) Pause Cleanup 4118M->4118M(5120M) 0,226ms
[179,446s][info][gc] GC(536) Concurrent Mark Cycle 17,430ms
[179,472s][info][gc] GC(537) Pause Young (Concurrent Start) (G1 Humongous Allocation) 4128M->4108M(5120M) 0,459ms
[179,472s][info][gc] GC(538) Concurrent Mark Cycle
[179,477s][info][gc] GC(538) Pause Remark 4117M->4117M(5120M) 0,572ms
[179,480s][info][gc] GC(538) Pause Cleanup 4117M->4117M(5120M) 0,112ms
[179,484s][info][gc] GC(538) Concurrent Mark Cycle 11,825ms
[179,495s][info][gc] GC(539) Pause Young (Concurrent Start) (G1 Humongous Allocation) 4117M->4108M(5120M) 1,190ms
[179,495s][info][gc] GC(540) Concurrent Mark Cycle
[179,510s][info][gc] GC(540) Pause Remark 4122M->4122M(5120M) 0,622ms
[179,513s][info][gc] GC(540) Pause Cleanup 4122M->4122M(5120M) 0,133ms
[179,528s][info][gc] GC(540) Concurrent Mark Cycle 32,869ms
[179,560s][info][gc] GC(541) Pause Young (Concurrent Start) (G1 Humongous Allocation) 4129M->4108M(5120M) 0,734ms
[179,560s][info][gc] GC(542) Concurrent Mark Cycle
[179,564s][info][gc] GC(542) Pause Remark 4114M->4114M(5120M) 0,764ms
[179,567s][info][gc] GC(542) Pause Cleanup 4114M->4114M(5120M) 0,212ms
[179,573s][info][gc] GC(542) Concurrent Mark Cycle 12,415ms
[179,587s][info][gc] GC(543) Pause Young (Concurrent Start) (G1 Humongous Allocation) 4117M->4108M(5120M) 1,773ms
[179,587s][info][gc] GC(544) Concurrent Mark Cycle
[179,594s][info][gc] GC(544) Pause Remark 4121M->4121M(5120M) 1,189ms
[179,597s][info][gc] GC(544) Pause Cleanup 4122M->4122M(5120M) 0,164ms
[179,602s][info][gc] GC(544) Concurrent Mark Cycle 14,315ms
[179,615s][info][gc] GC(545) Pause Young (Concurrent Start) (G1 Humongous Allocation) 4123M->4113M(5120M) 0,538ms
[179,615s][info][gc] GC(546) Concurrent Mark Cycle
[179,620s][info][gc] GC(546) Pause Remark 4118M->4118M(5120M) 1,961ms
[179,624s][info][gc] GC(546) Pause Cleanup 4118M->4118M(5120M) 0,187ms
[179,634s][info][gc] GC(546) Concurrent Mark Cycle 18,218ms
[179,680s][info][gc] GC(547) Pause Young (Concurrent Start) (G1 Humongous Allocation) 4124M->4108M(5120M) 0,568ms
[179,680s][info][gc] GC(548) Concurrent Mark Cycle
[179,684s][info][gc] GC(548) Pause Remark 4112M->4112M(5120M) 1,021ms
[179,689s][info][gc] GC(548) Pause Cleanup 4113M->4113M(5120M) 0,202ms
[179,700s][info][gc] GC(548) Concurrent Mark Cycle 20,363ms
[179,725s][info][gc] GC(549) Pause Young (Concurrent Start) (G1 Humongous Allocation) 4121M->4108M(5120M) 1,223ms
[179,725s][info][gc] GC(550) Concurrent Mark Cycle
[179,737s][info][gc] GC(550) Pause Remark 4118M->4118M(5120M) 0,778ms
[179,741s][info][gc] GC(550) Pause Cleanup 4122M->4122M(5120M) 0,173ms
[179,745s][info][gc] GC(550) Concurrent Mark Cycle 19,837ms
[179,781s][info][gc] GC(551) Pause Young (Concurrent Start) (G1 Humongous Allocation) 4130M->4108M(5120M) 1,012ms
[179,781s][info][gc] GC(552) Concurrent Mark Cycle
[179,785s][info][gc] GC(552) Pause Remark 4113M->4113M(5120M) 1,046ms
[179,789s][info][gc] GC(552) Pause Cleanup 4113M->4113M(5120M) 0,174ms
[179,793s][info][gc] GC(552) Concurrent Mark Cycle 11,574ms
[179,805s][info][gc] GC(553) Pause Young (Concurrent Start) (G1 Humongous Allocation) 4115M->4109M(5120M) 0,642ms
[179,805s][info][gc] GC(554) Concurrent Mark Cycle
[179,812s][info][gc] GC(554) Pause Remark 4114M->4114M(5120M) 3,906ms
[179,821s][info][gc] GC(554) Pause Cleanup 4115M->4115M(5120M) 0,206ms
[179,824s][info][gc] GC(554) Concurrent Mark Cycle 19,454ms
[179,834s][info][gc] GC(555) Pause Young (Concurrent Start) (G1 Humongous Allocation) 4115M->4112M(5120M) 1,464ms
[179,835s][info][gc] GC(556) Concurrent Mark Cycle
[179,848s][info][gc] GC(556) Pause Remark 4118M->4118M(5120M) 0,728ms
[179,850s][info][gc] GC(556) Pause Cleanup 4118M->4118M(5120M) 0,144ms
[179,862s][info][gc] GC(556) Concurrent Mark Cycle 27,505ms
[179,885s][info][gc] GC(557) Pause Young (Concurrent Start) (G1 Humongous Allocation) 4125M->4109M(5120M) 0,649ms
[179,886s][info][gc] GC(558) Concurrent Mark Cycle
[179,890s][info][gc] GC(558) Pause Remark 4114M->4114M(5120M) 0,593ms
[179,896s][info][gc] GC(558) Pause Cleanup 4118M->4118M(5120M) 0,149ms
[179,900s][info][gc] GC(558) Concurrent Mark Cycle 14,602ms
[179,922s][info][gc] GC(559) Pause Young (Concurrent Start) (G1 Humongous Allocation) 4122M->4108M(5120M) 0,660ms
[179,922s][info][gc] GC(560) Concurrent Mark Cycle
[179,931s][info][gc] GC(560) Pause Remark 4113M->4113M(5120M) 1,869ms
[179,938s][info][gc] GC(560) Pause Cleanup 4113M->4113M(5120M) 0,221ms
[179,942s][info][gc] GC(560) Concurrent Mark Cycle 20,215ms
[179,951s][info][gc] GC(561) Pause Young (Concurrent Start) (G1 Humongous Allocation) 4116M->4108M(5120M) 0,748ms
[179,951s][info][gc] GC(562) Concurrent Mark Cycle
[179,963s][info][gc] GC(562) Pause Remark 4113M->4113M(5120M) 7,198ms
[179,966s][info][gc] GC(562) Pause Cleanup 4114M->4114M(5120M) 0,191ms
[179,971s][info][gc] GC(562) Concurrent Mark Cycle 19,870ms
[180,000s][info][gc] GC(563) Pause Young (Concurrent Start) (G1 Humongous Allocation) 4117M->4109M(5120M) 1,480ms
[180,000s][info][gc] GC(564) Concurrent Mark Cycle
[180,005s][info][gc] GC(564) Pause Remark 4114M->4114M(5120M) 1,252ms
[180,008s][info][gc] GC(564) Pause Cleanup 4115M->4115M(5120M) 0,216ms
[180,012s][info][gc] GC(564) Concurrent Mark Cycle 11,421ms
[180,029s][info][gc] GC(565) Pause Young (Concurrent Start) (G1 Humongous Allocation) 4118M->4108M(5120M) 0,668ms
[180,029s][info][gc] GC(566) Concurrent Mark Cycle
[180,033s][info][gc] GC(566) Pause Remark 4113M->4113M(5120M) 1,207ms
[180,038s][info][gc] GC(566) Pause Cleanup 4113M->4113M(5120M) 0,204ms
[180,042s][info][gc] GC(566) Concurrent Mark Cycle 13,004ms
[180,075s][info][gc] GC(567) Pause Young (Concurrent Start) (G1 Humongous Allocation) 4115M->4108M(5120M) 0,719ms
[180,075s][info][gc] GC(568) Concurrent Mark Cycle
[180,079s][info][gc] GC(568) Pause Remark 4113M->4113M(5120M) 0,975ms
[180,086s][info][gc] GC(568) Pause Cleanup 4121M->4121M(5120M) 0,223ms
[180,095s][info][gc] GC(568) Concurrent Mark Cycle 19,715ms
[180,096s][info][gc] GC(569) Pause Young (Concurrent Start) (G1 Humongous Allocation) 4121M->4112M(5120M) 0,610ms
[180,096s][info][gc] GC(570) Concurrent Mark Cycle
[180,107s][info][gc] GC(570) Pause Remark 4118M->4118M(5120M) 0,677ms
[180,109s][info][gc] GC(570) Pause Cleanup 4119M->4119M(5120M) 0,122ms
[180,120s][info][gc] GC(570) Concurrent Mark Cycle 23,857ms
[180,159s][info][gc] GC(571) Pause Young (Concurrent Start) (G1 Humongous Allocation) 4133M->4109M(5120M) 0,631ms
[180,159s][info][gc] GC(572) Concurrent Mark Cycle
[180,165s][info][gc] GC(572) Pause Remark 4113M->4113M(5120M) 0,965ms
[180,168s][info][gc] GC(572) Pause Cleanup 4114M->4114M(5120M) 0,132ms
[180,172s][info][gc] GC(572) Concurrent Mark Cycle 13,268ms
[180,182s][info][gc] GC(573) Pause Young (Concurrent Start) (G1 Humongous Allocation) 4115M->4112M(5120M) 1,000ms
[180,182s][info][gc] GC(574) Concurrent Mark Cycle
[180,186s][info][gc] GC(574) Pause Remark 4118M->4118M(5120M) 1,172ms
[180,194s][info][gc] GC(574) Pause Cleanup 4118M->4118M(5120M) 0,145ms
[180,200s][info][gc] GC(574) Concurrent Mark Cycle 17,733ms
[180,213s][info][gc] GC(575) Pause Young (Concurrent Start) (G1 Humongous Allocation) 4118M->4116M(5120M) 4,927ms
[180,213s][info][gc] GC(576) Concurrent Mark Cycle
[180,225s][info][gc] GC(576) Pause Remark 4129M->4129M(5120M) 1,213ms
[180,229s][info][gc] GC(576) Pause Cleanup 4129M->4129M(5120M) 0,140ms
[180,234s][info][gc] GC(576) Concurrent Mark Cycle 20,993ms
Test[ALMOST_CONTIGUOUS | P_DPQS_2105| M=536870912] elapsed: 547.553456 ms ms, reference: 4628.5088479999995 ms
Preparing Test[SORTED | P_DPQS_2105| M=536870912] --------------------------------------
[180,506s][info][gc] GC(577) Pause Young (Concurrent Start) (G1 Humongous Allocation) 4132M->2056M(5120M) 1,641ms
[180,506s][info][gc] GC(578) Concurrent Undo Cycle
[180,513s][info][gc] GC(578) Concurrent Undo Cycle 6,610ms
[193,253s][info][gc] GC(579) Pause Young (Concurrent Start) (G1 Humongous Allocation) 4108M->4108M(5120M) 1,507ms
[193,253s][info][gc] GC(581) Concurrent Mark Cycle
[193,254s][info][gc] GC(580) Pause Young (Normal) (G1 Humongous Allocation) 4108M->4108M(5120M) 0,493ms
[193,264s][info][gc] GC(582) Pause Full (G1 Humongous Allocation) 4108M->2056M(5120M) 10,737ms
[193,268s][info][gc] GC(581) Concurrent Mark Cycle 15,140ms
data[0 : 100]: [125, 966, 4598, 4628, 6868, 7985, 9734, 9994, 11397, 11447, 12372, 12645, 13292, 13881, 14226, 14883, 15599, 15867, 17453, 17623, 17780, 18195, 18269, 19380, 19525, 20077, 20961, 22334, 22786, 22858, 22917, 24446, 27465, 31333, 31530, 32418, 33781, 35228, 36072, 37239, 37895, 40479, 43961, 46574, 46801, 46879, 48288, 49179, 49943, 51941, 52058, 52196, 54256, 58455, 58696, 59197, 60868, 61080, 61126, 61415, 61491, 62582, 64000, 64124, 65920, 67210, 68562, 69162, 70775, 71255, 71326, 71482, 72497, 72555, 72624, 72760, 74588, 74851, 75020, 75900, 76430, 77717, 79138, 80447, 81527, 82256, 82511, 83069, 85310, 85999, 88024, 88186, 88749, 89507, 93307, 95909, 96843, 96914, 97065, 98639]
data[-100 : 0]: [27829401, 27832428, 27833373, 27833583, 27836409, 27839225, 27839317, 27839807, 27840705, 27841509, 27843940, 27845658, 27846061, 27847134, 27847344, 27848149, 27849443, 27849514, 27850955, 27853796, 27854958, 27855746, 27856676, 27858261, 27858832, 27859818, 27860219, 27860836, 27862498, 27865537, 27866368, 27871025, 27871183, 27873453, 27873632, 27874790, 27875970, 27877784, 27878505, 27878677, 27878754, 27881193, 27882248, 27882327, 27883884, 27888359, 27889089, 27891893, 27892601, 27892714, 27893906, 27894805, 27895035, 27895739, 27897595, 27898033, 27898348, 27898826, 27900287, 27900510, 27900593, 27900930, 27901872, 27902171, 27902608, 27903936, 27904868, 27904891, 27905778, 27906023, 27906695, 27914490, 27915162, 27915904, 27916426, 27917222, 27920576, 27920710, 27921332, 27922395, 27922405, 27923424, 27923618, 27924333, 27924341, 27924393, 27925219, 27926615, 27927275, 27929231, 27930169, 27933330, 27933528, 27934957, 27935399, 27937687, 27937841, 27937856, 27939478, 27945751]
Test[SORTED | P_DPQS_2105| M=536870912] ---------------------------------------------------------------------
[194,128s][info][gc] GC(583) Pause Young (Concurrent Start) (G1 Humongous Allocation) 4110M->4108M(5120M) 0,924ms
[194,128s][info][gc] GC(584) Concurrent Mark Cycle
[194,128s][info][gc] GC(585) Pause Young (Normal) (G1 Humongous Allocation) 4108M->4108M(5120M) 0,841ms
[194,138s][info][gc] GC(586) Pause Full (G1 Humongous Allocation) 4108M->4108M(5120M) 9,569ms
[194,148s][info][gc] GC(587) Pause Full (G1 Humongous Allocation) 4108M->4108M(5120M) 10,040ms
[194,149s][info][gc] GC(584) Concurrent Mark Cycle 20,975ms
[194,726s][info][gc] GC(588) Pause Young (Concurrent Start) (G1 Humongous Allocation) 4111M->4108M(5120M) 0,585ms
[194,726s][info][gc] GC(589) Concurrent Mark Cycle
[194,730s][info][gc] GC(589) Pause Remark 4116M->4116M(5120M) 0,663ms
[194,744s][info][gc] GC(589) Pause Cleanup 4117M->4117M(5120M) 0,365ms
[194,752s][info][gc] GC(589) Concurrent Mark Cycle 26,384ms
[194,922s][info][gc] GC(590) Pause Young (Concurrent Start) (G1 Humongous Allocation) 4120M->4116M(5120M) 1,872ms
[194,922s][info][gc] GC(591) Concurrent Mark Cycle
[194,928s][info][gc] GC(591) Pause Remark 4126M->4126M(5120M) 0,987ms
[194,931s][info][gc] GC(591) Pause Cleanup 4126M->4126M(5120M) 0,203ms
[194,936s][info][gc] GC(591) Concurrent Mark Cycle 13,692ms
[195,071s][info][gc] GC(592) Pause Young (Concurrent Start) (G1 Humongous Allocation) 4128M->4116M(5120M) 1,748ms
[195,071s][info][gc] GC(593) Concurrent Mark Cycle
[195,082s][info][gc] GC(593) Pause Remark 4220M->4220M(5120M) 0,770ms
[195,093s][info][gc] GC(593) Pause Cleanup 4220M->4220M(5120M) 0,600ms
[195,097s][info][gc] GC(593) Concurrent Mark Cycle 26,254ms
[195,234s][info][gc] GC(594) Pause Young (Concurrent Start) (G1 Humongous Allocation) 4222M->4220M(5120M) 0,922ms
[195,234s][info][gc] GC(595) Concurrent Mark Cycle
[195,238s][info][gc] GC(596) Pause Young (Normal) (G1 Humongous Allocation) 4220M->4220M(5120M) 1,953ms
[195,253s][info][gc] GC(597) Pause Full (G1 Humongous Allocation) 4220M->4220M(5120M) 14,660ms
[195,260s][info][gc] GC(598) Pause Full (G1 Humongous Allocation) 4220M->4220M(5120M) 7,398ms
[195,262s][info][gc] GC(595) Concurrent Mark Cycle 28,126ms
[195,772s][info][gc] GC(599) Pause Young (Concurrent Start) (G1 Humongous Allocation) 4222M->4220M(5120M) 0,963ms
[195,772s][info][gc] GC(600) Concurrent Mark Cycle
[195,777s][info][gc] GC(600) Pause Remark 4282M->4282M(5120M) 0,706ms
[195,780s][info][gc] GC(600) Pause Cleanup 4282M->4282M(5120M) 0,287ms
[195,793s][info][gc] GC(600) Concurrent Mark Cycle 21,219ms
[196,252s][info][gc] GC(601) Pause Young (Concurrent Start) (G1 Humongous Allocation) 4283M->4280M(5120M) 1,002ms
[196,252s][info][gc] GC(602) Concurrent Mark Cycle
[196,272s][info][gc] GC(602) Pause Remark 4680M->4576M(5120M) 1,078ms
[196,276s][info][gc] GC(602) Pause Cleanup 4578M->4578M(5120M) 0,110ms
[196,283s][info][gc] GC(602) Concurrent Mark Cycle 30,842ms
[196,417s][info][gc] GC(603) Pause Young (Concurrent Start) (G1 Humongous Allocation) 4578M->4516M(5120M) 1,762ms
[196,417s][info][gc] GC(604) Concurrent Mark Cycle
[196,425s][info][gc] GC(604) Pause Remark 4614M->4614M(5120M) 1,765ms
[196,433s][info][gc] GC(604) Pause Cleanup 4614M->4614M(5120M) 0,308ms
[196,436s][info][gc] GC(604) Concurrent Mark Cycle 19,457ms
[197,395s][info][gc] GC(605) Pause Young (Concurrent Start) (G1 Humongous Allocation) 4615M->4516M(5120M) 1,450ms
[197,395s][info][gc] GC(606) Concurrent Mark Cycle
[197,426s][info][gc] GC(606) Pause Remark 4726M->4726M(5120M) 1,328ms
[197,429s][info][gc] GC(606) Pause Cleanup 4726M->4726M(5120M) 0,125ms
[197,433s][info][gc] GC(606) Concurrent Mark Cycle 38,376ms
[199,818s][info][gc] GC(607) Pause Young (Concurrent Start) (G1 Humongous Allocation) 4730M->4516M(5120M) 1,577ms
[199,818s][info][gc] GC(608) Concurrent Mark Cycle
[199,819s][info][gc] GC(609) Pause Young (Normal) (G1 Humongous Allocation) 4516M->4516M(5120M) 0,372ms
[199,833s][info][gc] GC(610) Pause Full (G1 Humongous Allocation) 4516M->4516M(5120M) 14,365ms
[199,840s][info][gc] GC(611) Pause Full (G1 Humongous Allocation) 4516M->4516M(5120M) 7,088ms
[199,840s][info][gc] GC(608) Concurrent Mark Cycle 22,361ms
[200,224s][info][gc] GC(612) Pause Young (Concurrent Start) (G1 Humongous Allocation) 4519M->4516M(5120M) 1,174ms
[200,224s][info][gc] GC(613) Concurrent Mark Cycle
[200,229s][info][gc] GC(613) Pause Remark 4522M->4522M(5120M) 1,530ms
[200,231s][info][gc] GC(613) Pause Cleanup 4522M->4522M(5120M) 0,296ms
[200,236s][info][gc] GC(613) Concurrent Mark Cycle 12,262ms
[200,273s][info][gc] GC(614) Pause Young (Concurrent Start) (G1 Humongous Allocation) 4522M->4516M(5120M) 1,288ms
[200,273s][info][gc] GC(615) Concurrent Mark Cycle
[200,277s][info][gc] GC(615) Pause Remark 4522M->4522M(5120M) 0,932ms
[200,289s][info][gc] GC(615) Pause Cleanup 4522M->4522M(5120M) 0,174ms
[200,293s][info][gc] GC(615) Concurrent Mark Cycle 19,998ms
[200,320s][info][gc] GC(616) Pause Young (Concurrent Start) (G1 Humongous Allocation) 4522M->4516M(5120M) 1,559ms
[200,320s][info][gc] GC(617) Concurrent Mark Cycle
[200,326s][info][gc] GC(617) Pause Remark 4542M->4542M(5120M) 1,334ms
[200,329s][info][gc] GC(617) Pause Cleanup 4542M->4542M(5120M) 0,177ms
[200,333s][info][gc] GC(617) Concurrent Mark Cycle 13,173ms
[200,628s][info][gc] GC(618) Pause Young (Concurrent Start) (G1 Humongous Allocation) 4543M->4116M(5120M) 1,149ms
[200,628s][info][gc] GC(619) Concurrent Mark Cycle
[200,654s][info][gc] GC(619) Pause Remark 4660M->4660M(5120M) 1,452ms
[200,657s][info][gc] GC(619) Pause Cleanup 4660M->4660M(5120M) 0,122ms
[200,662s][info][gc] GC(619) Concurrent Mark Cycle 33,826ms
[206,221s][info][gc] GC(620) Pause Young (Concurrent Start) (G1 Humongous Allocation) 4667M->4116M(5120M) 1,537ms
[206,222s][info][gc] GC(621) Concurrent Mark Cycle
[206,252s][info][gc] GC(621) Pause Remark 4720M->4720M(5120M) 1,326ms
[206,258s][info][gc] GC(621) Pause Cleanup 4720M->4720M(5120M) 0,308ms
[206,264s][info][gc] GC(621) Concurrent Mark Cycle 42,747ms
Test[SORTED | P_SYSTEM| M=536870912] ------------------------------------------------------------------------
[213,274s][info][gc] GC(622) Pause Young (Concurrent Start) (G1 Humongous Allocation) 4732M->4116M(5120M) 0,874ms
[213,275s][info][gc] GC(623) Concurrent Mark Cycle
[213,275s][info][gc] GC(624) Pause Young (Normal) (G1 Humongous Allocation) 4116M->4116M(5120M) 0,674ms
[213,289s][info][gc] GC(625) Pause Full (G1 Humongous Allocation) 4116M->4108M(5120M) 13,275ms
[213,297s][info][gc] GC(626) Pause Full (G1 Humongous Allocation) 4108M->4108M(5120M) 7,749ms
[213,297s][info][gc] GC(623) Concurrent Mark Cycle 22,158ms
Test[SORTED | P_DPQS_2105| M=536870912] elapsed: 18519.506214999998 ms ms, reference: OOME
