[0.003s][info][gc] Using G1
ForkJoinPool.getCommonPoolParallelism(): 4
Preparing Test[UNIFORM | DPQS_2105| M=536870912] --------------------------------------
[2,793s][info][gc] GC(0) Pause Young (Concurrent Start) (G1 Humongous Allocation) 2059M->2056M(5120M) 7,921ms
[2,793s][info][gc] GC(1) Concurrent Undo Cycle
[2,859s][info][gc] GC(1) Concurrent Undo Cycle 66,018ms
data[0 : 100]: [821115357, 1660418793, 448078427, 1173353938, 172035578, 1503663573, 1140148415, 1479481729, 476149789, 834687859, 2047750023, 42182871, 824765253, 1540537685, 1519069752, 1763383946, 1673396284, 875013724, 1967895957, 782595981, 1599912200, 1675461783, 1835980039, 807454020, 800605705, 528711478, 1533887279, 1585986398, 1002055064, 2004339174, 1310597831, 523460224, 839094923, 1267552214, 1868476160, 1897048040, 1601258488, 546454063, 863000938, 1249246374, 938437503, 2078672561, 1528951094, 1327740661, 1108684519, 490676100, 488097079, 774543326, 1060127796, 375805141, 1693586690, 170643219, 1519054317, 1740713151, 1592548991, 1467834087, 586691714, 1588911439, 479983900, 465965348, 1454771131, 1881436516, 1679256016, 533368781, 2097654815, 1364030999, 686714004, 387620780, 1459759908, 1329238684, 1876773998, 1774079225, 1871366133, 108025020, 1602657311, 206128388, 1669795533, 1873022469, 1135617697, 1939643269, 977125648, 56334738, 1259671084, 896895893, 2031043497, 209419993, 410510454, 483064080, 374432650, 976802343, 2095481671, 981352200, 675687465, 976194159, 1303262383, 17078318, 1560544032, 1736425928, 1397252166, 142564779]
data[-100 : 0]: [391932006, 887640700, 1504591305, 1612660032, 887248121, 1930445822, 113291176, 635300252, 376933180, 888962974, 783376505, 1260696697, 922880303, 1522888238, 1826302699, 1794519487, 938128177, 1268976577, 1539576810, 1132567587, 393810016, 2103286555, 1671667238, 2035768973, 497522317, 165196608, 313287543, 1039721008, 32829644, 451822140, 583508633, 67251006, 1981426068, 585340016, 337625355, 817902346, 84170936, 112264119, 2142530482, 1767563418, 1315309969, 904692512, 2114714009, 612242208, 28976018, 724071133, 2143666873, 502596423, 121062952, 749830515, 1603003302, 835470874, 1863575790, 1358809788, 1927960493, 1770570231, 1129916752, 184526276, 1131403931, 37808826, 2103412934, 1296947518, 327893823, 768920236, 896461648, 13656038, 1815063486, 834057785, 743029198, 1979778603, 1137086469, 1115864520, 226117018, 928671017, 598144980, 360837037, 2124037048, 1090942609, 236003617, 1030578812, 1291247773, 1515888292, 1528734763, 608118972, 1269942816, 1074862888, 2101079607, 1787600584, 4698401, 1723137928, 693566194, 21725914, 948528024, 787322842, 386645031, 1536916106, 306079137, 2070305119, 1643919269, 1620968075]
Test[UNIFORM | DPQS_2105| M=536870912] ---------------------------------------------------------------------
[4,657s][info][gc] GC(2) Pause Young (Concurrent Start) (G1 Humongous Allocation) 4110M->4108M(5120M) 2,404ms
[4,657s][info][gc] GC(3) Concurrent Mark Cycle
[4,659s][info][gc] GC(4) Pause Young (Normal) (G1 Humongous Allocation) 4108M->4108M(5120M) 1,811ms
[4,703s][info][gc] GC(5) Pause Full (G1 Humongous Allocation) 4108M->4108M(5120M) 43,783ms
[4,714s][info][gc] GC(6) Pause Full (G1 Humongous Allocation) 4108M->4108M(5120M) 11,606ms
[4,715s][info][gc] GC(3) Concurrent Mark Cycle 58,114ms
radixSort: Java heap space
[9,124s][info][gc] GC(7) Pause Young (Concurrent Start) (G1 Humongous Allocation) 4110M->4108M(5120M) 2,709ms
[9,124s][info][gc] GC(8) Concurrent Mark Cycle
[9,125s][info][gc] GC(9) Pause Young (Normal) (G1 Humongous Allocation) 4108M->4108M(5120M) 0,603ms
[9,141s][info][gc] GC(10) Pause Full (G1 Humongous Allocation) 4108M->4108M(5120M) 16,560ms
[9,150s][info][gc] GC(11) Pause Full (G1 Humongous Allocation) 4108M->4108M(5120M) 8,846ms
[9,150s][info][gc] GC(8) Concurrent Mark Cycle 26,484ms
radixSort: Java heap space
[11,926s][info][gc] GC(12) Pause Young (Concurrent Start) (G1 Humongous Allocation) 4110M->4108M(5120M) 1,223ms
[11,926s][info][gc] GC(13) Concurrent Mark Cycle
[12,343s][info][gc] GC(13) Pause Remark 4828M->4828M(5120M) 1,577ms
[12,350s][info][gc] GC(13) Pause Cleanup 4830M->4830M(5120M) 0,392ms
[12,359s][info][gc] GC(13) Concurrent Mark Cycle 432,868ms
[15,361s][info][gc] GC(14) Pause Young (Concurrent Start) (G1 Humongous Allocation) 4830M->4108M(5120M) 1,388ms
[15,361s][info][gc] GC(15) Concurrent Mark Cycle
[15,395s][info][gc] GC(15) Pause Remark 4360M->4360M(5120M) 0,687ms
[15,400s][info][gc] GC(15) Pause Cleanup 4362M->4362M(5120M) 0,329ms
[15,413s][info][gc] GC(15) Concurrent Mark Cycle 52,575ms
[16,905s][info][gc] GC(16) Pause Young (Concurrent Start) (G1 Humongous Allocation) 4362M->4108M(5120M) 1,347ms
[16,905s][info][gc] GC(17) Concurrent Mark Cycle
[16,920s][info][gc] GC(17) Pause Remark 4300M->4300M(5120M) 0,963ms
[16,925s][info][gc] GC(17) Pause Cleanup 4302M->4302M(5120M) 0,169ms
[16,934s][info][gc] GC(17) Concurrent Mark Cycle 29,097ms
[17,921s][info][gc] GC(18) Pause Young (Concurrent Start) (G1 Humongous Allocation) 4302M->4108M(5120M) 1,469ms
[17,921s][info][gc] GC(19) Concurrent Mark Cycle
[17,964s][info][gc] GC(19) Pause Remark 4696M->4696M(5120M) 2,049ms
[17,968s][info][gc] GC(19) Pause Cleanup 4698M->4698M(5120M) 0,183ms
[17,975s][info][gc] GC(19) Concurrent Mark Cycle 53,615ms
[20,703s][info][gc] GC(20) Pause Young (Concurrent Start) (G1 Humongous Allocation) 4698M->4108M(5120M) 0,996ms
[20,703s][info][gc] GC(21) Concurrent Mark Cycle
[20,728s][info][gc] GC(21) Pause Remark 4412M->4412M(5120M) 1,289ms
[20,732s][info][gc] GC(21) Pause Cleanup 4414M->4414M(5120M) 0,189ms
[20,742s][info][gc] GC(21) Concurrent Mark Cycle 39,438ms
Test[UNIFORM | SYSTEM| M=536870912] ------------------------------------------------------------------------
Test[UNIFORM | DPQS_2105| M=536870912] elapsed: 17491.632023 ms, reference: 96839.610754 ms
Preparing Test[CONTIGUOUS | DPQS_2105| M=536870912] --------------------------------------
[119,388s][info][gc] GC(22) Pause Young (Concurrent Start) (G1 Humongous Allocation) 4414M->4M(5120M) 3,121ms
[119,388s][info][gc] GC(23) Concurrent Undo Cycle
[119,395s][info][gc] GC(23) Concurrent Undo Cycle 7,811ms
[119,882s][info][gc] GC(24) Pause Young (Concurrent Start) (G1 Humongous Allocation) 2056M->2056M(5120M) 1,854ms
[119,882s][info][gc] GC(25) Concurrent Undo Cycle
[119,890s][info][gc] GC(25) Concurrent Undo Cycle 8,294ms
data[0 : 100]: [0, 1, 2, 3, 4, 5, 6, 7, 8, 9, 10, 11, 12, 13, 14, 15, 16, 17, 18, 19, 20, 21, 22, 23, 24, 25, 26, 27, 28, 29, 30, 31, 32, 33, 34, 35, 36, 37, 38, 39, 40, 41, 42, 43, 44, 45, 46, 47, 48, 49, 50, 51, 52, 53, 54, 55, 56, 57, 58, 59, 60, 61, 62, 63, 64, 65, 66, 67, 68, 69, 70, 71, 72, 73, 74, 75, 76, 77, 78, 79, 80, 81, 82, 83, 84, 85, 86, 87, 88, 89, 90, 91, 92, 93, 94, 95, 96, 97, 98, 99]
data[-100 : 0]: [536870812, 536870813, 536870814, 536870815, 536870816, 536870817, 536870818, 536870819, 536870820, 536870821, 536870822, 536870823, 536870824, 536870825, 536870826, 536870827, 536870828, 536870829, 536870830, 536870831, 536870832, 536870833, 536870834, 536870835, 536870836, 536870837, 536870838, 536870839, 536870840, 536870841, 536870842, 536870843, 536870844, 536870845, 536870846, 536870847, 536870848, 536870849, 536870850, 536870851, 536870852, 536870853, 536870854, 536870855, 536870856, 536870857, 536870858, 536870859, 536870860, 536870861, 536870862, 536870863, 536870864, 536870865, 536870866, 536870867, 536870868, 536870869, 536870870, 536870871, 536870872, 536870873, 536870874, 536870875, 536870876, 536870877, 536870878, 536870879, 536870880, 536870881, 536870882, 536870883, 536870884, 536870885, 536870886, 536870887, 536870888, 536870889, 536870890, 536870891, 536870892, 536870893, 536870894, 536870895, 536870896, 536870897, 536870898, 536870899, 536870900, 536870901, 536870902, 536870903, 536870904, 536870905, 536870906, 536870907, 536870908, 536870909, 536870910, 536870911]
Test[CONTIGUOUS | DPQS_2105| M=536870912] ---------------------------------------------------------------------
Test[CONTIGUOUS | SYSTEM| M=536870912] ------------------------------------------------------------------------
Test[CONTIGUOUS | DPQS_2105| M=536870912] elapsed: 2018.3234679999998 ms, reference: 1403.980335 ms
Preparing Test[CONTIGUOUS_REVERSE | DPQS_2105| M=536870912] --------------------------------------
[124,470s][info][gc] GC(26) Pause Young (Concurrent Start) (G1 Humongous Allocation) 4110M->4M(5120M) 1,629ms
[124,470s][info][gc] GC(27) Concurrent Undo Cycle
[124,478s][info][gc] GC(27) Concurrent Undo Cycle 7,116ms
[124,946s][info][gc] GC(28) Pause Young (Concurrent Start) (G1 Humongous Allocation) 2056M->2056M(5120M) 2,190ms
[124,946s][info][gc] GC(29) Concurrent Undo Cycle
[124,954s][info][gc] GC(29) Concurrent Undo Cycle 8,412ms
data[0 : 100]: [536870912, 536870911, 536870910, 536870909, 536870908, 536870907, 536870906, 536870905, 536870904, 536870903, 536870902, 536870901, 536870900, 536870899, 536870898, 536870897, 536870896, 536870895, 536870894, 536870893, 536870892, 536870891, 536870890, 536870889, 536870888, 536870887, 536870886, 536870885, 536870884, 536870883, 536870882, 536870881, 536870880, 536870879, 536870878, 536870877, 536870876, 536870875, 536870874, 536870873, 536870872, 536870871, 536870870, 536870869, 536870868, 536870867, 536870866, 536870865, 536870864, 536870863, 536870862, 536870861, 536870860, 536870859, 536870858, 536870857, 536870856, 536870855, 536870854, 536870853, 536870852, 536870851, 536870850, 536870849, 536870848, 536870847, 536870846, 536870845, 536870844, 536870843, 536870842, 536870841, 536870840, 536870839, 536870838, 536870837, 536870836, 536870835, 536870834, 536870833, 536870832, 536870831, 536870830, 536870829, 536870828, 536870827, 536870826, 536870825, 536870824, 536870823, 536870822, 536870821, 536870820, 536870819, 536870818, 536870817, 536870816, 536870815, 536870814, 536870813]
data[-100 : 0]: [100, 99, 98, 97, 96, 95, 94, 93, 92, 91, 90, 89, 88, 87, 86, 85, 84, 83, 82, 81, 80, 79, 78, 77, 76, 75, 74, 73, 72, 71, 70, 69, 68, 67, 66, 65, 64, 63, 62, 61, 60, 59, 58, 57, 56, 55, 54, 53, 52, 51, 50, 49, 48, 47, 46, 45, 44, 43, 42, 41, 40, 39, 38, 37, 36, 35, 34, 33, 32, 31, 30, 29, 28, 27, 26, 25, 24, 23, 22, 21, 20, 19, 18, 17, 16, 15, 14, 13, 12, 11, 10, 9, 8, 7, 6, 5, 4, 3, 2, 1]
Test[CONTIGUOUS_REVERSE | DPQS_2105| M=536870912] ---------------------------------------------------------------------
Test[CONTIGUOUS_REVERSE | SYSTEM| M=536870912] ------------------------------------------------------------------------
Test[CONTIGUOUS_REVERSE | DPQS_2105| M=536870912] elapsed: 2472.578408 ms, reference: 1620.593449 ms
Preparing Test[ALMOST_CONTIGUOUS | DPQS_2105| M=536870912] --------------------------------------
[130,188s][info][gc] GC(30) Pause Young (Concurrent Start) (G1 Humongous Allocation) 4110M->4M(5120M) 2,423ms
[130,188s][info][gc] GC(31) Concurrent Undo Cycle
[130,209s][info][gc] GC(31) Concurrent Undo Cycle 21,176ms
[130,693s][info][gc] GC(32) Pause Young (Concurrent Start) (G1 Humongous Allocation) 2056M->2056M(5120M) 2,282ms
[130,693s][info][gc] GC(33) Concurrent Undo Cycle
[130,701s][info][gc] GC(33) Concurrent Undo Cycle 8,001ms
data[0 : 100]: [255, 254, 253, 252, 251, 250, 249, 248, 247, 246, 245, 244, 243, 242, 241, 240, 239, 238, 237, 236, 235, 234, 233, 232, 231, 230, 229, 228, 227, 226, 225, 224, 223, 222, 221, 220, 219, 218, 217, 216, 215, 214, 213, 212, 211, 210, 209, 208, 207, 206, 205, 204, 203, 202, 201, 200, 199, 198, 197, 196, 195, 194, 193, 192, 191, 190, 189, 188, 187, 186, 185, 184, 183, 182, 181, 180, 179, 178, 177, 176, 175, 174, 173, 172, 171, 170, 169, 168, 167, 166, 165, 164, 163, 162, 161, 160, 159, 158, 157, 156]
data[-100 : 0]: [536870755, 536870754, 536870753, 536870752, 536870751, 536870750, 536870749, 536870748, 536870747, 536870746, 536870745, 536870744, 536870743, 536870742, 536870741, 536870740, 536870739, 536870738, 536870737, 536870736, 536870735, 536870734, 536870733, 536870732, 536870731, 536870730, 536870729, 536870728, 536870727, 536870726, 536870725, 536870724, 536870723, 536870722, 536870721, 536870720, 536870719, 536870718, 536870717, 536870716, 536870715, 536870714, 536870713, 536870712, 536870711, 536870710, 536870709, 536870708, 536870707, 536870706, 536870705, 536870704, 536870703, 536870702, 536870701, 536870700, 536870699, 536870698, 536870697, 536870696, 536870695, 536870694, 536870693, 536870692, 536870691, 536870690, 536870689, 536870688, 536870687, 536870686, 536870685, 536870684, 536870683, 536870682, 536870681, 536870680, 536870679, 536870678, 536870677, 536870676, 536870675, 536870674, 536870673, 536870672, 536870671, 536870670, 536870669, 536870668, 536870667, 536870666, 536870665, 536870664, 536870663, 536870662, 536870661, 536870660, 536870659, 536870658, 536870657, 536870656]
Test[ALMOST_CONTIGUOUS | DPQS_2105| M=536870912] ---------------------------------------------------------------------
Test[ALMOST_CONTIGUOUS | SYSTEM| M=536870912] ------------------------------------------------------------------------
[133,225s][info][gc] GC(34) Pause Young (Concurrent Start) (G1 Humongous Allocation) 4114M->4108M(5120M) 3,792ms
[133,225s][info][gc] GC(35) Concurrent Mark Cycle
[133,235s][info][gc] GC(35) Pause Remark 4116M->4116M(5120M) 1,701ms
[133,243s][info][gc] GC(35) Pause Cleanup 4116M->4116M(5120M) 0,222ms
[133,261s][info][gc] GC(35) Concurrent Mark Cycle 35,603ms
[133,313s][info][gc] GC(36) Pause Young (Concurrent Start) (G1 Humongous Allocation) 4120M->4108M(5120M) 1,061ms
[133,314s][info][gc] GC(37) Concurrent Mark Cycle
[133,325s][info][gc] GC(37) Pause Remark 4116M->4116M(5120M) 0,881ms
[133,329s][info][gc] GC(37) Pause Cleanup 4116M->4116M(5120M) 0,227ms
[133,338s][info][gc] GC(37) Concurrent Mark Cycle 24,322ms
[133,404s][info][gc] GC(38) Pause Young (Concurrent Start) (G1 Humongous Allocation) 4119M->4108M(5120M) 1,065ms
[133,404s][info][gc] GC(39) Concurrent Mark Cycle
[133,411s][info][gc] GC(39) Pause Remark 4116M->4116M(5120M) 1,227ms
[133,420s][info][gc] GC(39) Pause Cleanup 4116M->4116M(5120M) 0,278ms
[133,429s][info][gc] GC(39) Concurrent Mark Cycle 25,290ms
[133,467s][info][gc] GC(40) Pause Young (Concurrent Start) (G1 Humongous Allocation) 4118M->4108M(5120M) 1,593ms
[133,467s][info][gc] GC(41) Concurrent Mark Cycle
[133,474s][info][gc] GC(41) Pause Remark 4116M->4116M(5120M) 1,960ms
[133,487s][info][gc] GC(41) Pause Cleanup 4116M->4116M(5120M) 0,218ms
[133,503s][info][gc] GC(41) Concurrent Mark Cycle 35,512ms
[133,583s][info][gc] GC(42) Pause Young (Concurrent Start) (G1 Humongous Allocation) 4120M->4108M(5120M) 1,957ms
[133,583s][info][gc] GC(43) Concurrent Mark Cycle
[133,593s][info][gc] GC(43) Pause Remark 4116M->4116M(5120M) 1,705ms
[133,602s][info][gc] GC(43) Pause Cleanup 4116M->4116M(5120M) 0,237ms
[133,611s][info][gc] GC(43) Concurrent Mark Cycle 28,514ms
[133,743s][info][gc] GC(44) Pause Young (Concurrent Start) (G1 Humongous Allocation) 4122M->4108M(5120M) 1,878ms
[133,743s][info][gc] GC(45) Concurrent Mark Cycle
[133,749s][info][gc] GC(45) Pause Remark 4116M->4116M(5120M) 1,422ms
[133,760s][info][gc] GC(45) Pause Cleanup 4116M->4116M(5120M) 0,334ms
[133,771s][info][gc] GC(45) Concurrent Mark Cycle 28,058ms
[133,807s][info][gc] GC(46) Pause Young (Concurrent Start) (G1 Humongous Allocation) 4118M->4108M(5120M) 1,905ms
[133,807s][info][gc] GC(47) Concurrent Mark Cycle
[133,813s][info][gc] GC(47) Pause Remark 4116M->4116M(5120M) 0,994ms
[133,822s][info][gc] GC(47) Pause Cleanup 4116M->4116M(5120M) 0,193ms
[133,830s][info][gc] GC(47) Concurrent Mark Cycle 22,933ms
[133,918s][info][gc] GC(48) Pause Young (Concurrent Start) (G1 Humongous Allocation) 4120M->4108M(5120M) 2,321ms
[133,918s][info][gc] GC(49) Concurrent Mark Cycle
[133,926s][info][gc] GC(49) Pause Remark 4116M->4116M(5120M) 2,610ms
[133,931s][info][gc] GC(49) Pause Cleanup 4116M->4116M(5120M) 0,195ms
[133,944s][info][gc] GC(49) Concurrent Mark Cycle 25,887ms
[134,147s][info][gc] GC(50) Pause Young (Concurrent Start) (G1 Humongous Allocation) 4122M->4108M(5120M) 0,972ms
[134,147s][info][gc] GC(51) Concurrent Mark Cycle
[134,154s][info][gc] GC(51) Pause Remark 4116M->4116M(5120M) 1,584ms
[134,159s][info][gc] GC(51) Pause Cleanup 4116M->4116M(5120M) 0,568ms
[134,167s][info][gc] GC(51) Concurrent Mark Cycle 20,027ms
[134,213s][info][gc] GC(52) Pause Young (Concurrent Start) (G1 Humongous Allocation) 4118M->4108M(5120M) 1,512ms
[134,213s][info][gc] GC(53) Concurrent Mark Cycle
[134,222s][info][gc] GC(53) Pause Remark 4116M->4116M(5120M) 0,605ms
[134,237s][info][gc] GC(53) Pause Cleanup 4116M->4116M(5120M) 0,228ms
[134,244s][info][gc] GC(53) Concurrent Mark Cycle 31,699ms
[134,330s][info][gc] GC(54) Pause Young (Concurrent Start) (G1 Humongous Allocation) 4120M->4108M(5120M) 1,465ms
[134,330s][info][gc] GC(55) Concurrent Mark Cycle
[134,338s][info][gc] GC(55) Pause Remark 4116M->4116M(5120M) 1,743ms
[134,347s][info][gc] GC(55) Pause Cleanup 4116M->4116M(5120M) 3,410ms
[134,357s][info][gc] GC(55) Concurrent Mark Cycle 26,218ms
[134,637s][info][gc] GC(56) Pause Young (Concurrent Start) (G1 Humongous Allocation) 4132M->4108M(5120M) 1,372ms
[134,637s][info][gc] GC(57) Concurrent Mark Cycle
[134,643s][info][gc] GC(57) Pause Remark 4112M->4112M(5120M) 0,957ms
[134,649s][info][gc] GC(57) Pause Cleanup 4112M->4112M(5120M) 1,686ms
[134,661s][info][gc] GC(57) Concurrent Mark Cycle 24,253ms
[134,704s][info][gc] GC(58) Pause Young (Concurrent Start) (G1 Humongous Allocation) 4114M->4108M(5120M) 1,913ms
[134,704s][info][gc] GC(59) Concurrent Mark Cycle
[134,713s][info][gc] GC(59) Pause Remark 4112M->4112M(5120M) 1,984ms
[134,718s][info][gc] GC(59) Pause Cleanup 4112M->4112M(5120M) 0,208ms
[134,727s][info][gc] GC(59) Concurrent Mark Cycle 23,202ms
[134,824s][info][gc] GC(60) Pause Young (Concurrent Start) (G1 Humongous Allocation) 4116M->4108M(5120M) 2,504ms
[134,824s][info][gc] GC(61) Concurrent Mark Cycle
[134,832s][info][gc] GC(61) Pause Remark 4112M->4112M(5120M) 1,610ms
[134,838s][info][gc] GC(61) Pause Cleanup 4112M->4112M(5120M) 0,204ms
[134,851s][info][gc] GC(61) Concurrent Mark Cycle 27,435ms
[134,893s][info][gc] GC(62) Pause Young (Concurrent Start) (G1 Humongous Allocation) 4114M->4108M(5120M) 2,130ms
[134,893s][info][gc] GC(63) Concurrent Mark Cycle
[134,901s][info][gc] GC(63) Pause Remark 4112M->4112M(5120M) 1,667ms
[134,906s][info][gc] GC(63) Pause Cleanup 4112M->4112M(5120M) 0,528ms
[134,913s][info][gc] GC(63) Concurrent Mark Cycle 20,005ms
[134,992s][info][gc] GC(64) Pause Young (Concurrent Start) (G1 Humongous Allocation) 4114M->4108M(5120M) 1,385ms
[134,992s][info][gc] GC(65) Concurrent Mark Cycle
[135,002s][info][gc] GC(65) Pause Remark 4116M->4116M(5120M) 1,198ms
[135,008s][info][gc] GC(65) Pause Cleanup 4116M->4116M(5120M) 0,213ms
[135,015s][info][gc] GC(65) Concurrent Mark Cycle 22,791ms
[135,167s][info][gc] GC(66) Pause Young (Concurrent Start) (G1 Humongous Allocation) 4124M->4108M(5120M) 0,873ms
[135,167s][info][gc] GC(67) Concurrent Mark Cycle
[135,174s][info][gc] GC(67) Pause Remark 4112M->4112M(5120M) 2,336ms
[135,179s][info][gc] GC(67) Pause Cleanup 4112M->4112M(5120M) 0,190ms
[135,191s][info][gc] GC(67) Concurrent Mark Cycle 24,731ms
[135,230s][info][gc] GC(68) Pause Young (Concurrent Start) (G1 Humongous Allocation) 4114M->4108M(5120M) 0,660ms
[135,230s][info][gc] GC(69) Concurrent Mark Cycle
[135,237s][info][gc] GC(69) Pause Remark 4112M->4112M(5120M) 0,659ms
[135,242s][info][gc] GC(69) Pause Cleanup 4112M->4112M(5120M) 0,201ms
[135,255s][info][gc] GC(69) Concurrent Mark Cycle 24,663ms
[135,346s][info][gc] GC(70) Pause Young (Concurrent Start) (G1 Humongous Allocation) 4116M->4108M(5120M) 0,662ms
[135,346s][info][gc] GC(71) Concurrent Mark Cycle
[135,355s][info][gc] GC(71) Pause Remark 4112M->4112M(5120M) 0,493ms
[135,362s][info][gc] GC(71) Pause Cleanup 4112M->4112M(5120M) 0,224ms
[135,371s][info][gc] GC(71) Concurrent Mark Cycle 24,520ms
[135,410s][info][gc] GC(72) Pause Young (Concurrent Start) (G1 Humongous Allocation) 4114M->4108M(5120M) 1,705ms
[135,410s][info][gc] GC(73) Concurrent Mark Cycle
[135,419s][info][gc] GC(73) Pause Remark 4112M->4112M(5120M) 1,707ms
[135,423s][info][gc] GC(73) Pause Cleanup 4112M->4112M(5120M) 0,198ms
[135,437s][info][gc] GC(73) Concurrent Mark Cycle 27,238ms
[135,603s][info][gc] GC(74) Pause Young (Concurrent Start) (G1 Humongous Allocation) 4115M->4108M(5120M) 0,785ms
[135,603s][info][gc] GC(75) Concurrent Mark Cycle
[135,609s][info][gc] GC(75) Pause Remark 4116M->4116M(5120M) 0,953ms
[135,621s][info][gc] GC(75) Pause Cleanup 4116M->4116M(5120M) 0,220ms
[135,631s][info][gc] GC(75) Concurrent Mark Cycle 28,735ms
[135,670s][info][gc] GC(76) Pause Young (Concurrent Start) (G1 Humongous Allocation) 4118M->4108M(5120M) 5,273ms
[135,670s][info][gc] GC(77) Concurrent Mark Cycle
[135,682s][info][gc] GC(77) Pause Remark 4116M->4116M(5120M) 3,852ms
[135,687s][info][gc] GC(77) Pause Cleanup 4116M->4116M(5120M) 0,209ms
[135,705s][info][gc] GC(77) Concurrent Mark Cycle 35,293ms
[135,788s][info][gc] GC(78) Pause Young (Concurrent Start) (G1 Humongous Allocation) 4120M->4108M(5120M) 0,701ms
[135,788s][info][gc] GC(79) Concurrent Mark Cycle
[135,796s][info][gc] GC(79) Pause Remark 4116M->4116M(5120M) 1,385ms
[135,801s][info][gc] GC(79) Pause Cleanup 4116M->4116M(5120M) 0,259ms
[135,809s][info][gc] GC(79) Concurrent Mark Cycle 21,516ms
[135,919s][info][gc] GC(80) Pause Young (Concurrent Start) (G1 Humongous Allocation) 4120M->4108M(5120M) 1,395ms
[135,919s][info][gc] GC(81) Concurrent Mark Cycle
[135,927s][info][gc] GC(81) Pause Remark 4116M->4116M(5120M) 1,492ms
[135,937s][info][gc] GC(81) Pause Cleanup 4116M->4116M(5120M) 0,240ms
[135,948s][info][gc] GC(81) Concurrent Mark Cycle 28,802ms
[136,077s][info][gc] GC(82) Pause Young (Concurrent Start) (G1 Humongous Allocation) 4124M->4108M(5120M) 1,492ms
[136,077s][info][gc] GC(83) Concurrent Mark Cycle
[136,085s][info][gc] GC(83) Pause Remark 4112M->4112M(5120M) 1,840ms
[136,089s][info][gc] GC(83) Pause Cleanup 4112M->4112M(5120M) 0,191ms
[136,101s][info][gc] GC(83) Concurrent Mark Cycle 23,109ms
[136,149s][info][gc] GC(84) Pause Young (Concurrent Start) (G1 Humongous Allocation) 4114M->4108M(5120M) 1,480ms
[136,149s][info][gc] GC(85) Concurrent Mark Cycle
[136,155s][info][gc] GC(85) Pause Remark 4112M->4112M(5120M) 0,731ms
[136,160s][info][gc] GC(85) Pause Cleanup 4112M->4112M(5120M) 0,340ms
[136,171s][info][gc] GC(85) Concurrent Mark Cycle 22,337ms
[136,268s][info][gc] GC(86) Pause Young (Concurrent Start) (G1 Humongous Allocation) 4116M->4108M(5120M) 2,342ms
[136,268s][info][gc] GC(87) Concurrent Mark Cycle
[136,287s][info][gc] GC(87) Pause Remark 4112M->4112M(5120M) 2,789ms
[136,292s][info][gc] GC(87) Pause Cleanup 4112M->4112M(5120M) 0,198ms
[136,311s][info][gc] GC(87) Concurrent Mark Cycle 43,440ms
[136,333s][info][gc] GC(88) Pause Young (Concurrent Start) (G1 Humongous Allocation) 4114M->4108M(5120M) 1,451ms
[136,333s][info][gc] GC(89) Concurrent Mark Cycle
[136,347s][info][gc] GC(89) Pause Remark 4112M->4112M(5120M) 1,559ms
[136,355s][info][gc] GC(89) Pause Cleanup 4112M->4112M(5120M) 0,258ms
[136,371s][info][gc] GC(89) Concurrent Mark Cycle 37,957ms
[136,421s][info][gc] GC(90) Pause Young (Concurrent Start) (G1 Humongous Allocation) 4114M->4108M(5120M) 1,602ms
[136,421s][info][gc] GC(91) Concurrent Mark Cycle
[136,432s][info][gc] GC(91) Pause Remark 4116M->4116M(5120M) 5,588ms
[136,438s][info][gc] GC(91) Pause Cleanup 4116M->4116M(5120M) 0,241ms
[136,453s][info][gc] GC(91) Concurrent Mark Cycle 32,536ms
[136,609s][info][gc] GC(92) Pause Young (Concurrent Start) (G1 Humongous Allocation) 4124M->4108M(5120M) 1,096ms
[136,609s][info][gc] GC(93) Concurrent Mark Cycle
[136,617s][info][gc] GC(93) Pause Remark 4112M->4112M(5120M) 1,607ms
[136,622s][info][gc] GC(93) Pause Cleanup 4112M->4112M(5120M) 0,202ms
[136,635s][info][gc] GC(93) Concurrent Mark Cycle 25,571ms
[136,673s][info][gc] GC(94) Pause Young (Concurrent Start) (G1 Humongous Allocation) 4114M->4108M(5120M) 1,422ms
[136,674s][info][gc] GC(95) Concurrent Mark Cycle
[136,687s][info][gc] GC(95) Pause Remark 4112M->4112M(5120M) 1,619ms
[136,699s][info][gc] GC(95) Pause Cleanup 4112M->4112M(5120M) 0,191ms
[136,705s][info][gc] GC(95) Concurrent Mark Cycle 31,786ms
[136,775s][info][gc] GC(96) Pause Young (Concurrent Start) (G1 Humongous Allocation) 4116M->4108M(5120M) 1,477ms
[136,775s][info][gc] GC(97) Concurrent Mark Cycle
[136,791s][info][gc] GC(97) Pause Remark 4112M->4112M(5120M) 5,957ms
[136,803s][info][gc] GC(97) Pause Cleanup 4112M->4112M(5120M) 0,211ms
[136,817s][info][gc] GC(97) Concurrent Mark Cycle 42,303ms
[136,836s][info][gc] GC(98) Pause Young (Concurrent Start) (G1 Humongous Allocation) 4114M->4108M(5120M) 2,487ms
[136,836s][info][gc] GC(99) Concurrent Mark Cycle
[136,849s][info][gc] GC(99) Pause Remark 4112M->4112M(5120M) 1,214ms
[136,863s][info][gc] GC(99) Pause Cleanup 4114M->4114M(5120M) 0,258ms
[136,883s][info][gc] GC(99) Concurrent Mark Cycle 47,158ms
[137,250s][info][gc] GC(100) Pause Young (Concurrent Start) (G1 Humongous Allocation) 4123M->4108M(5120M) 1,591ms
[137,250s][info][gc] GC(101) Concurrent Mark Cycle
[137,258s][info][gc] GC(101) Pause Remark 4116M->4116M(5120M) 1,426ms
[137,269s][info][gc] GC(101) Pause Cleanup 4116M->4116M(5120M) 0,250ms
[137,276s][info][gc] GC(101) Concurrent Mark Cycle 25,390ms
[137,294s][info][gc] GC(102) Pause Young (Concurrent Start) (G1 Humongous Allocation) 4118M->4108M(5120M) 1,296ms
[137,294s][info][gc] GC(103) Concurrent Mark Cycle
[137,307s][info][gc] GC(103) Pause Remark 4116M->4116M(5120M) 0,871ms
[137,322s][info][gc] GC(103) Pause Cleanup 4116M->4116M(5120M) 0,192ms
[137,329s][info][gc] GC(103) Concurrent Mark Cycle 34,690ms
[137,452s][info][gc] GC(104) Pause Young (Concurrent Start) (G1 Humongous Allocation) 4125M->4108M(5120M) 0,618ms
[137,452s][info][gc] GC(105) Concurrent Mark Cycle
[137,460s][info][gc] GC(105) Pause Remark 4116M->4116M(5120M) 1,587ms
[137,466s][info][gc] GC(105) Pause Cleanup 4116M->4116M(5120M) 0,199ms
[137,478s][info][gc] GC(105) Concurrent Mark Cycle 26,005ms
[137,599s][info][gc] GC(106) Pause Young (Concurrent Start) (G1 Humongous Allocation) 4120M->4108M(5120M) 1,302ms
[137,599s][info][gc] GC(107) Concurrent Mark Cycle
[137,610s][info][gc] GC(107) Pause Remark 4116M->4116M(5120M) 1,019ms
[137,618s][info][gc] GC(107) Pause Cleanup 4116M->4116M(5120M) 0,189ms
[137,630s][info][gc] GC(107) Concurrent Mark Cycle 30,885ms
[137,766s][info][gc] GC(108) Pause Young (Concurrent Start) (G1 Humongous Allocation) 4124M->4108M(5120M) 0,852ms
[137,766s][info][gc] GC(109) Concurrent Mark Cycle
[137,773s][info][gc] GC(109) Pause Remark 4112M->4112M(5120M) 1,966ms
[137,787s][info][gc] GC(109) Pause Cleanup 4112M->4112M(5120M) 0,675ms
[137,799s][info][gc] GC(109) Concurrent Mark Cycle 33,273ms
[137,835s][info][gc] GC(110) Pause Young (Concurrent Start) (G1 Humongous Allocation) 4114M->4108M(5120M) 2,299ms
[137,835s][info][gc] GC(111) Concurrent Mark Cycle
[137,843s][info][gc] GC(111) Pause Remark 4112M->4112M(5120M) 0,920ms
[137,851s][info][gc] GC(111) Pause Cleanup 4112M->4112M(5120M) 0,237ms
[137,865s][info][gc] GC(111) Concurrent Mark Cycle 30,071ms
[137,955s][info][gc] GC(112) Pause Young (Concurrent Start) (G1 Humongous Allocation) 4116M->4108M(5120M) 1,341ms
[137,955s][info][gc] GC(113) Concurrent Mark Cycle
[137,963s][info][gc] GC(113) Pause Remark 4112M->4112M(5120M) 1,485ms
[137,975s][info][gc] GC(113) Pause Cleanup 4112M->4112M(5120M) 0,289ms
[137,991s][info][gc] GC(113) Concurrent Mark Cycle 36,216ms
[138,019s][info][gc] GC(114) Pause Young (Concurrent Start) (G1 Humongous Allocation) 4114M->4108M(5120M) 1,594ms
[138,019s][info][gc] GC(115) Concurrent Mark Cycle
[138,032s][info][gc] GC(115) Pause Remark 4112M->4112M(5120M) 1,682ms
[138,053s][info][gc] GC(115) Pause Cleanup 4112M->4112M(5120M) 0,211ms
[138,063s][info][gc] GC(115) Concurrent Mark Cycle 43,308ms
[138,118s][info][gc] GC(116) Pause Young (Concurrent Start) (G1 Humongous Allocation) 4114M->4108M(5120M) 0,633ms
[138,118s][info][gc] GC(117) Concurrent Mark Cycle
[138,128s][info][gc] GC(117) Pause Remark 4116M->4116M(5120M) 1,752ms
[138,137s][info][gc] GC(117) Pause Cleanup 4116M->4116M(5120M) 0,368ms
[138,149s][info][gc] GC(117) Concurrent Mark Cycle 31,370ms
[138,298s][info][gc] GC(118) Pause Young (Concurrent Start) (G1 Humongous Allocation) 4123M->4108M(5120M) 1,596ms
[138,298s][info][gc] GC(119) Concurrent Mark Cycle
[138,307s][info][gc] GC(119) Pause Remark 4112M->4112M(5120M) 3,938ms
[138,318s][info][gc] GC(119) Pause Cleanup 4112M->4112M(5120M) 0,210ms
[138,327s][info][gc] GC(119) Concurrent Mark Cycle 29,274ms
[138,371s][info][gc] GC(120) Pause Young (Concurrent Start) (G1 Humongous Allocation) 4114M->4108M(5120M) 1,740ms
[138,371s][info][gc] GC(121) Concurrent Mark Cycle
[138,391s][info][gc] GC(121) Pause Remark 4112M->4112M(5120M) 1,314ms
[138,397s][info][gc] GC(121) Pause Cleanup 4112M->4112M(5120M) 0,209ms
[138,419s][info][gc] GC(121) Concurrent Mark Cycle 47,656ms
[138,493s][info][gc] GC(122) Pause Young (Concurrent Start) (G1 Humongous Allocation) 4116M->4108M(5120M) 1,312ms
[138,493s][info][gc] GC(123) Concurrent Mark Cycle
[138,502s][info][gc] GC(123) Pause Remark 4112M->4112M(5120M) 1,740ms
[138,513s][info][gc] GC(123) Pause Cleanup 4112M->4112M(5120M) 0,234ms
[138,520s][info][gc] GC(123) Concurrent Mark Cycle 26,164ms
[138,565s][info][gc] GC(124) Pause Young (Concurrent Start) (G1 Humongous Allocation) 4114M->4108M(5120M) 1,392ms
[138,565s][info][gc] GC(125) Concurrent Mark Cycle
[138,574s][info][gc] GC(125) Pause Remark 4112M->4112M(5120M) 2,381ms
[138,584s][info][gc] GC(125) Pause Cleanup 4112M->4112M(5120M) 0,193ms
[138,596s][info][gc] GC(125) Concurrent Mark Cycle 31,187ms
[138,755s][info][gc] GC(126) Pause Young (Concurrent Start) (G1 Humongous Allocation) 4114M->4108M(5120M) 1,628ms
[138,755s][info][gc] GC(127) Concurrent Mark Cycle
[138,762s][info][gc] GC(127) Pause Remark 4116M->4116M(5120M) 0,754ms
[138,770s][info][gc] GC(127) Pause Cleanup 4116M->4116M(5120M) 1,179ms
[138,780s][info][gc] GC(127) Concurrent Mark Cycle 25,066ms
[138,931s][info][gc] GC(128) Pause Young (Concurrent Start) (G1 Humongous Allocation) 4124M->4108M(5120M) 1,261ms
[138,931s][info][gc] GC(129) Concurrent Mark Cycle
[138,939s][info][gc] GC(129) Pause Remark 4112M->4112M(5120M) 1,500ms
[138,955s][info][gc] GC(129) Pause Cleanup 4112M->4112M(5120M) 0,205ms
[138,966s][info][gc] GC(129) Concurrent Mark Cycle 35,168ms
[138,999s][info][gc] GC(130) Pause Young (Concurrent Start) (G1 Humongous Allocation) 4114M->4108M(5120M) 3,010ms
[138,999s][info][gc] GC(131) Concurrent Mark Cycle
[139,010s][info][gc] GC(131) Pause Remark 4112M->4112M(5120M) 4,030ms
[139,017s][info][gc] GC(131) Pause Cleanup 4112M->4112M(5120M) 0,224ms
[139,026s][info][gc] GC(131) Concurrent Mark Cycle 27,223ms
[139,126s][info][gc] GC(132) Pause Young (Concurrent Start) (G1 Humongous Allocation) 4116M->4108M(5120M) 1,319ms
[139,126s][info][gc] GC(133) Concurrent Mark Cycle
[139,133s][info][gc] GC(133) Pause Remark 4112M->4112M(5120M) 1,354ms
[139,144s][info][gc] GC(133) Pause Cleanup 4112M->4112M(5120M) 0,428ms
[139,152s][info][gc] GC(133) Concurrent Mark Cycle 25,494ms
[139,203s][info][gc] GC(134) Pause Young (Concurrent Start) (G1 Humongous Allocation) 4114M->4108M(5120M) 3,773ms
[139,203s][info][gc] GC(135) Concurrent Mark Cycle
[139,217s][info][gc] GC(135) Pause Remark 4112M->4112M(5120M) 3,718ms
[139,222s][info][gc] GC(135) Pause Cleanup 4112M->4112M(5120M) 0,180ms
[139,236s][info][gc] GC(135) Concurrent Mark Cycle 33,708ms
[139,376s][info][gc] GC(136) Pause Young (Concurrent Start) (G1 Humongous Allocation) 4116M->4108M(5120M) 2,676ms
[139,376s][info][gc] GC(137) Concurrent Mark Cycle
[139,383s][info][gc] GC(137) Pause Remark 4112M->4112M(5120M) 1,938ms
[139,388s][info][gc] GC(137) Pause Cleanup 4112M->4112M(5120M) 0,215ms
[139,402s][info][gc] GC(137) Concurrent Mark Cycle 26,737ms
[139,442s][info][gc] GC(138) Pause Young (Concurrent Start) (G1 Humongous Allocation) 4114M->4108M(5120M) 0,717ms
[139,442s][info][gc] GC(139) Concurrent Mark Cycle
[139,449s][info][gc] GC(139) Pause Remark 4112M->4112M(5120M) 1,567ms
[139,453s][info][gc] GC(139) Pause Cleanup 4112M->4112M(5120M) 0,205ms
[139,468s][info][gc] GC(139) Concurrent Mark Cycle 25,809ms
[139,540s][info][gc] GC(140) Pause Young (Concurrent Start) (G1 Humongous Allocation) 4114M->4108M(5120M) 0,572ms
[139,540s][info][gc] GC(141) Concurrent Mark Cycle
[139,554s][info][gc] GC(141) Pause Remark 4112M->4112M(5120M) 1,543ms
[139,575s][info][gc] GC(141) Pause Cleanup 4112M->4112M(5120M) 0,230ms
[139,586s][info][gc] GC(141) Concurrent Mark Cycle 45,789ms
[139,605s][info][gc] GC(142) Pause Young (Concurrent Start) (G1 Humongous Allocation) 4114M->4108M(5120M) 3,829ms
[139,605s][info][gc] GC(143) Concurrent Mark Cycle
[139,641s][info][gc] GC(143) Pause Remark 4112M->4112M(5120M) 10,468ms
[139,647s][info][gc] GC(143) Pause Cleanup 4114M->4114M(5120M) 0,190ms
[139,660s][info][gc] GC(143) Concurrent Mark Cycle 54,945ms
[139,749s][info][gc] GC(144) Pause Young (Concurrent Start) (G1 Humongous Allocation) 4114M->4108M(5120M) 1,610ms
[139,749s][info][gc] GC(145) Concurrent Mark Cycle
[139,758s][info][gc] GC(145) Pause Remark 4112M->4112M(5120M) 3,206ms
[139,763s][info][gc] GC(145) Pause Cleanup 4112M->4112M(5120M) 0,273ms
[139,778s][info][gc] GC(145) Concurrent Mark Cycle 29,317ms
[139,914s][info][gc] GC(146) Pause Young (Concurrent Start) (G1 Humongous Allocation) 4115M->4108M(5120M) 1,545ms
[139,914s][info][gc] GC(147) Concurrent Mark Cycle
[139,921s][info][gc] GC(147) Pause Remark 4112M->4112M(5120M) 1,467ms
[139,927s][info][gc] GC(147) Pause Cleanup 4112M->4112M(5120M) 0,200ms
[139,942s][info][gc] GC(147) Concurrent Mark Cycle 27,993ms
[139,980s][info][gc] GC(148) Pause Young (Concurrent Start) (G1 Humongous Allocation) 4114M->4108M(5120M) 1,402ms
[139,980s][info][gc] GC(149) Concurrent Mark Cycle
[139,993s][info][gc] GC(149) Pause Remark 4112M->4112M(5120M) 1,512ms
[140,006s][info][gc] GC(149) Pause Cleanup 4112M->4112M(5120M) 0,240ms
[140,017s][info][gc] GC(149) Concurrent Mark Cycle 36,458ms
[140,107s][info][gc] GC(150) Pause Young (Concurrent Start) (G1 Humongous Allocation) 4114M->4108M(5120M) 1,758ms
[140,107s][info][gc] GC(151) Concurrent Mark Cycle
[140,113s][info][gc] GC(151) Pause Remark 4112M->4112M(5120M) 0,667ms
[140,119s][info][gc] GC(151) Pause Cleanup 4112M->4112M(5120M) 0,576ms
[140,126s][info][gc] GC(151) Concurrent Mark Cycle 19,217ms
[140,295s][info][gc] GC(152) Pause Young (Concurrent Start) (G1 Humongous Allocation) 4117M->4108M(5120M) 1,336ms
[140,295s][info][gc] GC(153) Concurrent Mark Cycle
[140,305s][info][gc] GC(153) Pause Remark 4112M->4112M(5120M) 3,604ms
[140,322s][info][gc] GC(153) Pause Cleanup 4112M->4112M(5120M) 0,211ms
[140,364s][info][gc] GC(153) Concurrent Mark Cycle 68,248ms
[140,433s][info][gc] GC(154) Pause Young (Concurrent Start) (G1 Humongous Allocation) 4119M->4108M(5120M) 3,220ms
[140,433s][info][gc] GC(155) Concurrent Mark Cycle
[140,444s][info][gc] GC(155) Pause Remark 4112M->4112M(5120M) 1,985ms
[140,451s][info][gc] GC(155) Pause Cleanup 4112M->4112M(5120M) 0,218ms
[140,459s][info][gc] GC(155) Concurrent Mark Cycle 26,272ms
[140,503s][info][gc] GC(156) Pause Young (Concurrent Start) (G1 Humongous Allocation) 4114M->4108M(5120M) 1,655ms
[140,503s][info][gc] GC(157) Concurrent Mark Cycle
[140,511s][info][gc] GC(157) Pause Remark 4112M->4112M(5120M) 1,619ms
[140,518s][info][gc] GC(157) Pause Cleanup 4112M->4112M(5120M) 0,219ms
[140,528s][info][gc] GC(157) Concurrent Mark Cycle 25,237ms
[140,615s][info][gc] GC(158) Pause Young (Concurrent Start) (G1 Humongous Allocation) 4114M->4108M(5120M) 1,470ms
[140,615s][info][gc] GC(159) Concurrent Mark Cycle
[140,623s][info][gc] GC(159) Pause Remark 4112M->4112M(5120M) 0,743ms
[140,629s][info][gc] GC(159) Pause Cleanup 4112M->4112M(5120M) 0,444ms
[140,654s][info][gc] GC(159) Concurrent Mark Cycle 38,375ms
[140,740s][info][gc] GC(160) Pause Young (Concurrent Start) (G1 Humongous Allocation) 4115M->4108M(5120M) 1,520ms
[140,740s][info][gc] GC(161) Concurrent Mark Cycle
[140,748s][info][gc] GC(161) Pause Remark 4112M->4112M(5120M) 1,424ms
[140,756s][info][gc] GC(161) Pause Cleanup 4112M->4112M(5120M) 1,510ms
[140,762s][info][gc] GC(161) Concurrent Mark Cycle 21,934ms
[140,812s][info][gc] GC(162) Pause Young (Concurrent Start) (G1 Humongous Allocation) 4114M->4108M(5120M) 0,764ms
[140,812s][info][gc] GC(163) Concurrent Mark Cycle
[140,822s][info][gc] GC(163) Pause Remark 4112M->4112M(5120M) 1,790ms
[140,831s][info][gc] GC(163) Pause Cleanup 4112M->4112M(5120M) 0,194ms
[140,841s][info][gc] GC(163) Concurrent Mark Cycle 28,447ms
[140,929s][info][gc] GC(164) Pause Young (Concurrent Start) (G1 Humongous Allocation) 4114M->4108M(5120M) 1,981ms
[140,929s][info][gc] GC(165) Concurrent Mark Cycle
[140,944s][info][gc] GC(165) Pause Remark 4112M->4112M(5120M) 5,450ms
[140,951s][info][gc] GC(165) Pause Cleanup 4112M->4112M(5120M) 0,294ms
[140,958s][info][gc] GC(165) Concurrent Mark Cycle 28,348ms
[141,225s][info][gc] GC(166) Pause Young (Concurrent Start) (G1 Humongous Allocation) 4114M->4108M(5120M) 1,520ms
[141,225s][info][gc] GC(167) Concurrent Mark Cycle
[141,233s][info][gc] GC(167) Pause Remark 4116M->4116M(5120M) 2,368ms
[141,241s][info][gc] GC(167) Pause Cleanup 4116M->4116M(5120M) 0,250ms
[141,248s][info][gc] GC(167) Concurrent Mark Cycle 23,522ms
[141,400s][info][gc] GC(168) Pause Young (Concurrent Start) (G1 Humongous Allocation) 4123M->4108M(5120M) 1,797ms
[141,400s][info][gc] GC(169) Concurrent Mark Cycle
[141,406s][info][gc] GC(169) Pause Remark 4112M->4112M(5120M) 1,623ms
[141,419s][info][gc] GC(169) Pause Cleanup 4112M->4112M(5120M) 0,278ms
[141,426s][info][gc] GC(169) Concurrent Mark Cycle 26,503ms
[141,469s][info][gc] GC(170) Pause Young (Concurrent Start) (G1 Humongous Allocation) 4114M->4108M(5120M) 1,600ms
[141,469s][info][gc] GC(171) Concurrent Mark Cycle
[141,482s][info][gc] GC(171) Pause Remark 4112M->4112M(5120M) 2,907ms
[141,488s][info][gc] GC(171) Pause Cleanup 4112M->4112M(5120M) 0,209ms
[141,496s][info][gc] GC(171) Concurrent Mark Cycle 26,197ms
[141,592s][info][gc] GC(172) Pause Young (Concurrent Start) (G1 Humongous Allocation) 4116M->4108M(5120M) 1,772ms
[141,592s][info][gc] GC(173) Concurrent Mark Cycle
[141,606s][info][gc] GC(173) Pause Remark 4112M->4112M(5120M) 1,788ms
[141,613s][info][gc] GC(173) Pause Cleanup 4112M->4112M(5120M) 0,200ms
[141,627s][info][gc] GC(173) Concurrent Mark Cycle 34,371ms
[141,660s][info][gc] GC(174) Pause Young (Concurrent Start) (G1 Humongous Allocation) 4114M->4108M(5120M) 2,505ms
[141,660s][info][gc] GC(175) Concurrent Mark Cycle
[141,679s][info][gc] GC(175) Pause Remark 4112M->4112M(5120M) 2,248ms
[141,686s][info][gc] GC(175) Pause Cleanup 4112M->4112M(5120M) 0,228ms
[141,703s][info][gc] GC(175) Concurrent Mark Cycle 42,491ms
[141,840s][info][gc] GC(176) Pause Young (Concurrent Start) (G1 Humongous Allocation) 4116M->4108M(5120M) 2,045ms
[141,840s][info][gc] GC(177) Concurrent Mark Cycle
[141,848s][info][gc] GC(177) Pause Remark 4112M->4112M(5120M) 2,132ms
[141,856s][info][gc] GC(177) Pause Cleanup 4112M->4112M(5120M) 0,193ms
[141,871s][info][gc] GC(177) Concurrent Mark Cycle 30,181ms
[141,914s][info][gc] GC(178) Pause Young (Concurrent Start) (G1 Humongous Allocation) 4114M->4108M(5120M) 1,351ms
[141,914s][info][gc] GC(179) Concurrent Mark Cycle
[141,920s][info][gc] GC(179) Pause Remark 4112M->4112M(5120M) 1,271ms
[141,927s][info][gc] GC(179) Pause Cleanup 4112M->4112M(5120M) 0,206ms
[141,933s][info][gc] GC(179) Concurrent Mark Cycle 19,290ms
[141,995s][info][gc] GC(180) Pause Young (Concurrent Start) (G1 Humongous Allocation) 4114M->4108M(5120M) 2,350ms
[141,996s][info][gc] GC(181) Concurrent Mark Cycle
[142,003s][info][gc] GC(181) Pause Remark 4112M->4112M(5120M) 0,662ms
[142,019s][info][gc] GC(181) Pause Cleanup 4112M->4112M(5120M) 0,200ms
[142,027s][info][gc] GC(181) Concurrent Mark Cycle 31,713ms
[142,063s][info][gc] GC(182) Pause Young (Concurrent Start) (G1 Humongous Allocation) 4114M->4108M(5120M) 3,327ms
[142,063s][info][gc] GC(183) Concurrent Mark Cycle
[142,076s][info][gc] GC(183) Pause Remark 4112M->4112M(5120M) 6,374ms
[142,084s][info][gc] GC(183) Pause Cleanup 4112M->4112M(5120M) 0,204ms
[142,100s][info][gc] GC(183) Concurrent Mark Cycle 36,722ms
[142,172s][info][gc] GC(184) Pause Young (Concurrent Start) (G1 Humongous Allocation) 4114M->4108M(5120M) 1,367ms
[142,172s][info][gc] GC(185) Concurrent Mark Cycle
[142,179s][info][gc] GC(185) Pause Remark 4108M->4108M(5120M) 2,262ms
[142,184s][info][gc] GC(185) Pause Cleanup 4112M->4112M(5120M) 0,235ms
[142,194s][info][gc] GC(185) Concurrent Mark Cycle 21,850ms
[142,299s][info][gc] GC(186) Pause Young (Concurrent Start) (G1 Humongous Allocation) 4115M->4108M(5120M) 1,140ms
[142,299s][info][gc] GC(187) Concurrent Mark Cycle
[142,305s][info][gc] GC(187) Pause Remark 4112M->4112M(5120M) 0,753ms
[142,312s][info][gc] GC(187) Pause Cleanup 4112M->4112M(5120M) 0,195ms
[142,331s][info][gc] GC(187) Concurrent Mark Cycle 31,710ms
[142,365s][info][gc] GC(188) Pause Young (Concurrent Start) (G1 Humongous Allocation) 4114M->4108M(5120M) 4,808ms
[142,367s][info][gc] GC(189) Concurrent Mark Cycle
[142,382s][info][gc] GC(189) Pause Remark 4112M->4112M(5120M) 1,296ms
[142,405s][info][gc] GC(189) Pause Cleanup 4114M->4114M(5120M) 0,200ms
[142,420s][info][gc] GC(189) Concurrent Mark Cycle 52,628ms
[142,466s][info][gc] GC(190) Pause Young (Concurrent Start) (G1 Humongous Allocation) 4114M->4108M(5120M) 2,559ms
[142,466s][info][gc] GC(191) Concurrent Mark Cycle
[142,474s][info][gc] GC(191) Pause Remark 4112M->4112M(5120M) 1,298ms
[142,479s][info][gc] GC(191) Pause Cleanup 4112M->4112M(5120M) 0,218ms
[142,488s][info][gc] GC(191) Concurrent Mark Cycle 21,523ms
[142,691s][info][gc] GC(192) Pause Young (Concurrent Start) (G1 Humongous Allocation) 4117M->4108M(5120M) 1,318ms
[142,691s][info][gc] GC(193) Concurrent Mark Cycle
[142,703s][info][gc] GC(193) Pause Remark 4112M->4112M(5120M) 3,094ms
[142,712s][info][gc] GC(193) Pause Cleanup 4112M->4112M(5120M) 0,202ms
[142,721s][info][gc] GC(193) Concurrent Mark Cycle 30,532ms
[142,757s][info][gc] GC(194) Pause Young (Concurrent Start) (G1 Humongous Allocation) 4114M->4108M(5120M) 1,438ms
[142,758s][info][gc] GC(195) Concurrent Mark Cycle
[142,773s][info][gc] GC(195) Pause Remark 4112M->4112M(5120M) 1,487ms
[142,783s][info][gc] GC(195) Pause Cleanup 4112M->4112M(5120M) 0,195ms
[142,797s][info][gc] GC(195) Concurrent Mark Cycle 38,974ms
[142,844s][info][gc] GC(196) Pause Young (Concurrent Start) (G1 Humongous Allocation) 4114M->4108M(5120M) 1,464ms
[142,844s][info][gc] GC(197) Concurrent Mark Cycle
[142,852s][info][gc] GC(197) Pause Remark 4112M->4112M(5120M) 1,307ms
[142,868s][info][gc] GC(197) Pause Cleanup 4112M->4112M(5120M) 0,227ms
[142,882s][info][gc] GC(197) Concurrent Mark Cycle 37,170ms
[143,001s][info][gc] GC(198) Pause Young (Concurrent Start) (G1 Humongous Allocation) 4119M->4108M(5120M) 0,697ms
[143,001s][info][gc] GC(199) Concurrent Mark Cycle
[143,009s][info][gc] GC(199) Pause Remark 4112M->4112M(5120M) 1,532ms
[143,013s][info][gc] GC(199) Pause Cleanup 4112M->4112M(5120M) 0,182ms
[143,021s][info][gc] GC(199) Concurrent Mark Cycle 19,611ms
[143,138s][info][gc] GC(200) Pause Young (Concurrent Start) (G1 Humongous Allocation) 4115M->4108M(5120M) 1,870ms
[143,138s][info][gc] GC(201) Concurrent Mark Cycle
[143,146s][info][gc] GC(201) Pause Remark 4112M->4112M(5120M) 1,866ms
[143,152s][info][gc] GC(201) Pause Cleanup 4112M->4112M(5120M) 0,210ms
[143,164s][info][gc] GC(201) Concurrent Mark Cycle 25,808ms
[143,200s][info][gc] GC(202) Pause Young (Concurrent Start) (G1 Humongous Allocation) 4114M->4108M(5120M) 2,984ms
[143,200s][info][gc] GC(203) Concurrent Mark Cycle
[143,209s][info][gc] GC(203) Pause Remark 4112M->4112M(5120M) 3,075ms
[143,214s][info][gc] GC(203) Pause Cleanup 4112M->4112M(5120M) 0,707ms
[143,224s][info][gc] GC(203) Concurrent Mark Cycle 23,697ms
[143,310s][info][gc] GC(204) Pause Young (Concurrent Start) (G1 Humongous Allocation) 4114M->4108M(5120M) 1,357ms
[143,310s][info][gc] GC(205) Concurrent Mark Cycle
[143,318s][info][gc] GC(205) Pause Remark 4112M->4112M(5120M) 1,421ms
[143,329s][info][gc] GC(205) Pause Cleanup 4112M->4112M(5120M) 0,255ms
[143,336s][info][gc] GC(205) Concurrent Mark Cycle 26,394ms
[143,926s][info][gc] GC(206) Pause Young (Concurrent Start) (G1 Humongous Allocation) 4116M->4108M(5120M) 1,665ms
[143,926s][info][gc] GC(207) Concurrent Mark Cycle
[143,933s][info][gc] GC(207) Pause Remark 4116M->4116M(5120M) 0,908ms
[143,942s][info][gc] GC(207) Pause Cleanup 4116M->4116M(5120M) 0,441ms
[143,952s][info][gc] GC(207) Concurrent Mark Cycle 25,779ms
[144,096s][info][gc] GC(208) Pause Young (Concurrent Start) (G1 Humongous Allocation) 4124M->4108M(5120M) 1,426ms
[144,097s][info][gc] GC(209) Concurrent Mark Cycle
[144,103s][info][gc] GC(209) Pause Remark 4116M->4116M(5120M) 1,466ms
[144,111s][info][gc] GC(209) Pause Cleanup 4116M->4116M(5120M) 0,189ms
[144,117s][info][gc] GC(209) Concurrent Mark Cycle 20,115ms
[144,237s][info][gc] GC(210) Pause Young (Concurrent Start) (G1 Humongous Allocation) 4120M->4108M(5120M) 1,280ms
[144,237s][info][gc] GC(211) Concurrent Mark Cycle
[144,244s][info][gc] GC(211) Pause Remark 4116M->4116M(5120M) 2,013ms
[144,253s][info][gc] GC(211) Pause Cleanup 4116M->4116M(5120M) 0,202ms
[144,260s][info][gc] GC(211) Concurrent Mark Cycle 23,181ms
[144,362s][info][gc] GC(212) Pause Young (Concurrent Start) (G1 Humongous Allocation) 4121M->4108M(5120M) 1,971ms
[144,362s][info][gc] GC(213) Concurrent Mark Cycle
[144,368s][info][gc] GC(213) Pause Remark 4112M->4112M(5120M) 1,292ms
[144,377s][info][gc] GC(213) Pause Cleanup 4112M->4112M(5120M) 0,195ms
[144,384s][info][gc] GC(213) Concurrent Mark Cycle 22,088ms
[144,416s][info][gc] GC(214) Pause Young (Concurrent Start) (G1 Humongous Allocation) 4118M->4108M(5120M) 1,589ms
[144,417s][info][gc] GC(215) Concurrent Mark Cycle
[144,432s][info][gc] GC(215) Pause Remark 4112M->4112M(5120M) 1,587ms
[144,439s][info][gc] GC(215) Pause Cleanup 4112M->4112M(5120M) 0,226ms
[144,446s][info][gc] GC(215) Concurrent Mark Cycle 29,445ms
[144,481s][info][gc] GC(216) Pause Young (Concurrent Start) (G1 Humongous Allocation) 4114M->4108M(5120M) 1,520ms
[144,482s][info][gc] GC(217) Concurrent Mark Cycle
[144,489s][info][gc] GC(217) Pause Remark 4112M->4112M(5120M) 1,208ms
[144,495s][info][gc] GC(217) Pause Cleanup 4112M->4112M(5120M) 0,189ms
[144,508s][info][gc] GC(217) Concurrent Mark Cycle 26,134ms
[144,604s][info][gc] GC(218) Pause Young (Concurrent Start) (G1 Humongous Allocation) 4116M->4108M(5120M) 0,825ms
[144,604s][info][gc] GC(219) Concurrent Mark Cycle
[144,612s][info][gc] GC(219) Pause Remark 4112M->4112M(5120M) 1,444ms
[144,616s][info][gc] GC(219) Pause Cleanup 4112M->4112M(5120M) 0,176ms
[144,627s][info][gc] GC(219) Concurrent Mark Cycle 23,267ms
[144,664s][info][gc] GC(220) Pause Young (Concurrent Start) (G1 Humongous Allocation) 4114M->4108M(5120M) 1,828ms
[144,664s][info][gc] GC(221) Concurrent Mark Cycle
[144,671s][info][gc] GC(221) Pause Remark 4112M->4112M(5120M) 1,252ms
[144,676s][info][gc] GC(221) Pause Cleanup 4112M->4112M(5120M) 0,387ms
[144,700s][info][gc] GC(221) Concurrent Mark Cycle 35,832ms
[144,733s][info][gc] GC(222) Pause Young (Concurrent Start) (G1 Humongous Allocation) 4114M->4108M(5120M) 1,349ms
[144,734s][info][gc] GC(223) Concurrent Mark Cycle
[144,741s][info][gc] GC(223) Pause Remark 4116M->4116M(5120M) 2,316ms
[144,747s][info][gc] GC(223) Pause Cleanup 4116M->4116M(5120M) 0,233ms
[144,763s][info][gc] GC(223) Concurrent Mark Cycle 29,096ms
[144,892s][info][gc] GC(224) Pause Young (Concurrent Start) (G1 Humongous Allocation) 4124M->4108M(5120M) 1,408ms
[144,892s][info][gc] GC(225) Concurrent Mark Cycle
[144,901s][info][gc] GC(225) Pause Remark 4112M->4112M(5120M) 2,130ms
[144,908s][info][gc] GC(225) Pause Cleanup 4112M->4112M(5120M) 0,231ms
[144,919s][info][gc] GC(225) Concurrent Mark Cycle 26,995ms
[144,960s][info][gc] GC(226) Pause Young (Concurrent Start) (G1 Humongous Allocation) 4114M->4108M(5120M) 1,438ms
[144,960s][info][gc] GC(227) Concurrent Mark Cycle
[144,970s][info][gc] GC(227) Pause Remark 4112M->4112M(5120M) 0,722ms
[144,977s][info][gc] GC(227) Pause Cleanup 4112M->4112M(5120M) 0,350ms
[144,987s][info][gc] GC(227) Concurrent Mark Cycle 26,849ms
[145,067s][info][gc] GC(228) Pause Young (Concurrent Start) (G1 Humongous Allocation) 4116M->4108M(5120M) 1,372ms
[145,067s][info][gc] GC(229) Concurrent Mark Cycle
[145,074s][info][gc] GC(229) Pause Remark 4112M->4112M(5120M) 1,416ms
[145,082s][info][gc] GC(229) Pause Cleanup 4112M->4112M(5120M) 0,190ms
[145,096s][info][gc] GC(229) Concurrent Mark Cycle 28,852ms
[145,113s][info][gc] GC(230) Pause Young (Concurrent Start) (G1 Humongous Allocation) 4114M->4108M(5120M) 1,505ms
[145,113s][info][gc] GC(231) Concurrent Mark Cycle
[145,126s][info][gc] GC(231) Pause Remark 4112M->4112M(5120M) 2,487ms
[145,131s][info][gc] GC(231) Pause Cleanup 4118M->4118M(5120M) 0,191ms
[145,141s][info][gc] GC(231) Concurrent Mark Cycle 28,702ms
[145,302s][info][gc] GC(232) Pause Young (Concurrent Start) (G1 Humongous Allocation) 4122M->4108M(5120M) 0,989ms
[145,302s][info][gc] GC(233) Concurrent Mark Cycle
[145,310s][info][gc] GC(233) Pause Remark 4116M->4116M(5120M) 1,228ms
[145,319s][info][gc] GC(233) Pause Cleanup 4116M->4116M(5120M) 0,528ms
[145,330s][info][gc] GC(233) Concurrent Mark Cycle 27,913ms
[145,477s][info][gc] GC(234) Pause Young (Concurrent Start) (G1 Humongous Allocation) 4124M->4108M(5120M) 1,296ms
[145,477s][info][gc] GC(235) Concurrent Mark Cycle
[145,485s][info][gc] GC(235) Pause Remark 4112M->4112M(5120M) 2,194ms
[145,498s][info][gc] GC(235) Pause Cleanup 4112M->4112M(5120M) 0,213ms
[145,508s][info][gc] GC(235) Concurrent Mark Cycle 30,312ms
[145,540s][info][gc] GC(236) Pause Young (Concurrent Start) (G1 Humongous Allocation) 4114M->4108M(5120M) 1,461ms
[145,540s][info][gc] GC(237) Concurrent Mark Cycle
[145,551s][info][gc] GC(237) Pause Remark 4112M->4112M(5120M) 1,696ms
[145,566s][info][gc] GC(237) Pause Cleanup 4112M->4112M(5120M) 0,207ms
[145,582s][info][gc] GC(237) Concurrent Mark Cycle 42,515ms
[145,662s][info][gc] GC(238) Pause Young (Concurrent Start) (G1 Humongous Allocation) 4116M->4108M(5120M) 0,889ms
[145,662s][info][gc] GC(239) Concurrent Mark Cycle
[145,672s][info][gc] GC(239) Pause Remark 4112M->4112M(5120M) 1,547ms
[145,684s][info][gc] GC(239) Pause Cleanup 4112M->4112M(5120M) 0,245ms
[145,692s][info][gc] GC(239) Concurrent Mark Cycle 29,731ms
[145,734s][info][gc] GC(240) Pause Young (Concurrent Start) (G1 Humongous Allocation) 4114M->4108M(5120M) 1,569ms
[145,734s][info][gc] GC(241) Concurrent Mark Cycle
[145,747s][info][gc] GC(241) Pause Remark 4112M->4112M(5120M) 0,852ms
[145,754s][info][gc] GC(241) Pause Cleanup 4112M->4112M(5120M) 0,194ms
[145,769s][info][gc] GC(241) Concurrent Mark Cycle 34,909ms
[145,894s][info][gc] GC(242) Pause Young (Concurrent Start) (G1 Humongous Allocation) 4116M->4108M(5120M) 1,584ms
[145,894s][info][gc] GC(243) Concurrent Mark Cycle
[145,902s][info][gc] GC(243) Pause Remark 4112M->4112M(5120M) 1,773ms
[145,912s][info][gc] GC(243) Pause Cleanup 4112M->4112M(5120M) 0,206ms
[145,929s][info][gc] GC(243) Concurrent Mark Cycle 35,147ms
[145,965s][info][gc] GC(244) Pause Young (Concurrent Start) (G1 Humongous Allocation) 4115M->4108M(5120M) 2,063ms
[145,965s][info][gc] GC(245) Concurrent Mark Cycle
[145,983s][info][gc] GC(245) Pause Remark 4112M->4112M(5120M) 3,501ms
[145,999s][info][gc] GC(245) Pause Cleanup 4112M->4112M(5120M) 0,325ms
[146,009s][info][gc] GC(245) Concurrent Mark Cycle 43,555ms
[146,078s][info][gc] GC(246) Pause Young (Concurrent Start) (G1 Humongous Allocation) 4118M->4108M(5120M) 0,813ms
[146,078s][info][gc] GC(247) Concurrent Mark Cycle
[146,087s][info][gc] GC(247) Pause Remark 4112M->4112M(5120M) 2,863ms
[146,093s][info][gc] GC(247) Pause Cleanup 4112M->4112M(5120M) 0,420ms
[146,106s][info][gc] GC(247) Concurrent Mark Cycle 27,769ms
[146,146s][info][gc] GC(248) Pause Young (Concurrent Start) (G1 Humongous Allocation) 4114M->4108M(5120M) 1,358ms
[146,146s][info][gc] GC(249) Concurrent Mark Cycle
[146,159s][info][gc] GC(249) Pause Remark 4112M->4112M(5120M) 1,367ms
[146,168s][info][gc] GC(249) Pause Cleanup 4112M->4112M(5120M) 0,196ms
[146,176s][info][gc] GC(249) Concurrent Mark Cycle 30,450ms
[146,255s][info][gc] GC(250) Pause Young (Concurrent Start) (G1 Humongous Allocation) 4114M->4108M(5120M) 1,755ms
[146,255s][info][gc] GC(251) Concurrent Mark Cycle
[146,264s][info][gc] GC(251) Pause Remark 4112M->4112M(5120M) 2,075ms
[146,278s][info][gc] GC(251) Pause Cleanup 4114M->4114M(5120M) 0,222ms
[146,288s][info][gc] GC(251) Concurrent Mark Cycle 33,232ms
[146,391s][info][gc] GC(252) Pause Young (Concurrent Start) (G1 Humongous Allocation) 4115M->4108M(5120M) 0,768ms
[146,391s][info][gc] GC(253) Concurrent Mark Cycle
[146,398s][info][gc] GC(253) Pause Remark 4112M->4112M(5120M) 1,831ms
[146,404s][info][gc] GC(253) Pause Cleanup 4112M->4112M(5120M) 0,457ms
[146,420s][info][gc] GC(253) Concurrent Mark Cycle 28,254ms
[146,459s][info][gc] GC(254) Pause Young (Concurrent Start) (G1 Humongous Allocation) 4114M->4108M(5120M) 3,877ms
[146,459s][info][gc] GC(255) Concurrent Mark Cycle
[146,468s][info][gc] GC(255) Pause Remark 4112M->4112M(5120M) 1,624ms
[146,472s][info][gc] GC(255) Pause Cleanup 4112M->4112M(5120M) 0,270ms
[146,488s][info][gc] GC(255) Concurrent Mark Cycle 28,913ms
[146,567s][info][gc] GC(256) Pause Young (Concurrent Start) (G1 Humongous Allocation) 4114M->4108M(5120M) 0,913ms
[146,567s][info][gc] GC(257) Concurrent Mark Cycle
[146,575s][info][gc] GC(257) Pause Remark 4112M->4112M(5120M) 2,289ms
[146,588s][info][gc] GC(257) Pause Cleanup 4112M->4112M(5120M) 0,230ms
[146,600s][info][gc] GC(257) Concurrent Mark Cycle 32,947ms
[146,774s][info][gc] GC(258) Pause Young (Concurrent Start) (G1 Humongous Allocation) 4117M->4108M(5120M) 2,625ms
[146,774s][info][gc] GC(259) Concurrent Mark Cycle
[146,781s][info][gc] GC(259) Pause Remark 4112M->4112M(5120M) 1,785ms
[146,786s][info][gc] GC(259) Pause Cleanup 4112M->4112M(5120M) 0,201ms
[146,800s][info][gc] GC(259) Concurrent Mark Cycle 26,515ms
[146,844s][info][gc] GC(260) Pause Young (Concurrent Start) (G1 Humongous Allocation) 4114M->4108M(5120M) 1,641ms
[146,844s][info][gc] GC(261) Concurrent Mark Cycle
[146,866s][info][gc] GC(261) Pause Remark 4112M->4112M(5120M) 1,835ms
[146,871s][info][gc] GC(261) Pause Cleanup 4112M->4112M(5120M) 0,224ms
[146,886s][info][gc] GC(261) Concurrent Mark Cycle 41,710ms
[146,938s][info][gc] GC(262) Pause Young (Concurrent Start) (G1 Humongous Allocation) 4114M->4108M(5120M) 2,483ms
[146,939s][info][gc] GC(263) Concurrent Mark Cycle
[146,948s][info][gc] GC(263) Pause Remark 4112M->4112M(5120M) 1,057ms
[146,955s][info][gc] GC(263) Pause Cleanup 4112M->4112M(5120M) 0,206ms
[146,966s][info][gc] GC(263) Concurrent Mark Cycle 27,671ms
[147,020s][info][gc] GC(264) Pause Young (Concurrent Start) (G1 Humongous Allocation) 4114M->4108M(5120M) 1,686ms
[147,020s][info][gc] GC(265) Concurrent Mark Cycle
[147,032s][info][gc] GC(265) Pause Remark 4112M->4112M(5120M) 6,864ms
[147,038s][info][gc] GC(265) Pause Cleanup 4112M->4112M(5120M) 0,235ms
[147,051s][info][gc] GC(265) Concurrent Mark Cycle 31,014ms
[147,126s][info][gc] GC(266) Pause Young (Concurrent Start) (G1 Humongous Allocation) 4114M->4108M(5120M) 1,646ms
[147,126s][info][gc] GC(267) Concurrent Mark Cycle
[147,136s][info][gc] GC(267) Pause Remark 4112M->4112M(5120M) 1,359ms
[147,147s][info][gc] GC(267) Pause Cleanup 4112M->4112M(5120M) 0,209ms
[147,154s][info][gc] GC(267) Concurrent Mark Cycle 28,491ms
[147,271s][info][gc] GC(268) Pause Young (Concurrent Start) (G1 Humongous Allocation) 4115M->4108M(5120M) 1,395ms
[147,271s][info][gc] GC(269) Concurrent Mark Cycle
[147,281s][info][gc] GC(269) Pause Remark 4112M->4112M(5120M) 1,407ms
[147,289s][info][gc] GC(269) Pause Cleanup 4112M->4112M(5120M) 0,665ms
[147,303s][info][gc] GC(269) Concurrent Mark Cycle 31,212ms
[147,437s][info][gc] GC(270) Pause Young (Concurrent Start) (G1 Humongous Allocation) 4118M->4108M(5120M) 1,249ms
[147,437s][info][gc] GC(271) Concurrent Mark Cycle
[147,443s][info][gc] GC(271) Pause Remark 4112M->4112M(5120M) 1,481ms
[147,452s][info][gc] GC(271) Pause Cleanup 4112M->4112M(5120M) 0,517ms
[147,467s][info][gc] GC(271) Concurrent Mark Cycle 30,573ms
[147,734s][info][gc] GC(272) Pause Young (Concurrent Start) (G1 Humongous Allocation) 4114M->4108M(5120M) 1,610ms
[147,734s][info][gc] GC(273) Concurrent Mark Cycle
[147,743s][info][gc] GC(273) Pause Remark 4116M->4116M(5120M) 3,519ms
[147,749s][info][gc] GC(273) Pause Cleanup 4116M->4116M(5120M) 0,583ms
[147,761s][info][gc] GC(273) Concurrent Mark Cycle 26,288ms
[147,910s][info][gc] GC(274) Pause Young (Concurrent Start) (G1 Humongous Allocation) 4124M->4108M(5120M) 3,123ms
[147,910s][info][gc] GC(275) Concurrent Mark Cycle
[147,919s][info][gc] GC(275) Pause Remark 4112M->4112M(5120M) 0,633ms
[147,924s][info][gc] GC(275) Pause Cleanup 4112M->4112M(5120M) 0,185ms
[147,934s][info][gc] GC(275) Concurrent Mark Cycle 24,798ms
[147,975s][info][gc] GC(276) Pause Young (Concurrent Start) (G1 Humongous Allocation) 4114M->4108M(5120M) 1,752ms
[147,975s][info][gc] GC(277) Concurrent Mark Cycle
[147,985s][info][gc] GC(277) Pause Remark 4112M->4112M(5120M) 2,163ms
[147,991s][info][gc] GC(277) Pause Cleanup 4112M->4112M(5120M) 0,187ms
[148,002s][info][gc] GC(277) Concurrent Mark Cycle 26,712ms
[148,088s][info][gc] GC(278) Pause Young (Concurrent Start) (G1 Humongous Allocation) 4116M->4108M(5120M) 2,080ms
[148,088s][info][gc] GC(279) Concurrent Mark Cycle
[148,104s][info][gc] GC(279) Pause Remark 4112M->4112M(5120M) 1,584ms
[148,124s][info][gc] GC(279) Pause Cleanup 4112M->4112M(5120M) 0,261ms
[148,135s][info][gc] GC(279) Concurrent Mark Cycle 47,185ms
[148,138s][info][gc] GC(280) Pause Young (Concurrent Start) (G1 Humongous Allocation) 4114M->4108M(5120M) 1,696ms
[148,138s][info][gc] GC(281) Concurrent Mark Cycle
[148,157s][info][gc] GC(281) Pause Remark 4112M->4112M(5120M) 7,303ms
[148,168s][info][gc] GC(281) Pause Cleanup 4112M->4112M(5120M) 0,265ms
[148,185s][info][gc] GC(281) Concurrent Mark Cycle 46,767ms
[148,338s][info][gc] GC(282) Pause Young (Concurrent Start) (G1 Humongous Allocation) 4124M->4108M(5120M) 1,229ms
[148,338s][info][gc] GC(283) Concurrent Mark Cycle
[148,345s][info][gc] GC(283) Pause Remark 4112M->4112M(5120M) 1,603ms
[148,353s][info][gc] GC(283) Pause Cleanup 4112M->4112M(5120M) 0,239ms
[148,366s][info][gc] GC(283) Concurrent Mark Cycle 27,830ms
[148,414s][info][gc] GC(284) Pause Young (Concurrent Start) (G1 Humongous Allocation) 4114M->4108M(5120M) 1,546ms
[148,414s][info][gc] GC(285) Concurrent Mark Cycle
[148,422s][info][gc] GC(285) Pause Remark 4112M->4112M(5120M) 1,182ms
[148,437s][info][gc] GC(285) Pause Cleanup 4112M->4112M(5120M) 1,725ms
[148,451s][info][gc] GC(285) Concurrent Mark Cycle 36,786ms
[148,514s][info][gc] GC(286) Pause Young (Concurrent Start) (G1 Humongous Allocation) 4114M->4108M(5120M) 1,475ms
[148,514s][info][gc] GC(287) Concurrent Mark Cycle
[148,522s][info][gc] GC(287) Pause Remark 4112M->4112M(5120M) 1,009ms
[148,535s][info][gc] GC(287) Pause Cleanup 4112M->4112M(5120M) 0,237ms
[148,547s][info][gc] GC(287) Concurrent Mark Cycle 32,860ms
[148,572s][info][gc] GC(288) Pause Young (Concurrent Start) (G1 Humongous Allocation) 4114M->4108M(5120M) 2,169ms
[148,572s][info][gc] GC(289) Concurrent Mark Cycle
[148,590s][info][gc] GC(289) Pause Remark 4112M->4112M(5120M) 1,558ms
[148,599s][info][gc] GC(289) Pause Cleanup 4112M->4112M(5120M) 0,339ms
[148,606s][info][gc] GC(289) Concurrent Mark Cycle 33,876ms
[148,685s][info][gc] GC(290) Pause Young (Concurrent Start) (G1 Humongous Allocation) 4114M->4108M(5120M) 0,718ms
[148,685s][info][gc] GC(291) Concurrent Mark Cycle
[148,694s][info][gc] GC(291) Pause Remark 4112M->4112M(5120M) 1,183ms
[148,701s][info][gc] GC(291) Pause Cleanup 4112M->4112M(5120M) 0,468ms
[148,712s][info][gc] GC(291) Concurrent Mark Cycle 27,432ms
[148,810s][info][gc] GC(292) Pause Young (Concurrent Start) (G1 Humongous Allocation) 4115M->4108M(5120M) 2,241ms
[148,810s][info][gc] GC(293) Concurrent Mark Cycle
[148,817s][info][gc] GC(293) Pause Remark 4112M->4112M(5120M) 1,694ms
[148,821s][info][gc] GC(293) Pause Cleanup 4112M->4112M(5120M) 0,218ms
[148,829s][info][gc] GC(293) Concurrent Mark Cycle 19,094ms
[148,863s][info][gc] GC(294) Pause Young (Concurrent Start) (G1 Humongous Allocation) 4114M->4108M(5120M) 0,715ms
[148,863s][info][gc] GC(295) Concurrent Mark Cycle
[148,872s][info][gc] GC(295) Pause Remark 4112M->4112M(5120M) 0,884ms
[148,879s][info][gc] GC(295) Pause Cleanup 4112M->4112M(5120M) 0,192ms
[148,890s][info][gc] GC(295) Concurrent Mark Cycle 26,278ms
[148,958s][info][gc] GC(296) Pause Young (Concurrent Start) (G1 Humongous Allocation) 4114M->4108M(5120M) 3,229ms
[148,958s][info][gc] GC(297) Concurrent Mark Cycle
[148,964s][info][gc] GC(297) Pause Remark 4112M->4112M(5120M) 0,684ms
[148,968s][info][gc] GC(297) Pause Cleanup 4112M->4112M(5120M) 0,210ms
[148,983s][info][gc] GC(297) Concurrent Mark Cycle 24,860ms
[149,171s][info][gc] GC(298) Pause Young (Concurrent Start) (G1 Humongous Allocation) 4117M->4108M(5120M) 1,301ms
[149,172s][info][gc] GC(299) Concurrent Mark Cycle
[149,183s][info][gc] GC(299) Pause Remark 4112M->4112M(5120M) 0,924ms
[149,193s][info][gc] GC(299) Pause Cleanup 4112M->4112M(5120M) 0,199ms
[149,203s][info][gc] GC(299) Concurrent Mark Cycle 30,987ms
[149,224s][info][gc] GC(300) Pause Young (Concurrent Start) (G1 Humongous Allocation) 4114M->4108M(5120M) 2,702ms
[149,224s][info][gc] GC(301) Concurrent Mark Cycle
[149,235s][info][gc] GC(301) Pause Remark 4112M->4112M(5120M) 4,278ms
[149,244s][info][gc] GC(301) Pause Cleanup 4112M->4112M(5120M) 0,251ms
[149,250s][info][gc] GC(301) Concurrent Mark Cycle 26,216ms
[149,321s][info][gc] GC(302) Pause Young (Concurrent Start) (G1 Humongous Allocation) 4122M->4108M(5120M) 1,405ms
[149,321s][info][gc] GC(303) Concurrent Mark Cycle
[149,330s][info][gc] GC(303) Pause Remark 4112M->4112M(5120M) 0,669ms
[149,336s][info][gc] GC(303) Pause Cleanup 4112M->4112M(5120M) 0,247ms
[149,351s][info][gc] GC(303) Concurrent Mark Cycle 29,903ms
[149,376s][info][gc] GC(304) Pause Young (Concurrent Start) (G1 Humongous Allocation) 4114M->4108M(5120M) 3,940ms
[149,376s][info][gc] GC(305) Concurrent Mark Cycle
[149,386s][info][gc] GC(305) Pause Remark 4112M->4112M(5120M) 4,599ms
[149,392s][info][gc] GC(305) Pause Cleanup 4112M->4112M(5120M) 0,259ms
[149,401s][info][gc] GC(305) Concurrent Mark Cycle 25,316ms
[149,480s][info][gc] GC(306) Pause Young (Concurrent Start) (G1 Humongous Allocation) 4114M->4108M(5120M) 0,763ms
[149,480s][info][gc] GC(307) Concurrent Mark Cycle
[149,487s][info][gc] GC(307) Pause Remark 4112M->4112M(5120M) 1,822ms
[149,492s][info][gc] GC(307) Pause Cleanup 4112M->4112M(5120M) 0,195ms
[149,510s][info][gc] GC(307) Concurrent Mark Cycle 29,846ms
[149,601s][info][gc] GC(308) Pause Young (Concurrent Start) (G1 Humongous Allocation) 4114M->4108M(5120M) 0,673ms
[149,601s][info][gc] GC(309) Concurrent Mark Cycle
[149,613s][info][gc] GC(309) Pause Remark 4112M->4112M(5120M) 0,954ms
[149,626s][info][gc] GC(309) Pause Cleanup 4118M->4118M(5120M) 0,342ms
[149,635s][info][gc] GC(309) Concurrent Mark Cycle 33,365ms
[149,666s][info][gc] GC(310) Pause Young (Concurrent Start) (G1 Humongous Allocation) 4120M->4108M(5120M) 1,651ms
[149,670s][info][gc] GC(311) Concurrent Mark Cycle
[149,678s][info][gc] GC(311) Pause Remark 4112M->4112M(5120M) 1,910ms
[149,683s][info][gc] GC(311) Pause Cleanup 4112M->4112M(5120M) 0,232ms
[149,689s][info][gc] GC(311) Concurrent Mark Cycle 19,325ms
Test[ALMOST_CONTIGUOUS | DPQS_2105| M=536870912] elapsed: 886.11151 ms, reference: 17460.768271 ms
Preparing Test[SORTED | DPQS_2105| M=536870912] --------------------------------------
[150,202s][info][gc] GC(312) Pause Young (Concurrent Start) (G1 Humongous Allocation) 4120M->4M(5120M) 2,585ms
[150,202s][info][gc] GC(313) Concurrent Undo Cycle
[150,218s][info][gc] GC(313) Concurrent Undo Cycle 15,578ms
[171,679s][info][gc] GC(314) Pause Young (Concurrent Start) (G1 Humongous Allocation) 2058M->2056M(5120M) 1,631ms
[171,679s][info][gc] GC(315) Concurrent Undo Cycle
[171,685s][info][gc] GC(315) Concurrent Undo Cycle 5,347ms
data[0 : 100]: [125, 966, 4598, 4628, 6868, 7985, 9734, 9994, 11397, 11447, 12372, 12645, 13292, 13881, 14226, 14883, 15599, 15867, 17453, 17623, 17780, 18195, 18269, 19380, 19525, 20077, 20961, 22334, 22786, 22858, 22917, 24446, 27465, 31333, 31530, 32418, 33781, 35228, 36072, 37239, 37895, 40479, 43961, 46574, 46801, 46879, 48288, 49179, 49943, 51941, 52058, 52196, 54256, 58455, 58696, 59197, 60868, 61080, 61126, 61415, 61491, 62582, 64000, 64124, 65920, 67210, 68562, 69162, 70775, 71255, 71326, 71482, 72497, 72555, 72624, 72760, 74588, 74851, 75020, 75900, 76430, 77717, 79138, 80447, 81527, 82256, 82511, 83069, 85310, 85999, 88024, 88186, 88749, 89507, 93307, 95909, 96843, 96914, 97065, 98639]
data[-100 : 0]: [27829401, 27832428, 27833373, 27833583, 27836409, 27839225, 27839317, 27839807, 27840705, 27841509, 27843940, 27845658, 27846061, 27847134, 27847344, 27848149, 27849443, 27849514, 27850955, 27853796, 27854958, 27855746, 27856676, 27858261, 27858832, 27859818, 27860219, 27860836, 27862498, 27865537, 27866368, 27871025, 27871183, 27873453, 27873632, 27874790, 27875970, 27877784, 27878505, 27878677, 27878754, 27881193, 27882248, 27882327, 27883884, 27888359, 27889089, 27891893, 27892601, 27892714, 27893906, 27894805, 27895035, 27895739, 27897595, 27898033, 27898348, 27898826, 27900287, 27900510, 27900593, 27900930, 27901872, 27902171, 27902608, 27903936, 27904868, 27904891, 27905778, 27906023, 27906695, 27914490, 27915162, 27915904, 27916426, 27917222, 27920576, 27920710, 27921332, 27922395, 27922405, 27923424, 27923618, 27924333, 27924341, 27924393, 27925219, 27926615, 27927275, 27929231, 27930169, 27933330, 27933528, 27934957, 27935399, 27937687, 27937841, 27937856, 27939478, 27945751]
Test[SORTED | DPQS_2105| M=536870912] ---------------------------------------------------------------------
[172,770s][info][gc] GC(316) Pause Young (Concurrent Start) (G1 Humongous Allocation) 4110M->4108M(5120M) 1,760ms
[172,770s][info][gc] GC(317) Concurrent Mark Cycle
[172,771s][info][gc] GC(318) Pause Young (Normal) (G1 Humongous Allocation) 4108M->4108M(5120M) 0,771ms
[172,795s][info][gc] GC(319) Pause Full (G1 Humongous Allocation) 4108M->4108M(5120M) 24,288ms
[172,807s][info][gc] GC(320) Pause Full (G1 Humongous Allocation) 4108M->4108M(5120M) 11,216ms
[172,807s][info][gc] GC(317) Concurrent Mark Cycle 37,028ms
tryMergeRuns: Java heap space
[172,809s][info][gc] GC(321) Pause Young (Concurrent Start) (G1 Humongous Allocation) 4110M->4108M(5120M) 1,977ms
[172,809s][info][gc] GC(322) Concurrent Mark Cycle
[172,810s][info][gc] GC(323) Pause Young (Normal) (G1 Humongous Allocation) 4108M->4108M(5120M) 0,670ms
[172,829s][info][gc] GC(324) Pause Full (G1 Humongous Allocation) 4108M->4108M(5120M) 18,905ms
[172,845s][info][gc] GC(325) Pause Full (G1 Humongous Allocation) 4108M->4108M(5120M) 15,720ms
[172,845s][info][gc] GC(322) Concurrent Mark Cycle 35,776ms
radixSort: Java heap space
[174,291s][info][gc] GC(326) Pause Young (Concurrent Start) (G1 Humongous Allocation) 4110M->4108M(5120M) 1,086ms
[174,291s][info][gc] GC(327) Concurrent Mark Cycle
[174,292s][info][gc] GC(328) Pause Young (Normal) (G1 Humongous Allocation) 4108M->4108M(5120M) 1,096ms
[174,310s][info][gc] GC(329) Pause Full (G1 Humongous Allocation) 4108M->4108M(5120M) 18,042ms
[174,321s][info][gc] GC(330) Pause Full (G1 Humongous Allocation) 4108M->4108M(5120M) 11,249ms
tryMergeRuns: Java heap space
[174,323s][info][gc] GC(331) Pause Young (Normal) (G1 Humongous Allocation) 4110M->4108M(5120M) 1,082ms
[174,335s][info][gc] GC(332) Pause Full (G1 Humongous Allocation) 4108M->4108M(5120M) 11,787ms
[174,347s][info][gc] GC(333) Pause Full (G1 Humongous Allocation) 4108M->4108M(5120M) 11,919ms
[174,347s][info][gc] GC(327) Concurrent Mark Cycle 56,529ms
radixSort: Java heap space
[175,340s][info][gc] GC(334) Pause Young (Concurrent Start) (G1 Humongous Allocation) 4110M->4108M(5120M) 1,341ms
[175,340s][info][gc] GC(335) Concurrent Mark Cycle
[175,343s][info][gc] GC(336) Pause Young (Normal) (G1 Humongous Allocation) 4108M->4108M(5120M) 0,882ms
[175,357s][info][gc] GC(337) Pause Full (G1 Humongous Allocation) 4108M->4108M(5120M) 13,872ms
[175,373s][info][gc] GC(338) Pause Full (G1 Humongous Allocation) 4108M->4108M(5120M) 15,830ms
[175,373s][info][gc] GC(335) Concurrent Mark Cycle 32,998ms
tryMergeRuns: Java heap space
[175,375s][info][gc] GC(339) Pause Young (Concurrent Start) (G1 Humongous Allocation) 4110M->4108M(5120M) 1,560ms
[175,375s][info][gc] GC(340) Concurrent Mark Cycle
[175,376s][info][gc] GC(341) Pause Young (Normal) (G1 Humongous Allocation) 4108M->4108M(5120M) 1,107ms
[175,391s][info][gc] GC(342) Pause Full (G1 Humongous Allocation) 4108M->4108M(5120M) 15,094ms
[175,404s][info][gc] GC(343) Pause Full (G1 Humongous Allocation) 4108M->4108M(5120M) 12,895ms
[175,404s][info][gc] GC(340) Concurrent Mark Cycle 29,570ms
radixSort: Java heap space
[176,166s][info][gc] GC(344) Pause Young (Concurrent Start) (G1 Humongous Allocation) 4110M->4108M(5120M) 1,487ms
[176,166s][info][gc] GC(345) Concurrent Mark Cycle
[176,216s][info][gc] GC(345) Pause Remark 4712M->4712M(5120M) 2,157ms
[176,221s][info][gc] GC(345) Pause Cleanup 4712M->4712M(5120M) 0,374ms
[176,237s][info][gc] GC(345) Concurrent Mark Cycle 70,493ms
[187,535s][info][gc] GC(346) Pause Young (Concurrent Start) (G1 Humongous Allocation) 4714M->4108M(5120M) 0,995ms
[187,535s][info][gc] GC(347) Concurrent Mark Cycle
[187,573s][info][gc] GC(347) Pause Remark 4652M->4652M(5120M) 0,617ms
[187,585s][info][gc] GC(347) Pause Cleanup 4652M->4652M(5120M) 0,197ms
[187,591s][info][gc] GC(347) Concurrent Mark Cycle 56,109ms
[197,996s][info][gc] GC(348) Pause Young (Concurrent Start) (G1 Humongous Allocation) 4652M->4108M(5120M) 1,166ms
[197,996s][info][gc] GC(349) Concurrent Mark Cycle
[198,003s][info][gc] GC(349) Pause Remark 4142M->4142M(5120M) 0,753ms
[198,012s][info][gc] GC(349) Pause Cleanup 4142M->4142M(5120M) 0,182ms
[198,026s][info][gc] GC(349) Concurrent Mark Cycle 29,991ms
[198,390s][info][gc] GC(350) Pause Young (Concurrent Start) (G1 Humongous Allocation) 4142M->4108M(5120M) 2,285ms
[198,390s][info][gc] GC(351) Concurrent Mark Cycle
[198,409s][info][gc] GC(351) Pause Remark 4316M->4316M(5120M) 1,633ms
[198,416s][info][gc] GC(351) Pause Cleanup 4316M->4316M(5120M) 0,197ms
[198,426s][info][gc] GC(351) Concurrent Mark Cycle 36,675ms
[202,188s][info][gc] GC(352) Pause Young (Concurrent Start) (G1 Humongous Allocation) 4316M->4108M(5120M) 2,865ms
[202,188s][info][gc] GC(353) Concurrent Mark Cycle
[202,205s][info][gc] GC(353) Pause Remark 4260M->4260M(5120M) 3,044ms
[202,209s][info][gc] GC(353) Pause Cleanup 4262M->4262M(5120M) 0,210ms
[202,217s][info][gc] GC(353) Concurrent Mark Cycle 28,442ms
[202,920s][info][gc] GC(354) Pause Young (Concurrent Start) (G1 Humongous Allocation) 4262M->4108M(5120M) 0,910ms
[202,920s][info][gc] GC(355) Concurrent Mark Cycle
[202,927s][info][gc] GC(355) Pause Remark 4116M->4116M(5120M) 0,768ms
[202,932s][info][gc] GC(355) Pause Cleanup 4116M->4116M(5120M) 0,174ms
[202,944s][info][gc] GC(355) Concurrent Mark Cycle 23,983ms
[203,015s][info][gc] GC(356) Pause Young (Concurrent Start) (G1 Humongous Allocation) 4116M->4108M(5120M) 1,474ms
[203,015s][info][gc] GC(357) Concurrent Mark Cycle
[203,061s][info][gc] GC(357) Pause Remark 4616M->4616M(5120M) 2,158ms
[203,072s][info][gc] GC(357) Pause Cleanup 4618M->4618M(5120M) 0,476ms
[203,087s][info][gc] GC(357) Concurrent Mark Cycle 72,272ms
Test[SORTED | SYSTEM| M=536870912] ------------------------------------------------------------------------
[206,699s][info][gc] GC(358) Pause Young (Concurrent Start) (G1 Humongous Allocation) 4618M->4108M(5120M) 1,690ms
[206,699s][info][gc] GC(359) Concurrent Mark Cycle
[206,700s][info][gc] GC(360) Pause Young (Normal) (G1 Humongous Allocation) 4108M->4108M(5120M) 1,035ms
[206,716s][info][gc] GC(361) Pause Full (G1 Humongous Allocation) 4108M->4108M(5120M) 16,079ms
[206,732s][info][gc] GC(362) Pause Full (G1 Humongous Allocation) 4108M->4108M(5120M) 15,643ms
[206,732s][info][gc] GC(359) Concurrent Mark Cycle 33,490ms
Test[SORTED | DPQS_2105| M=536870912] elapsed: 33014.788239 ms, reference: OOME
Preparing Test[UNIFORM | P_DPQS_2105| M=536870912] --------------------------------------
[206,763s][info][gc] GC(363) Pause Young (Concurrent Start) (G1 Humongous Allocation) 4110M->4108M(5120M) 4,279ms
[206,763s][info][gc] GC(364) Concurrent Mark Cycle
[206,765s][info][gc] GC(365) Pause Young (Normal) (G1 Humongous Allocation) 4108M->4108M(5120M) 1,402ms
[206,784s][info][gc] GC(366) Pause Full (G1 Humongous Allocation) 4108M->4M(5120M) 18,635ms
[206,784s][info][gc] GC(364) Concurrent Mark Cycle 20,936ms
[208,169s][info][gc] GC(367) Pause Young (Concurrent Start) (G1 Humongous Allocation) 2056M->2056M(5120M) 0,889ms
[208,169s][info][gc] GC(368) Concurrent Undo Cycle
[208,179s][info][gc] GC(368) Concurrent Undo Cycle 10,111ms
data[0 : 100]: [821115357, 1660418793, 448078427, 1173353938, 172035578, 1503663573, 1140148415, 1479481729, 476149789, 834687859, 2047750023, 42182871, 824765253, 1540537685, 1519069752, 1763383946, 1673396284, 875013724, 1967895957, 782595981, 1599912200, 1675461783, 1835980039, 807454020, 800605705, 528711478, 1533887279, 1585986398, 1002055064, 2004339174, 1310597831, 523460224, 839094923, 1267552214, 1868476160, 1897048040, 1601258488, 546454063, 863000938, 1249246374, 938437503, 2078672561, 1528951094, 1327740661, 1108684519, 490676100, 488097079, 774543326, 1060127796, 375805141, 1693586690, 170643219, 1519054317, 1740713151, 1592548991, 1467834087, 586691714, 1588911439, 479983900, 465965348, 1454771131, 1881436516, 1679256016, 533368781, 2097654815, 1364030999, 686714004, 387620780, 1459759908, 1329238684, 1876773998, 1774079225, 1871366133, 108025020, 1602657311, 206128388, 1669795533, 1873022469, 1135617697, 1939643269, 977125648, 56334738, 1259671084, 896895893, 2031043497, 209419993, 410510454, 483064080, 374432650, 976802343, 2095481671, 981352200, 675687465, 976194159, 1303262383, 17078318, 1560544032, 1736425928, 1397252166, 142564779]
data[-100 : 0]: [391932006, 887640700, 1504591305, 1612660032, 887248121, 1930445822, 113291176, 635300252, 376933180, 888962974, 783376505, 1260696697, 922880303, 1522888238, 1826302699, 1794519487, 938128177, 1268976577, 1539576810, 1132567587, 393810016, 2103286555, 1671667238, 2035768973, 497522317, 165196608, 313287543, 1039721008, 32829644, 451822140, 583508633, 67251006, 1981426068, 585340016, 337625355, 817902346, 84170936, 112264119, 2142530482, 1767563418, 1315309969, 904692512, 2114714009, 612242208, 28976018, 724071133, 2143666873, 502596423, 121062952, 749830515, 1603003302, 835470874, 1863575790, 1358809788, 1927960493, 1770570231, 1129916752, 184526276, 1131403931, 37808826, 2103412934, 1296947518, 327893823, 768920236, 896461648, 13656038, 1815063486, 834057785, 743029198, 1979778603, 1137086469, 1115864520, 226117018, 928671017, 598144980, 360837037, 2124037048, 1090942609, 236003617, 1030578812, 1291247773, 1515888292, 1528734763, 608118972, 1269942816, 1074862888, 2101079607, 1787600584, 4698401, 1723137928, 693566194, 21725914, 948528024, 787322842, 386645031, 1536916106, 306079137, 2070305119, 1643919269, 1620968075]
Test[UNIFORM | P_DPQS_2105| M=536870912] ---------------------------------------------------------------------
[214,749s][info][gc] GC(369) Pause Young (Concurrent Start) (G1 Humongous Allocation) 4116M->4108M(5120M) 2,271ms
[214,749s][info][gc] GC(370) Concurrent Mark Cycle
[214,761s][info][gc] GC(370) Pause Remark 4114M->4114M(5120M) 1,345ms
[214,772s][info][gc] GC(370) Pause Cleanup 4114M->4114M(5120M) 0,220ms
[214,797s][info][gc] GC(370) Concurrent Mark Cycle 48,128ms
[214,883s][info][gc] GC(371) Pause Young (Concurrent Start) (G1 Humongous Allocation) 4114M->4108M(5120M) 3,031ms
[214,883s][info][gc] GC(372) Concurrent Mark Cycle
[214,908s][info][gc] GC(372) Pause Remark 4122M->4122M(5120M) 4,180ms
[214,916s][info][gc] GC(372) Pause Cleanup 4122M->4122M(5120M) 0,190ms
[214,932s][info][gc] GC(372) Concurrent Mark Cycle 48,072ms
[215,152s][info][gc] GC(373) Pause Young (Concurrent Start) (G1 Humongous Allocation) 4122M->4108M(5120M) 1,866ms
[215,152s][info][gc] GC(374) Concurrent Mark Cycle
[215,171s][info][gc] GC(374) Pause Remark 4128M->4128M(5120M) 4,821ms
[215,181s][info][gc] GC(374) Pause Cleanup 4128M->4128M(5120M) 0,234ms
[215,196s][info][gc] GC(374) Concurrent Mark Cycle 43,936ms
[215,353s][info][gc] GC(375) Pause Young (Concurrent Start) (G1 Humongous Allocation) 4128M->4108M(5120M) 1,708ms
[215,353s][info][gc] GC(376) Concurrent Mark Cycle
[215,365s][info][gc] GC(376) Pause Remark 4121M->4121M(5120M) 0,720ms
[215,370s][info][gc] GC(376) Pause Cleanup 4121M->4121M(5120M) 0,297ms
[215,396s][info][gc] GC(376) Concurrent Mark Cycle 42,904ms
[215,452s][info][gc] GC(377) Pause Young (Concurrent Start) (G1 Humongous Allocation) 4121M->4108M(5120M) 1,610ms
[215,452s][info][gc] GC(378) Concurrent Mark Cycle
[215,462s][info][gc] GC(378) Pause Remark 4148M->4148M(5120M) 1,846ms
[215,469s][info][gc] GC(378) Pause Cleanup 4148M->4148M(5120M) 0,172ms
[215,486s][info][gc] GC(378) Concurrent Mark Cycle 34,120ms
[215,632s][info][gc] GC(379) Pause Young (Concurrent Start) (G1 Humongous Allocation) 4149M->4148M(5120M) 2,196ms
[215,632s][info][gc] GC(380) Concurrent Mark Cycle
[215,642s][info][gc] GC(380) Pause Remark 4208M->4208M(5120M) 1,209ms
[215,658s][info][gc] GC(380) Pause Cleanup 4208M->4208M(5120M) 0,178ms
[215,665s][info][gc] GC(380) Concurrent Mark Cycle 33,710ms
[215,950s][info][gc] GC(381) Pause Young (Concurrent Start) (G1 Humongous Allocation) 4208M->4168M(5120M) 1,696ms
[215,950s][info][gc] GC(382) Concurrent Mark Cycle
[215,979s][info][gc] GC(382) Pause Remark 4168M->4168M(5120M) 3,266ms
[215,984s][info][gc] GC(382) Pause Cleanup 4168M->4168M(5120M) 0,258ms
[215,997s][info][gc] GC(382) Concurrent Mark Cycle 47,076ms
[216,179s][info][gc] GC(383) Pause Young (Concurrent Start) (G1 Humongous Allocation) 4316M->4256M(5120M) 1,799ms
[216,179s][info][gc] GC(384) Concurrent Mark Cycle
[216,187s][info][gc] GC(384) Pause Remark 4272M->4272M(5120M) 1,670ms
[216,204s][info][gc] GC(384) Pause Cleanup 4272M->4272M(5120M) 0,341ms
[216,228s][info][gc] GC(384) Concurrent Mark Cycle 49,346ms
[217,216s][info][gc] GC(385) Pause Young (Concurrent Start) (G1 Humongous Allocation) 4275M->4256M(5120M) 1,771ms
[217,216s][info][gc] GC(386) Concurrent Mark Cycle
[217,227s][info][gc] GC(386) Pause Remark 4256M->4256M(5120M) 0,670ms
[217,243s][info][gc] GC(386) Pause Cleanup 4256M->4256M(5120M) 0,209ms
[217,265s][info][gc] GC(386) Concurrent Mark Cycle 48,452ms
[217,903s][info][gc] GC(387) Pause Young (Concurrent Start) (G1 Humongous Allocation) 4261M->4108M(5120M) 2,580ms
[217,903s][info][gc] GC(388) Concurrent Mark Cycle
[217,932s][info][gc] GC(388) Pause Remark 4388M->4388M(5120M) 1,446ms
[217,949s][info][gc] GC(388) Pause Cleanup 4444M->4444M(5120M) 0,197ms
[217,966s][info][gc] GC(388) Concurrent Mark Cycle 63,152ms
[218,064s][info][gc] GC(389) Pause Young (Concurrent Start) (G1 Humongous Allocation) 4445M->4444M(5120M) 0,872ms
[218,064s][info][gc] GC(390) Concurrent Mark Cycle
[218,073s][info][gc] GC(390) Pause Remark 4480M->4480M(5120M) 2,537ms
[218,090s][info][gc] GC(390) Pause Cleanup 4480M->4480M(5120M) 0,238ms
[218,113s][info][gc] GC(390) Concurrent Mark Cycle 49,032ms
[218,496s][info][gc] GC(391) Pause Young (Concurrent Start) (G1 Humongous Allocation) 4480M->4444M(5120M) 1,209ms
[218,496s][info][gc] GC(392) Concurrent Mark Cycle
[218,520s][info][gc] GC(392) Pause Remark 4472M->4472M(5120M) 4,189ms
[218,527s][info][gc] GC(392) Pause Cleanup 4472M->4472M(5120M) 0,238ms
[218,546s][info][gc] GC(392) Concurrent Mark Cycle 49,795ms
[218,742s][info][gc] GC(393) Pause Young (Concurrent Start) (G1 Humongous Allocation) 4472M->4416M(5120M) 0,958ms
[218,742s][info][gc] GC(394) Concurrent Mark Cycle
[218,757s][info][gc] GC(394) Pause Remark 4416M->4416M(5120M) 2,279ms
[218,762s][info][gc] GC(394) Pause Cleanup 4416M->4416M(5120M) 0,199ms
[218,784s][info][gc] GC(394) Concurrent Mark Cycle 41,720ms
[218,832s][info][gc] GC(395) Pause Young (Concurrent Start) (G1 Humongous Allocation) 4420M->4416M(5120M) 0,927ms
[218,832s][info][gc] GC(396) Concurrent Mark Cycle
[218,855s][info][gc] GC(396) Pause Remark 4596M->4596M(5120M) 3,123ms
[218,868s][info][gc] GC(396) Pause Cleanup 4596M->4596M(5120M) 0,186ms
[218,880s][info][gc] GC(396) Concurrent Mark Cycle 47,495ms
[219,968s][info][gc] GC(397) Pause Young (Concurrent Start) (G1 Humongous Allocation) 4597M->4568M(5120M) 3,024ms
[219,968s][info][gc] GC(398) Concurrent Mark Cycle
[219,978s][info][gc] GC(398) Pause Remark 4612M->4612M(5120M) 1,859ms
[219,995s][info][gc] GC(398) Pause Cleanup 4612M->4612M(5120M) 0,238ms
[220,009s][info][gc] GC(398) Concurrent Mark Cycle 41,149ms
[220,439s][info][gc] GC(399) Pause Young (Concurrent Start) (G1 Humongous Allocation) 4612M->4388M(5120M) 3,605ms
[220,439s][info][gc] GC(400) Concurrent Mark Cycle
[220,447s][info][gc] GC(400) Pause Remark 4388M->4388M(5120M) 1,499ms
[220,464s][info][gc] GC(400) Pause Cleanup 4388M->4388M(5120M) 0,169ms
[220,508s][info][gc] GC(400) Concurrent Mark Cycle 68,978ms
[220,709s][info][gc] GC(401) Pause Young (Concurrent Start) (G1 Humongous Allocation) 4405M->4404M(5120M) 1,359ms
[220,709s][info][gc] GC(402) Concurrent Mark Cycle
[220,717s][info][gc] GC(402) Pause Remark 4412M->4412M(5120M) 1,412ms
[220,733s][info][gc] GC(402) Pause Cleanup 4412M->4412M(5120M) 0,192ms
[220,746s][info][gc] GC(402) Concurrent Mark Cycle 36,490ms
[220,823s][info][gc] GC(403) Pause Young (Concurrent Start) (G1 Humongous Allocation) 4549M->4524M(5120M) 1,129ms
[220,823s][info][gc] GC(404) Concurrent Mark Cycle
[220,853s][info][gc] GC(404) Pause Remark 4768M->4768M(5120M) 1,651ms
[220,864s][info][gc] GC(404) Pause Cleanup 4768M->4768M(5120M) 0,286ms
[220,885s][info][gc] GC(404) Concurrent Mark Cycle 61,427ms
[221,101s][info][gc] GC(405) Pause Young (Concurrent Start) (G1 Humongous Allocation) 4769M->4768M(5120M) 1,667ms
[221,101s][info][gc] GC(406) Concurrent Mark Cycle
[221,103s][info][gc] GC(407) Pause Young (Normal) (G1 Humongous Allocation) 4768M->4768M(5120M) 1,391ms
[221,118s][info][gc] GC(408) Pause Full (G1 Humongous Allocation) 4768M->4768M(5120M) 14,556ms
[221,137s][info][gc] GC(409) Pause Full (G1 Humongous Allocation) 4768M->4768M(5120M) 19,693ms
radixSort: Java heap space
[221,138s][info][gc] GC(406) Concurrent Mark Cycle 36,583ms
[221,239s][info][gc] GC(410) Pause Young (Concurrent Start) (G1 Humongous Allocation) 4768M->4768M(5120M) 2,736ms
[221,239s][info][gc] GC(411) Concurrent Mark Cycle
[221,248s][info][gc] GC(411) Pause Remark 4768M->4488M(5120M) 0,826ms
[221,260s][info][gc] GC(411) Pause Cleanup 4488M->4488M(5120M) 0,672ms
[221,280s][info][gc] GC(411) Concurrent Mark Cycle 40,979ms
[222,333s][info][gc] GC(412) Pause Young (Concurrent Start) (G1 Humongous Allocation) 4681M->4680M(5120M) 1,689ms
[222,333s][info][gc] GC(413) Concurrent Mark Cycle
[222,345s][info][gc] GC(413) Pause Remark 4680M->4680M(5120M) 1,973ms
[222,350s][info][gc] GC(413) Pause Cleanup 4680M->4680M(5120M) 0,531ms
[222,366s][info][gc] GC(413) Concurrent Mark Cycle 33,463ms
[222,564s][info][gc] GC(414) Pause Young (Concurrent Start) (G1 Humongous Allocation) 4724M->4588M(5120M) 0,956ms
[222,564s][info][gc] GC(415) Concurrent Mark Cycle
[222,573s][info][gc] GC(415) Pause Remark 4604M->4604M(5120M) 1,558ms
[222,584s][info][gc] GC(415) Pause Cleanup 4604M->4604M(5120M) 0,206ms
[222,605s][info][gc] GC(415) Concurrent Mark Cycle 41,167ms
[222,691s][info][gc] GC(416) Pause Young (Concurrent Start) (G1 Humongous Allocation) 4604M->4588M(5120M) 2,768ms
[222,691s][info][gc] GC(417) Concurrent Mark Cycle
[222,696s][info][gc] GC(418) Pause Young (Normal) (G1 Humongous Allocation) 4588M->4588M(5120M) 2,057ms
[222,714s][info][gc] GC(419) Pause Full (G1 Humongous Allocation) 4588M->4588M(5120M) 17,694ms
[222,733s][info][gc] GC(420) Pause Full (G1 Humongous Allocation) 4588M->4588M(5120M) 19,396ms
[222,733s][info][gc] GC(417) Concurrent Mark Cycle 42,111ms
radixSort: Java heap space
[222,864s][info][gc] GC(421) Pause Young (Concurrent Start) (G1 Humongous Allocation) 4588M->4588M(5120M) 1,293ms
[222,864s][info][gc] GC(422) Concurrent Mark Cycle
[222,898s][info][gc] GC(422) Pause Remark 4652M->4608M(5120M) 1,525ms
[222,910s][info][gc] GC(422) Pause Cleanup 4608M->4608M(5120M) 0,560ms
[222,935s][info][gc] GC(422) Concurrent Mark Cycle 71,269ms
[224,038s][info][gc] GC(423) Pause Young (Concurrent Start) (G1 Humongous Allocation) 4609M->4108M(5120M) 3,089ms
[224,038s][info][gc] GC(424) Concurrent Mark Cycle
[224,085s][info][gc] GC(424) Pause Remark 4525M->4525M(5120M) 1,755ms
[224,090s][info][gc] GC(424) Pause Cleanup 4525M->4525M(5120M) 0,550ms
[224,109s][info][gc] GC(424) Concurrent Mark Cycle 70,264ms
Test[UNIFORM | P_SYSTEM| M=536870912] ------------------------------------------------------------------------
Test[UNIFORM | P_DPQS_2105| M=536870912] elapsed: 16375.736888 ms, reference: 51282.451585999996 ms
Preparing Test[CONTIGUOUS | P_DPQS_2105| M=536870912] --------------------------------------
[276,986s][info][gc] GC(425) Pause Young (Concurrent Start) (G1 Humongous Allocation) 4544M->2056M(5120M) 1,361ms
[276,986s][info][gc] GC(426) Concurrent Undo Cycle
[277,000s][info][gc] GC(426) Concurrent Undo Cycle 14,771ms
[277,502s][info][gc] GC(427) Pause Young (Concurrent Start) (G1 Humongous Allocation) 4108M->4108M(5120M) 1,864ms
[277,502s][info][gc] GC(428) Concurrent Mark Cycle
[277,503s][info][gc] GC(429) Pause Young (Normal) (G1 Humongous Allocation) 4108M->4108M(5120M) 1,036ms
[277,531s][info][gc] GC(430) Pause Full (G1 Humongous Allocation) 4108M->2056M(5120M) 27,997ms
[277,531s][info][gc] GC(428) Concurrent Mark Cycle 29,721ms
data[0 : 100]: [0, 1, 2, 3, 4, 5, 6, 7, 8, 9, 10, 11, 12, 13, 14, 15, 16, 17, 18, 19, 20, 21, 22, 23, 24, 25, 26, 27, 28, 29, 30, 31, 32, 33, 34, 35, 36, 37, 38, 39, 40, 41, 42, 43, 44, 45, 46, 47, 48, 49, 50, 51, 52, 53, 54, 55, 56, 57, 58, 59, 60, 61, 62, 63, 64, 65, 66, 67, 68, 69, 70, 71, 72, 73, 74, 75, 76, 77, 78, 79, 80, 81, 82, 83, 84, 85, 86, 87, 88, 89, 90, 91, 92, 93, 94, 95, 96, 97, 98, 99]
data[-100 : 0]: [536870812, 536870813, 536870814, 536870815, 536870816, 536870817, 536870818, 536870819, 536870820, 536870821, 536870822, 536870823, 536870824, 536870825, 536870826, 536870827, 536870828, 536870829, 536870830, 536870831, 536870832, 536870833, 536870834, 536870835, 536870836, 536870837, 536870838, 536870839, 536870840, 536870841, 536870842, 536870843, 536870844, 536870845, 536870846, 536870847, 536870848, 536870849, 536870850, 536870851, 536870852, 536870853, 536870854, 536870855, 536870856, 536870857, 536870858, 536870859, 536870860, 536870861, 536870862, 536870863, 536870864, 536870865, 536870866, 536870867, 536870868, 536870869, 536870870, 536870871, 536870872, 536870873, 536870874, 536870875, 536870876, 536870877, 536870878, 536870879, 536870880, 536870881, 536870882, 536870883, 536870884, 536870885, 536870886, 536870887, 536870888, 536870889, 536870890, 536870891, 536870892, 536870893, 536870894, 536870895, 536870896, 536870897, 536870898, 536870899, 536870900, 536870901, 536870902, 536870903, 536870904, 536870905, 536870906, 536870907, 536870908, 536870909, 536870910, 536870911]
Test[CONTIGUOUS | P_DPQS_2105| M=536870912] ---------------------------------------------------------------------
Test[CONTIGUOUS | P_SYSTEM| M=536870912] ------------------------------------------------------------------------
Test[CONTIGUOUS | P_DPQS_2105| M=536870912] elapsed: 1144.143637 ms, reference: 1297.908702 ms
Preparing Test[CONTIGUOUS_REVERSE | P_DPQS_2105| M=536870912] --------------------------------------
[281,221s][info][gc] GC(431) Pause Young (Concurrent Start) (G1 Humongous Allocation) 4110M->2056M(5120M) 1,186ms
[281,221s][info][gc] GC(432) Concurrent Undo Cycle
[281,231s][info][gc] GC(432) Concurrent Undo Cycle 9,876ms
[281,744s][info][gc] GC(433) Pause Young (Concurrent Start) (G1 Humongous Allocation) 4108M->4108M(5120M) 1,251ms
[281,744s][info][gc] GC(434) Concurrent Mark Cycle
[281,746s][info][gc] GC(435) Pause Young (Normal) (G1 Humongous Allocation) 4108M->4108M(5120M) 1,326ms
[281,764s][info][gc] GC(436) Pause Full (G1 Humongous Allocation) 4108M->2056M(5120M) 17,810ms
[281,765s][info][gc] GC(434) Concurrent Mark Cycle 20,573ms
data[0 : 100]: [536870912, 536870911, 536870910, 536870909, 536870908, 536870907, 536870906, 536870905, 536870904, 536870903, 536870902, 536870901, 536870900, 536870899, 536870898, 536870897, 536870896, 536870895, 536870894, 536870893, 536870892, 536870891, 536870890, 536870889, 536870888, 536870887, 536870886, 536870885, 536870884, 536870883, 536870882, 536870881, 536870880, 536870879, 536870878, 536870877, 536870876, 536870875, 536870874, 536870873, 536870872, 536870871, 536870870, 536870869, 536870868, 536870867, 536870866, 536870865, 536870864, 536870863, 536870862, 536870861, 536870860, 536870859, 536870858, 536870857, 536870856, 536870855, 536870854, 536870853, 536870852, 536870851, 536870850, 536870849, 536870848, 536870847, 536870846, 536870845, 536870844, 536870843, 536870842, 536870841, 536870840, 536870839, 536870838, 536870837, 536870836, 536870835, 536870834, 536870833, 536870832, 536870831, 536870830, 536870829, 536870828, 536870827, 536870826, 536870825, 536870824, 536870823, 536870822, 536870821, 536870820, 536870819, 536870818, 536870817, 536870816, 536870815, 536870814, 536870813]
data[-100 : 0]: [100, 99, 98, 97, 96, 95, 94, 93, 92, 91, 90, 89, 88, 87, 86, 85, 84, 83, 82, 81, 80, 79, 78, 77, 76, 75, 74, 73, 72, 71, 70, 69, 68, 67, 66, 65, 64, 63, 62, 61, 60, 59, 58, 57, 56, 55, 54, 53, 52, 51, 50, 49, 48, 47, 46, 45, 44, 43, 42, 41, 40, 39, 38, 37, 36, 35, 34, 33, 32, 31, 30, 29, 28, 27, 26, 25, 24, 23, 22, 21, 20, 19, 18, 17, 16, 15, 14, 13, 12, 11, 10, 9, 8, 7, 6, 5, 4, 3, 2, 1]
Test[CONTIGUOUS_REVERSE | P_DPQS_2105| M=536870912] ---------------------------------------------------------------------
Test[CONTIGUOUS_REVERSE | P_SYSTEM| M=536870912] ------------------------------------------------------------------------
Test[CONTIGUOUS_REVERSE | P_DPQS_2105| M=536870912] elapsed: 1500.6615239999999 ms, reference: 868.2750169999999 ms
Preparing Test[ALMOST_CONTIGUOUS | P_DPQS_2105| M=536870912] --------------------------------------
[285,325s][info][gc] GC(437) Pause Young (Concurrent Start) (G1 Humongous Allocation) 4110M->2056M(5120M) 2,638ms
[285,325s][info][gc] GC(438) Concurrent Undo Cycle
[285,332s][info][gc] GC(438) Concurrent Undo Cycle 7,328ms
[285,838s][info][gc] GC(439) Pause Young (Concurrent Start) (G1 Humongous Allocation) 4108M->4108M(5120M) 3,002ms
[285,838s][info][gc] GC(440) Concurrent Mark Cycle
[285,839s][info][gc] GC(441) Pause Young (Normal) (G1 Humongous Allocation) 4108M->4108M(5120M) 1,025ms
[285,857s][info][gc] GC(442) Pause Full (G1 Humongous Allocation) 4108M->2056M(5120M) 18,112ms
[285,858s][info][gc] GC(440) Concurrent Mark Cycle 20,356ms
data[0 : 100]: [255, 254, 253, 252, 251, 250, 249, 248, 247, 246, 245, 244, 243, 242, 241, 240, 239, 238, 237, 236, 235, 234, 233, 232, 231, 230, 229, 228, 227, 226, 225, 224, 223, 222, 221, 220, 219, 218, 217, 216, 215, 214, 213, 212, 211, 210, 209, 208, 207, 206, 205, 204, 203, 202, 201, 200, 199, 198, 197, 196, 195, 194, 193, 192, 191, 190, 189, 188, 187, 186, 185, 184, 183, 182, 181, 180, 179, 178, 177, 176, 175, 174, 173, 172, 171, 170, 169, 168, 167, 166, 165, 164, 163, 162, 161, 160, 159, 158, 157, 156]
data[-100 : 0]: [536870755, 536870754, 536870753, 536870752, 536870751, 536870750, 536870749, 536870748, 536870747, 536870746, 536870745, 536870744, 536870743, 536870742, 536870741, 536870740, 536870739, 536870738, 536870737, 536870736, 536870735, 536870734, 536870733, 536870732, 536870731, 536870730, 536870729, 536870728, 536870727, 536870726, 536870725, 536870724, 536870723, 536870722, 536870721, 536870720, 536870719, 536870718, 536870717, 536870716, 536870715, 536870714, 536870713, 536870712, 536870711, 536870710, 536870709, 536870708, 536870707, 536870706, 536870705, 536870704, 536870703, 536870702, 536870701, 536870700, 536870699, 536870698, 536870697, 536870696, 536870695, 536870694, 536870693, 536870692, 536870691, 536870690, 536870689, 536870688, 536870687, 536870686, 536870685, 536870684, 536870683, 536870682, 536870681, 536870680, 536870679, 536870678, 536870677, 536870676, 536870675, 536870674, 536870673, 536870672, 536870671, 536870670, 536870669, 536870668, 536870667, 536870666, 536870665, 536870664, 536870663, 536870662, 536870661, 536870660, 536870659, 536870658, 536870657, 536870656]
Test[ALMOST_CONTIGUOUS | P_DPQS_2105| M=536870912] ---------------------------------------------------------------------
Test[ALMOST_CONTIGUOUS | P_SYSTEM| M=536870912] ------------------------------------------------------------------------
[288,612s][info][gc] GC(443) Pause Young (Concurrent Start) (G1 Humongous Allocation) 4116M->4108M(5120M) 0,740ms
[288,612s][info][gc] GC(444) Concurrent Mark Cycle
[288,683s][info][gc] GC(444) Pause Remark 4112M->4112M(5120M) 1,417ms
[288,706s][info][gc] GC(444) Pause Cleanup 4113M->4113M(5120M) 0,497ms
[288,720s][info][gc] GC(444) Concurrent Mark Cycle 107,804ms
[289,209s][info][gc] GC(445) Pause Young (Concurrent Start) (G1 Humongous Allocation) 4120M->4108M(5120M) 0,865ms
[289,209s][info][gc] GC(446) Concurrent Mark Cycle
[289,222s][info][gc] GC(446) Pause Remark 4112M->4112M(5120M) 3,573ms
[289,228s][info][gc] GC(446) Pause Cleanup 4112M->4112M(5120M) 0,387ms
[289,242s][info][gc] GC(446) Concurrent Mark Cycle 33,356ms
[289,291s][info][gc] GC(447) Pause Young (Concurrent Start) (G1 Humongous Allocation) 4114M->4108M(5120M) 1,525ms
[289,291s][info][gc] GC(448) Concurrent Mark Cycle
[289,301s][info][gc] GC(448) Pause Remark 4113M->4113M(5120M) 2,165ms
[289,310s][info][gc] GC(448) Pause Cleanup 4118M->4118M(5120M) 0,269ms
[289,330s][info][gc] GC(448) Concurrent Mark Cycle 38,652ms
[289,342s][info][gc] GC(449) Pause Young (Concurrent Start) (G1 Humongous Allocation) 4120M->4116M(5120M) 2,385ms
[289,342s][info][gc] GC(450) Concurrent Mark Cycle
[289,358s][info][gc] GC(450) Pause Remark 4120M->4120M(5120M) 0,885ms
[289,376s][info][gc] GC(450) Pause Cleanup 4123M->4123M(5120M) 0,180ms
[289,403s][info][gc] GC(450) Concurrent Mark Cycle 60,974ms
[289,481s][info][gc] GC(451) Pause Young (Concurrent Start) (G1 Humongous Allocation) 4124M->4108M(5120M) 1,466ms
[289,481s][info][gc] GC(452) Concurrent Mark Cycle
[289,490s][info][gc] GC(452) Pause Remark 4114M->4114M(5120M) 1,983ms
[289,515s][info][gc] GC(452) Pause Cleanup 4114M->4114M(5120M) 0,190ms
[289,539s][info][gc] GC(452) Concurrent Mark Cycle 58,088ms
[289,607s][info][gc] GC(453) Pause Young (Concurrent Start) (G1 Humongous Allocation) 4120M->4108M(5120M) 1,268ms
[289,607s][info][gc] GC(454) Concurrent Mark Cycle
[289,614s][info][gc] GC(454) Pause Remark 4113M->4113M(5120M) 1,948ms
[289,632s][info][gc] GC(454) Pause Cleanup 4115M->4115M(5120M) 0,259ms
[289,654s][info][gc] GC(454) Concurrent Mark Cycle 47,212ms
[289,708s][info][gc] GC(455) Pause Young (Concurrent Start) (G1 Humongous Allocation) 4116M->4108M(5120M) 1,495ms
[289,708s][info][gc] GC(456) Concurrent Mark Cycle
[289,717s][info][gc] GC(456) Pause Remark 4113M->4113M(5120M) 2,863ms
[289,726s][info][gc] GC(456) Pause Cleanup 4114M->4114M(5120M) 0,200ms
[289,738s][info][gc] GC(456) Concurrent Mark Cycle 29,798ms
[289,764s][info][gc] GC(457) Pause Young (Concurrent Start) (G1 Humongous Allocation) 4115M->4108M(5120M) 1,433ms
[289,764s][info][gc] GC(458) Concurrent Mark Cycle
[289,771s][info][gc] GC(458) Pause Remark 4113M->4113M(5120M) 0,910ms
[289,780s][info][gc] GC(458) Pause Cleanup 4118M->4118M(5120M) 0,192ms
[289,804s][info][gc] GC(458) Concurrent Mark Cycle 39,269ms
[289,845s][info][gc] GC(459) Pause Young (Concurrent Start) (G1 Humongous Allocation) 4120M->4112M(5120M) 2,821ms
[289,845s][info][gc] GC(460) Concurrent Mark Cycle
[289,855s][info][gc] GC(460) Pause Remark 4117M->4117M(5120M) 1,979ms
[289,861s][info][gc] GC(460) Pause Cleanup 4118M->4118M(5120M) 0,244ms
[289,876s][info][gc] GC(460) Concurrent Mark Cycle 31,720ms
[289,888s][info][gc] GC(461) Pause Young (Concurrent Start) (G1 Humongous Allocation) 4119M->4112M(5120M) 1,112ms
[289,889s][info][gc] GC(462) Concurrent Mark Cycle
[289,918s][info][gc] GC(462) Pause Remark 4122M->4122M(5120M) 3,037ms
[289,928s][info][gc] GC(462) Pause Cleanup 4122M->4122M(5120M) 0,244ms
[289,944s][info][gc] GC(462) Concurrent Mark Cycle 54,277ms
[290,065s][info][gc] GC(463) Pause Young (Concurrent Start) (G1 Humongous Allocation) 4131M->4108M(5120M) 1,468ms
[290,065s][info][gc] GC(464) Concurrent Mark Cycle
[290,077s][info][gc] GC(464) Pause Remark 4116M->4116M(5120M) 2,585ms
[290,091s][info][gc] GC(464) Pause Cleanup 4116M->4116M(5120M) 0,237ms
[290,099s][info][gc] GC(464) Concurrent Mark Cycle 33,786ms
[290,176s][info][gc] GC(465) Pause Young (Concurrent Start) (G1 Humongous Allocation) 4117M->4109M(5120M) 1,908ms
[290,176s][info][gc] GC(466) Concurrent Mark Cycle
[290,186s][info][gc] GC(466) Pause Remark 4116M->4116M(5120M) 4,853ms
[290,194s][info][gc] GC(466) Pause Cleanup 4116M->4116M(5120M) 0,230ms
[290,217s][info][gc] GC(466) Concurrent Mark Cycle 41,015ms
[290,262s][info][gc] GC(467) Pause Young (Concurrent Start) (G1 Humongous Allocation) 4120M->4109M(5120M) 0,722ms
[290,263s][info][gc] GC(468) Concurrent Mark Cycle
[290,304s][info][gc] GC(468) Pause Remark 4118M->4118M(5120M) 0,873ms
[290,310s][info][gc] GC(468) Pause Cleanup 4118M->4118M(5120M) 0,224ms
[290,319s][info][gc] GC(468) Concurrent Mark Cycle 56,117ms
[290,426s][info][gc] GC(469) Pause Young (Concurrent Start) (G1 Humongous Allocation) 4123M->4108M(5120M) 10,506ms
[290,426s][info][gc] GC(470) Concurrent Mark Cycle
[290,447s][info][gc] GC(470) Pause Remark 4122M->4122M(5120M) 1,635ms
[290,453s][info][gc] GC(470) Pause Cleanup 4124M->4124M(5120M) 0,216ms
[290,484s][info][gc] GC(470) Concurrent Mark Cycle 57,585ms
[290,624s][info][gc] GC(471) Pause Young (Concurrent Start) (G1 Humongous Allocation) 4135M->4109M(5120M) 3,316ms
[290,624s][info][gc] GC(472) Concurrent Mark Cycle
[290,638s][info][gc] GC(472) Pause Remark 4120M->4120M(5120M) 2,934ms
[290,648s][info][gc] GC(472) Pause Cleanup 4125M->4125M(5120M) 0,201ms
[290,674s][info][gc] GC(472) Concurrent Mark Cycle 50,129ms
[290,687s][info][gc] GC(473) Pause Young (Concurrent Start) (G1 Humongous Allocation) 4125M->4120M(5120M) 6,734ms
[290,688s][info][gc] GC(474) Concurrent Mark Cycle
[290,706s][info][gc] GC(474) Pause Remark 4128M->4128M(5120M) 2,007ms
[290,732s][info][gc] GC(474) Pause Cleanup 4128M->4128M(5120M) 0,212ms
[290,758s][info][gc] GC(474) Concurrent Mark Cycle 70,074ms
[290,771s][info][gc] GC(475) Pause Young (Concurrent Start) (G1 Humongous Allocation) 4130M->4112M(5120M) 3,896ms
[290,771s][info][gc] GC(476) Concurrent Mark Cycle
[290,795s][info][gc] GC(476) Pause Remark 4120M->4120M(5120M) 4,561ms
[290,808s][info][gc] GC(476) Pause Cleanup 4124M->4124M(5120M) 0,207ms
[290,827s][info][gc] GC(476) Concurrent Mark Cycle 56,110ms
[290,844s][info][gc] GC(477) Pause Young (Concurrent Start) (G1 Humongous Allocation) 4129M->4116M(5120M) 0,948ms
[290,844s][info][gc] GC(478) Concurrent Mark Cycle
[290,869s][info][gc] GC(478) Pause Remark 4124M->4124M(5120M) 2,005ms
[290,886s][info][gc] GC(478) Pause Cleanup 4125M->4125M(5120M) 0,205ms
[290,907s][info][gc] GC(478) Concurrent Mark Cycle 62,976ms
[290,939s][info][gc] GC(479) Pause Young (Concurrent Start) (G1 Humongous Allocation) 4130M->4112M(5120M) 1,533ms
[290,939s][info][gc] GC(480) Concurrent Mark Cycle
[290,973s][info][gc] GC(480) Pause Remark 4118M->4118M(5120M) 3,341ms
[290,979s][info][gc] GC(480) Pause Cleanup 4122M->4122M(5120M) 0,192ms
[291,000s][info][gc] GC(480) Concurrent Mark Cycle 61,022ms
[291,058s][info][gc] GC(481) Pause Young (Concurrent Start) (G1 Humongous Allocation) 4127M->4109M(5120M) 1,368ms
[291,058s][info][gc] GC(482) Concurrent Mark Cycle
[291,073s][info][gc] GC(482) Pause Remark 4114M->4114M(5120M) 0,992ms
[291,080s][info][gc] GC(482) Pause Cleanup 4116M->4116M(5120M) 0,210ms
[291,097s][info][gc] GC(482) Concurrent Mark Cycle 39,416ms
[291,228s][info][gc] GC(483) Pause Young (Concurrent Start) (G1 Humongous Allocation) 4129M->4108M(5120M) 1,810ms
[291,228s][info][gc] GC(484) Concurrent Mark Cycle
[291,242s][info][gc] GC(484) Pause Remark 4118M->4118M(5120M) 1,633ms
[291,257s][info][gc] GC(484) Pause Cleanup 4119M->4119M(5120M) 0,198ms
[291,270s][info][gc] GC(484) Concurrent Mark Cycle 41,928ms
[291,282s][info][gc] GC(485) Pause Young (Concurrent Start) (G1 Humongous Allocation) 4120M->4116M(5120M) 1,283ms
[291,282s][info][gc] GC(486) Concurrent Mark Cycle
[291,293s][info][gc] GC(486) Pause Remark 4122M->4122M(5120M) 0,976ms
[291,306s][info][gc] GC(486) Pause Cleanup 4124M->4124M(5120M) 0,662ms
[291,319s][info][gc] GC(486) Concurrent Mark Cycle 36,639ms
[291,355s][info][gc] GC(487) Pause Young (Concurrent Start) (G1 Humongous Allocation) 4126M->4108M(5120M) 7,721ms
[291,355s][info][gc] GC(488) Concurrent Mark Cycle
[291,364s][info][gc] GC(488) Pause Remark 4112M->4112M(5120M) 2,094ms
[291,372s][info][gc] GC(488) Pause Cleanup 4113M->4113M(5120M) 0,306ms
[291,393s][info][gc] GC(488) Concurrent Mark Cycle 37,206ms
[291,438s][info][gc] GC(489) Pause Young (Concurrent Start) (G1 Humongous Allocation) 4116M->4108M(5120M) 1,702ms
[291,439s][info][gc] GC(490) Concurrent Mark Cycle
[291,459s][info][gc] GC(490) Pause Remark 4116M->4116M(5120M) 1,673ms
[291,492s][info][gc] GC(490) Pause Cleanup 4118M->4118M(5120M) 0,209ms
[291,515s][info][gc] GC(490) Concurrent Mark Cycle 76,142ms
[291,567s][info][gc] GC(491) Pause Young (Concurrent Start) (G1 Humongous Allocation) 4120M->4108M(5120M) 1,011ms
[291,568s][info][gc] GC(492) Concurrent Mark Cycle
[291,583s][info][gc] GC(492) Pause Remark 4115M->4115M(5120M) 1,518ms
[291,591s][info][gc] GC(492) Pause Cleanup 4115M->4115M(5120M) 0,230ms
[291,605s][info][gc] GC(492) Concurrent Mark Cycle 37,703ms
[291,610s][info][gc] GC(493) Pause Young (Concurrent Start) (G1 Humongous Allocation) 4115M->4112M(5120M) 1,051ms
[291,610s][info][gc] GC(494) Concurrent Mark Cycle
[291,632s][info][gc] GC(494) Pause Remark 4120M->4120M(5120M) 3,139ms
[291,652s][info][gc] GC(494) Pause Cleanup 4121M->4121M(5120M) 0,294ms
[291,682s][info][gc] GC(494) Concurrent Mark Cycle 72,342ms
[291,720s][info][gc] GC(495) Pause Young (Concurrent Start) (G1 Humongous Allocation) 4124M->4108M(5120M) 1,252ms
[291,720s][info][gc] GC(496) Concurrent Mark Cycle
[291,733s][info][gc] GC(496) Pause Remark 4115M->4115M(5120M) 5,096ms
[291,738s][info][gc] GC(496) Pause Cleanup 4115M->4115M(5120M) 0,179ms
[291,759s][info][gc] GC(496) Concurrent Mark Cycle 38,562ms
[291,832s][info][gc] GC(497) Pause Young (Concurrent Start) (G1 Humongous Allocation) 4124M->4109M(5120M) 1,855ms
[291,832s][info][gc] GC(498) Concurrent Mark Cycle
[291,859s][info][gc] GC(498) Pause Remark 4120M->4120M(5120M) 3,289ms
[291,902s][info][gc] GC(498) Pause Cleanup 4122M->4122M(5120M) 0,874ms
[291,910s][info][gc] GC(498) Concurrent Mark Cycle 77,903ms
[291,942s][info][gc] GC(499) Pause Young (Concurrent Start) (G1 Humongous Allocation) 4123M->4116M(5120M) 0,684ms
[291,942s][info][gc] GC(500) Concurrent Mark Cycle
[291,950s][info][gc] GC(500) Pause Remark 4123M->4123M(5120M) 2,449ms
[291,959s][info][gc] GC(500) Pause Cleanup 4124M->4124M(5120M) 0,292ms
[291,968s][info][gc] GC(500) Concurrent Mark Cycle 25,797ms
[291,994s][info][gc] GC(501) Pause Young (Concurrent Start) (G1 Humongous Allocation) 4125M->4113M(5120M) 2,191ms
[291,994s][info][gc] GC(502) Concurrent Mark Cycle
[292,015s][info][gc] GC(502) Pause Remark 4121M->4121M(5120M) 5,875ms
[292,025s][info][gc] GC(502) Pause Cleanup 4125M->4125M(5120M) 0,207ms
[292,050s][info][gc] GC(502) Concurrent Mark Cycle 56,504ms
[292,112s][info][gc] GC(503) Pause Young (Concurrent Start) (G1 Humongous Allocation) 4129M->4108M(5120M) 3,097ms
[292,112s][info][gc] GC(504) Concurrent Mark Cycle
[292,122s][info][gc] GC(504) Pause Remark 4116M->4116M(5120M) 1,524ms
[292,139s][info][gc] GC(504) Pause Cleanup 4118M->4118M(5120M) 0,265ms
[292,145s][info][gc] GC(504) Concurrent Mark Cycle 33,336ms
[292,180s][info][gc] GC(505) Pause Young (Concurrent Start) (G1 Humongous Allocation) 4119M->4113M(5120M) 1,670ms
[292,180s][info][gc] GC(506) Concurrent Mark Cycle
[292,193s][info][gc] GC(506) Pause Remark 4120M->4120M(5120M) 2,669ms
[292,219s][info][gc] GC(506) Pause Cleanup 4124M->4124M(5120M) 0,509ms
[292,241s][info][gc] GC(506) Concurrent Mark Cycle 60,419ms
[292,338s][info][gc] GC(507) Pause Young (Concurrent Start) (G1 Humongous Allocation) 4138M->4112M(5120M) 5,152ms
[292,338s][info][gc] GC(508) Concurrent Mark Cycle
[292,362s][info][gc] GC(508) Pause Remark 4125M->4125M(5120M) 5,148ms
[292,373s][info][gc] GC(508) Pause Cleanup 4126M->4126M(5120M) 0,201ms
[292,386s][info][gc] GC(508) Concurrent Mark Cycle 47,716ms
[292,492s][info][gc] GC(509) Pause Young (Concurrent Start) (G1 Humongous Allocation) 4131M->4108M(5120M) 7,748ms
[292,493s][info][gc] GC(510) Concurrent Mark Cycle
[292,504s][info][gc] GC(510) Pause Remark 4123M->4123M(5120M) 3,464ms
[292,516s][info][gc] GC(510) Pause Cleanup 4123M->4123M(5120M) 0,211ms
[292,561s][info][gc] GC(510) Concurrent Mark Cycle 68,382ms
[292,766s][info][gc] GC(511) Pause Young (Concurrent Start) (G1 Humongous Allocation) 4137M->4109M(5120M) 2,645ms
[292,766s][info][gc] GC(512) Concurrent Mark Cycle
[292,778s][info][gc] GC(512) Pause Remark 4117M->4117M(5120M) 3,561ms
[292,795s][info][gc] GC(512) Pause Cleanup 4120M->4120M(5120M) 0,202ms
[292,812s][info][gc] GC(512) Concurrent Mark Cycle 45,518ms
[292,841s][info][gc] GC(513) Pause Young (Concurrent Start) (G1 Humongous Allocation) 4123M->4116M(5120M) 1,959ms
[292,841s][info][gc] GC(514) Concurrent Mark Cycle
[292,858s][info][gc] GC(514) Pause Remark 4128M->4128M(5120M) 3,498ms
[292,895s][info][gc] GC(514) Pause Cleanup 4136M->4136M(5120M) 0,213ms
[292,912s][info][gc] GC(514) Concurrent Mark Cycle 71,287ms
[292,927s][info][gc] GC(515) Pause Young (Concurrent Start) (G1 Humongous Allocation) 4136M->4124M(5120M) 3,400ms
[292,927s][info][gc] GC(516) Concurrent Mark Cycle
[292,934s][info][gc] GC(516) Pause Remark 4129M->4129M(5120M) 2,564ms
[292,955s][info][gc] GC(516) Pause Cleanup 4132M->4132M(5120M) 0,234ms
[292,977s][info][gc] GC(516) Concurrent Mark Cycle 49,984ms
[293,039s][info][gc] GC(517) Pause Young (Concurrent Start) (G1 Humongous Allocation) 4137M->4110M(5120M) 2,062ms
[293,039s][info][gc] GC(518) Concurrent Mark Cycle
[293,059s][info][gc] GC(518) Pause Remark 4121M->4121M(5120M) 2,900ms
[293,067s][info][gc] GC(518) Pause Cleanup 4121M->4121M(5120M) 1,026ms
[293,082s][info][gc] GC(518) Concurrent Mark Cycle 42,848ms
[293,115s][info][gc] GC(519) Pause Young (Concurrent Start) (G1 Humongous Allocation) 4122M->4108M(5120M) 3,922ms
[293,115s][info][gc] GC(520) Concurrent Mark Cycle
[293,139s][info][gc] GC(520) Pause Remark 4119M->4119M(5120M) 10,830ms
[293,165s][info][gc] GC(520) Pause Cleanup 4121M->4121M(5120M) 0,211ms
[293,197s][info][gc] GC(520) Concurrent Mark Cycle 81,867ms
[293,226s][info][gc] GC(521) Pause Young (Concurrent Start) (G1 Humongous Allocation) 4126M->4112M(5120M) 6,372ms
[293,226s][info][gc] GC(522) Concurrent Mark Cycle
[293,272s][info][gc] GC(522) Pause Remark 4119M->4119M(5120M) 13,588ms
[293,280s][info][gc] GC(522) Pause Cleanup 4119M->4119M(5120M) 0,202ms
[293,293s][info][gc] GC(522) Concurrent Mark Cycle 67,387ms
[293,452s][info][gc] GC(523) Pause Young (Concurrent Start) (G1 Humongous Allocation) 4125M->4108M(5120M) 1,582ms
[293,452s][info][gc] GC(524) Concurrent Mark Cycle
[293,461s][info][gc] GC(524) Pause Remark 4115M->4115M(5120M) 1,025ms
[293,471s][info][gc] GC(524) Pause Cleanup 4116M->4116M(5120M) 0,355ms
[293,497s][info][gc] GC(524) Concurrent Mark Cycle 45,074ms
[293,506s][info][gc] GC(525) Pause Young (Concurrent Start) (G1 Humongous Allocation) 4120M->4114M(5120M) 1,920ms
[293,506s][info][gc] GC(526) Concurrent Mark Cycle
[293,539s][info][gc] GC(526) Pause Remark 4123M->4123M(5120M) 1,513ms
[293,568s][info][gc] GC(526) Pause Cleanup 4123M->4123M(5120M) 0,249ms
[293,607s][info][gc] GC(526) Concurrent Mark Cycle 101,629ms
[293,654s][info][gc] GC(527) Pause Young (Concurrent Start) (G1 Humongous Allocation) 4124M->4108M(5120M) 1,892ms
[293,655s][info][gc] GC(528) Concurrent Mark Cycle
[293,664s][info][gc] GC(528) Pause Remark 4113M->4113M(5120M) 2,563ms
[293,676s][info][gc] GC(528) Pause Cleanup 4113M->4113M(5120M) 0,280ms
[293,712s][info][gc] GC(528) Concurrent Mark Cycle 56,904ms
[293,726s][info][gc] GC(529) Pause Young (Concurrent Start) (G1 Humongous Allocation) 4117M->4108M(5120M) 1,771ms
[293,726s][info][gc] GC(530) Concurrent Mark Cycle
[293,758s][info][gc] GC(530) Pause Remark 4120M->4120M(5120M) 1,959ms
[293,763s][info][gc] GC(530) Pause Cleanup 4121M->4121M(5120M) 0,209ms
[293,783s][info][gc] GC(530) Concurrent Mark Cycle 57,375ms
[293,824s][info][gc] GC(531) Pause Young (Concurrent Start) (G1 Humongous Allocation) 4122M->4116M(5120M) 2,617ms
[293,824s][info][gc] GC(532) Concurrent Mark Cycle
[293,851s][info][gc] GC(532) Pause Remark 4126M->4126M(5120M) 2,686ms
[293,862s][info][gc] GC(532) Pause Cleanup 4126M->4126M(5120M) 0,583ms
[293,875s][info][gc] GC(532) Concurrent Mark Cycle 50,465ms
[293,942s][info][gc] GC(533) Pause Young (Concurrent Start) (G1 Humongous Allocation) 4134M->4112M(5120M) 2,902ms
[293,942s][info][gc] GC(534) Concurrent Mark Cycle
[293,955s][info][gc] GC(534) Pause Remark 4123M->4123M(5120M) 6,961ms
[293,961s][info][gc] GC(534) Pause Cleanup 4123M->4123M(5120M) 0,217ms
[293,974s][info][gc] GC(534) Concurrent Mark Cycle 32,504ms
[294,019s][info][gc] GC(535) Pause Young (Concurrent Start) (G1 Humongous Allocation) 4124M->4117M(5120M) 2,294ms
[294,019s][info][gc] GC(536) Concurrent Mark Cycle
[294,030s][info][gc] GC(536) Pause Remark 4122M->4122M(5120M) 1,708ms
[294,048s][info][gc] GC(536) Pause Cleanup 4124M->4124M(5120M) 0,230ms
[294,080s][info][gc] GC(536) Concurrent Mark Cycle 61,259ms
[294,111s][info][gc] GC(537) Pause Young (Concurrent Start) (G1 Humongous Allocation) 4125M->4112M(5120M) 0,748ms
[294,111s][info][gc] GC(538) Concurrent Mark Cycle
[294,134s][info][gc] GC(538) Pause Remark 4123M->4123M(5120M) 3,225ms
[294,144s][info][gc] GC(538) Pause Cleanup 4123M->4123M(5120M) 0,199ms
[294,183s][info][gc] GC(538) Concurrent Mark Cycle 71,446ms
[294,362s][info][gc] GC(539) Pause Young (Concurrent Start) (G1 Humongous Allocation) 4129M->4108M(5120M) 1,854ms
[294,362s][info][gc] GC(540) Concurrent Mark Cycle
[294,374s][info][gc] GC(540) Pause Remark 4115M->4115M(5120M) 2,764ms
[294,411s][info][gc] GC(540) Pause Cleanup 4119M->4119M(5120M) 0,199ms
[294,429s][info][gc] GC(540) Concurrent Mark Cycle 67,001ms
[294,452s][info][gc] GC(541) Pause Young (Concurrent Start) (G1 Humongous Allocation) 4121M->4113M(5120M) 3,883ms
[294,452s][info][gc] GC(542) Concurrent Mark Cycle
[294,500s][info][gc] GC(542) Pause Remark 4124M->4124M(5120M) 1,335ms
[294,521s][info][gc] GC(542) Pause Cleanup 4124M->4124M(5120M) 7,042ms
[294,543s][info][gc] GC(542) Concurrent Mark Cycle 90,407ms
[294,654s][info][gc] GC(543) Pause Young (Concurrent Start) (G1 Humongous Allocation) 4137M->4108M(5120M) 2,418ms
[294,654s][info][gc] GC(544) Concurrent Mark Cycle
[294,670s][info][gc] GC(544) Pause Remark 4119M->4119M(5120M) 3,675ms
[294,692s][info][gc] GC(544) Pause Cleanup 4119M->4119M(5120M) 0,232ms
[294,733s][info][gc] GC(544) Concurrent Mark Cycle 79,631ms
[294,794s][info][gc] GC(545) Pause Young (Concurrent Start) (G1 Humongous Allocation) 4126M->4108M(5120M) 1,662ms
[294,794s][info][gc] GC(546) Concurrent Mark Cycle
[294,807s][info][gc] GC(546) Pause Remark 4115M->4115M(5120M) 4,268ms
[294,815s][info][gc] GC(546) Pause Cleanup 4116M->4116M(5120M) 0,731ms
[294,837s][info][gc] GC(546) Concurrent Mark Cycle 42,770ms
[294,848s][info][gc] GC(547) Pause Young (Concurrent Start) (G1 Humongous Allocation) 4117M->4112M(5120M) 1,844ms
[294,848s][info][gc] GC(548) Concurrent Mark Cycle
[294,859s][info][gc] GC(548) Pause Remark 4121M->4121M(5120M) 1,258ms
[294,874s][info][gc] GC(548) Pause Cleanup 4124M->4124M(5120M) 0,179ms
[294,902s][info][gc] GC(548) Concurrent Mark Cycle 54,016ms
[294,978s][info][gc] GC(549) Pause Young (Concurrent Start) (G1 Humongous Allocation) 4124M->4108M(5120M) 2,411ms
[294,979s][info][gc] GC(550) Concurrent Mark Cycle
[294,995s][info][gc] GC(550) Pause Remark 4119M->4119M(5120M) 1,904ms
[295,008s][info][gc] GC(550) Pause Cleanup 4119M->4119M(5120M) 0,192ms
[295,065s][info][gc] GC(550) Concurrent Mark Cycle 86,301ms
[295,217s][info][gc] GC(551) Pause Young (Concurrent Start) (G1 Humongous Allocation) 4134M->4108M(5120M) 1,809ms
[295,217s][info][gc] GC(552) Concurrent Mark Cycle
[295,228s][info][gc] GC(552) Pause Remark 4117M->4117M(5120M) 3,977ms
[295,250s][info][gc] GC(552) Pause Cleanup 4119M->4119M(5120M) 0,206ms
[295,283s][info][gc] GC(552) Concurrent Mark Cycle 65,455ms
[295,324s][info][gc] GC(553) Pause Young (Concurrent Start) (G1 Humongous Allocation) 4128M->4116M(5120M) 1,411ms
[295,324s][info][gc] GC(554) Concurrent Mark Cycle
[295,365s][info][gc] GC(554) Pause Remark 4123M->4123M(5120M) 2,633ms
[295,377s][info][gc] GC(554) Pause Cleanup 4123M->4123M(5120M) 0,346ms
[295,397s][info][gc] GC(554) Concurrent Mark Cycle 72,640ms
[295,514s][info][gc] GC(555) Pause Young (Concurrent Start) (G1 Humongous Allocation) 4132M->4108M(5120M) 3,275ms
[295,514s][info][gc] GC(556) Concurrent Mark Cycle
[295,529s][info][gc] GC(556) Pause Remark 4116M->4116M(5120M) 5,844ms
[295,541s][info][gc] GC(556) Pause Cleanup 4117M->4117M(5120M) 0,560ms
[295,559s][info][gc] GC(556) Concurrent Mark Cycle 44,760ms
[295,587s][info][gc] GC(557) Pause Young (Concurrent Start) (G1 Humongous Allocation) 4117M->4112M(5120M) 1,571ms
[295,587s][info][gc] GC(558) Concurrent Mark Cycle
[295,594s][info][gc] GC(558) Pause Remark 4119M->4119M(5120M) 1,418ms
[295,607s][info][gc] GC(558) Pause Cleanup 4120M->4120M(5120M) 0,182ms
[295,628s][info][gc] GC(558) Concurrent Mark Cycle 41,056ms
[295,778s][info][gc] GC(559) Pause Young (Concurrent Start) (G1 Humongous Allocation) 4130M->4109M(5120M) 1,280ms
[295,778s][info][gc] GC(560) Concurrent Mark Cycle
[295,794s][info][gc] GC(560) Pause Remark 4116M->4116M(5120M) 1,654ms
[295,803s][info][gc] GC(560) Pause Cleanup 4116M->4116M(5120M) 0,334ms
[295,819s][info][gc] GC(560) Concurrent Mark Cycle 41,880ms
[295,959s][info][gc] GC(561) Pause Young (Concurrent Start) (G1 Humongous Allocation) 4118M->4108M(5120M) 1,043ms
[295,959s][info][gc] GC(562) Concurrent Mark Cycle
[295,969s][info][gc] GC(562) Pause Remark 4114M->4114M(5120M) 2,980ms
[295,979s][info][gc] GC(562) Pause Cleanup 4114M->4114M(5120M) 0,464ms
[296,001s][info][gc] GC(562) Concurrent Mark Cycle 41,479ms
[296,052s][info][gc] GC(563) Pause Young (Concurrent Start) (G1 Humongous Allocation) 4118M->4116M(5120M) 1,776ms
[296,052s][info][gc] GC(564) Concurrent Mark Cycle
[296,064s][info][gc] GC(564) Pause Remark 4121M->4121M(5120M) 1,894ms
[296,078s][info][gc] GC(564) Pause Cleanup 4122M->4122M(5120M) 0,234ms
[296,093s][info][gc] GC(564) Concurrent Mark Cycle 41,057ms
[296,212s][info][gc] GC(565) Pause Young (Concurrent Start) (G1 Humongous Allocation) 4130M->4110M(5120M) 0,967ms
[296,212s][info][gc] GC(566) Concurrent Mark Cycle
[296,221s][info][gc] GC(566) Pause Remark 4117M->4117M(5120M) 1,771ms
[296,231s][info][gc] GC(566) Pause Cleanup 4117M->4117M(5120M) 0,194ms
[296,264s][info][gc] GC(566) Concurrent Mark Cycle 52,792ms
[296,324s][info][gc] GC(567) Pause Young (Concurrent Start) (G1 Humongous Allocation) 4130M->4112M(5120M) 0,676ms
[296,324s][info][gc] GC(568) Concurrent Mark Cycle
[296,339s][info][gc] GC(568) Pause Remark 4120M->4120M(5120M) 5,942ms
[296,345s][info][gc] GC(568) Pause Cleanup 4121M->4121M(5120M) 0,215ms
[296,382s][info][gc] GC(568) Concurrent Mark Cycle 58,259ms
[296,396s][info][gc] GC(569) Pause Young (Concurrent Start) (G1 Humongous Allocation) 4122M->4108M(5120M) 1,790ms
[296,401s][info][gc] GC(570) Concurrent Mark Cycle
[296,431s][info][gc] GC(570) Pause Remark 4120M->4120M(5120M) 0,970ms
[296,478s][info][gc] GC(570) Pause Cleanup 4120M->4120M(5120M) 0,191ms
[296,497s][info][gc] GC(570) Concurrent Mark Cycle 96,116ms
[296,534s][info][gc] GC(571) Pause Young (Concurrent Start) (G1 Humongous Allocation) 4125M->4112M(5120M) 2,001ms
[296,534s][info][gc] GC(572) Concurrent Mark Cycle
[296,543s][info][gc] GC(572) Pause Remark 4120M->4120M(5120M) 2,204ms
[296,560s][info][gc] GC(572) Pause Cleanup 4121M->4121M(5120M) 0,242ms
[296,588s][info][gc] GC(572) Concurrent Mark Cycle 54,098ms
[296,621s][info][gc] GC(573) Pause Young (Concurrent Start) (G1 Humongous Allocation) 4121M->4112M(5120M) 2,814ms
[296,621s][info][gc] GC(574) Concurrent Mark Cycle
[296,632s][info][gc] GC(574) Pause Remark 4119M->4119M(5120M) 3,994ms
[296,655s][info][gc] GC(574) Pause Cleanup 4120M->4120M(5120M) 0,201ms
[296,695s][info][gc] GC(574) Concurrent Mark Cycle 73,965ms
[296,787s][info][gc] GC(575) Pause Young (Concurrent Start) (G1 Humongous Allocation) 4125M->4109M(5120M) 2,906ms
[296,787s][info][gc] GC(576) Concurrent Mark Cycle
[296,797s][info][gc] GC(576) Pause Remark 4117M->4117M(5120M) 2,400ms
[296,818s][info][gc] GC(576) Pause Cleanup 4117M->4117M(5120M) 0,238ms
[296,828s][info][gc] GC(576) Concurrent Mark Cycle 41,001ms
[296,841s][info][gc] GC(577) Pause Young (Concurrent Start) (G1 Humongous Allocation) 4117M->4112M(5120M) 2,350ms
[296,841s][info][gc] GC(578) Concurrent Mark Cycle
[296,876s][info][gc] GC(578) Pause Remark 4120M->4120M(5120M) 2,389ms
[296,899s][info][gc] GC(578) Pause Cleanup 4122M->4122M(5120M) 0,212ms
[296,932s][info][gc] GC(578) Concurrent Mark Cycle 90,216ms
[296,960s][info][gc] GC(579) Pause Young (Concurrent Start) (G1 Humongous Allocation) 4124M->4109M(5120M) 2,143ms
[296,960s][info][gc] GC(580) Concurrent Mark Cycle
[297,014s][info][gc] GC(580) Pause Remark 4121M->4121M(5120M) 3,032ms
[297,067s][info][gc] GC(580) Pause Cleanup 4125M->4125M(5120M) 0,232ms
[297,113s][info][gc] GC(580) Concurrent Mark Cycle 152,753ms
[297,138s][info][gc] GC(581) Pause Young (Concurrent Start) (G1 Humongous Allocation) 4128M->4113M(5120M) 1,400ms
[297,138s][info][gc] GC(582) Concurrent Mark Cycle
[297,160s][info][gc] GC(582) Pause Remark 4122M->4122M(5120M) 2,605ms
[297,188s][info][gc] GC(582) Pause Cleanup 4123M->4123M(5120M) 0,234ms
[297,247s][info][gc] GC(582) Concurrent Mark Cycle 108,770ms
[297,329s][info][gc] GC(583) Pause Young (Concurrent Start) (G1 Humongous Allocation) 4130M->4108M(5120M) 1,731ms
[297,329s][info][gc] GC(584) Concurrent Mark Cycle
[297,348s][info][gc] GC(584) Pause Remark 4113M->4113M(5120M) 0,961ms
[297,364s][info][gc] GC(584) Pause Cleanup 4113M->4113M(5120M) 1,061ms
[297,397s][info][gc] GC(584) Concurrent Mark Cycle 67,643ms
[297,420s][info][gc] GC(585) Pause Young (Concurrent Start) (G1 Humongous Allocation) 4116M->4108M(5120M) 1,582ms
[297,420s][info][gc] GC(586) Concurrent Mark Cycle
[297,458s][info][gc] GC(586) Pause Remark 4113M->4113M(5120M) 5,979ms
[297,488s][info][gc] GC(586) Pause Cleanup 4118M->4118M(5120M) 0,213ms
[297,532s][info][gc] GC(586) Concurrent Mark Cycle 112,195ms
[297,577s][info][gc] GC(587) Pause Young (Concurrent Start) (G1 Humongous Allocation) 4122M->4109M(5120M) 1,385ms
[297,577s][info][gc] GC(588) Concurrent Mark Cycle
[297,597s][info][gc] GC(588) Pause Remark 4116M->4116M(5120M) 1,404ms
[297,610s][info][gc] GC(588) Pause Cleanup 4117M->4117M(5120M) 0,196ms
[297,630s][info][gc] GC(588) Concurrent Mark Cycle 52,522ms
[297,657s][info][gc] GC(589) Pause Young (Concurrent Start) (G1 Humongous Allocation) 4119M->4113M(5120M) 0,906ms
[297,657s][info][gc] GC(590) Concurrent Mark Cycle
[297,667s][info][gc] GC(590) Pause Remark 4122M->4122M(5120M) 2,075ms
[297,686s][info][gc] GC(590) Pause Cleanup 4126M->4126M(5120M) 0,207ms
[297,712s][info][gc] GC(590) Concurrent Mark Cycle 54,895ms
[297,780s][info][gc] GC(591) Pause Young (Concurrent Start) (G1 Humongous Allocation) 4138M->4117M(5120M) 0,811ms
[297,780s][info][gc] GC(592) Concurrent Mark Cycle
[297,788s][info][gc] GC(592) Pause Remark 4122M->4122M(5120M) 1,543ms
[297,797s][info][gc] GC(592) Pause Cleanup 4122M->4122M(5120M) 0,207ms
[297,823s][info][gc] GC(592) Concurrent Mark Cycle 42,675ms
[298,060s][info][gc] GC(593) Pause Young (Concurrent Start) (G1 Humongous Allocation) 4134M->4111M(5120M) 1,100ms
[298,060s][info][gc] GC(594) Concurrent Mark Cycle
[298,074s][info][gc] GC(594) Pause Remark 4116M->4116M(5120M) 4,631ms
[298,078s][info][gc] GC(594) Pause Cleanup 4116M->4116M(5120M) 0,191ms
[298,089s][info][gc] GC(594) Concurrent Mark Cycle 29,210ms
[298,095s][info][gc] GC(595) Pause Young (Concurrent Start) (G1 Humongous Allocation) 4118M->4112M(5120M) 1,544ms
[298,095s][info][gc] GC(596) Concurrent Mark Cycle
[298,119s][info][gc] GC(596) Pause Remark 4130M->4130M(5120M) 0,919ms
[298,129s][info][gc] GC(596) Pause Cleanup 4130M->4130M(5120M) 0,220ms
[298,143s][info][gc] GC(596) Concurrent Mark Cycle 48,467ms
[298,275s][info][gc] GC(597) Pause Young (Concurrent Start) (G1 Humongous Allocation) 4136M->4108M(5120M) 0,662ms
[298,275s][info][gc] GC(598) Concurrent Mark Cycle
[298,284s][info][gc] GC(598) Pause Remark 4109M->4109M(5120M) 1,725ms
[298,291s][info][gc] GC(598) Pause Cleanup 4117M->4117M(5120M) 0,172ms
[298,314s][info][gc] GC(598) Concurrent Mark Cycle 38,655ms
[298,326s][info][gc] GC(599) Pause Young (Concurrent Start) (G1 Humongous Allocation) 4122M->4120M(5120M) 3,194ms
[298,326s][info][gc] GC(600) Concurrent Mark Cycle
[298,351s][info][gc] GC(600) Pause Remark 4126M->4126M(5120M) 4,243ms
[298,371s][info][gc] GC(600) Pause Cleanup 4126M->4126M(5120M) 0,212ms
[298,402s][info][gc] GC(600) Concurrent Mark Cycle 75,732ms
[298,472s][info][gc] GC(601) Pause Young (Concurrent Start) (G1 Humongous Allocation) 4134M->4108M(5120M) 7,464ms
[298,473s][info][gc] GC(602) Concurrent Mark Cycle
[298,481s][info][gc] GC(602) Pause Remark 4112M->4112M(5120M) 2,335ms
[298,491s][info][gc] GC(602) Pause Cleanup 4113M->4113M(5120M) 0,488ms
[298,526s][info][gc] GC(602) Concurrent Mark Cycle 53,642ms
[298,611s][info][gc] GC(603) Pause Young (Concurrent Start) (G1 Humongous Allocation) 4118M->4110M(5120M) 1,792ms
[298,611s][info][gc] GC(604) Concurrent Mark Cycle
[298,623s][info][gc] GC(604) Pause Remark 4115M->4115M(5120M) 4,058ms
[298,639s][info][gc] GC(604) Pause Cleanup 4116M->4116M(5120M) 0,199ms
[298,664s][info][gc] GC(604) Concurrent Mark Cycle 53,185ms
[298,827s][info][gc] GC(605) Pause Young (Concurrent Start) (G1 Humongous Allocation) 4125M->4109M(5120M) 1,728ms
[298,827s][info][gc] GC(606) Concurrent Mark Cycle
[298,843s][info][gc] GC(606) Pause Remark 4113M->4113M(5120M) 2,029ms
[298,849s][info][gc] GC(606) Pause Cleanup 4114M->4114M(5120M) 0,286ms
[298,870s][info][gc] GC(606) Concurrent Mark Cycle 42,857ms
[298,894s][info][gc] GC(607) Pause Young (Concurrent Start) (G1 Humongous Allocation) 4115M->4112M(5120M) 8,431ms
[298,894s][info][gc] GC(608) Concurrent Mark Cycle
[298,909s][info][gc] GC(608) Pause Remark 4123M->4123M(5120M) 1,998ms
[298,927s][info][gc] GC(608) Pause Cleanup 4124M->4124M(5120M) 0,189ms
[298,944s][info][gc] GC(608) Concurrent Mark Cycle 50,103ms
[299,006s][info][gc] GC(609) Pause Young (Concurrent Start) (G1 Humongous Allocation) 4130M->4117M(5120M) 5,854ms
[299,006s][info][gc] GC(610) Concurrent Mark Cycle
[299,014s][info][gc] GC(610) Pause Remark 4127M->4127M(5120M) 1,856ms
[299,027s][info][gc] GC(610) Pause Cleanup 4127M->4127M(5120M) 0,184ms
[299,040s][info][gc] GC(610) Concurrent Mark Cycle 34,699ms
[299,148s][info][gc] GC(611) Pause Young (Concurrent Start) (G1 Humongous Allocation) 4131M->4108M(5120M) 1,201ms
[299,148s][info][gc] GC(612) Concurrent Mark Cycle
[299,172s][info][gc] GC(612) Pause Remark 4114M->4114M(5120M) 3,718ms
[299,194s][info][gc] GC(612) Pause Cleanup 4114M->4114M(5120M) 0,196ms
[299,209s][info][gc] GC(612) Concurrent Mark Cycle 61,318ms
[299,248s][info][gc] GC(613) Pause Young (Concurrent Start) (G1 Humongous Allocation) 4116M->4110M(5120M) 0,971ms
[299,248s][info][gc] GC(614) Concurrent Mark Cycle
[299,256s][info][gc] GC(614) Pause Remark 4114M->4114M(5120M) 1,558ms
[299,273s][info][gc] GC(614) Pause Cleanup 4115M->4115M(5120M) 0,227ms
[299,291s][info][gc] GC(614) Concurrent Mark Cycle 42,821ms
[299,298s][info][gc] GC(615) Pause Young (Concurrent Start) (G1 Humongous Allocation) 4123M->4120M(5120M) 3,238ms
[299,298s][info][gc] GC(616) Concurrent Mark Cycle
[299,321s][info][gc] GC(616) Pause Remark 4125M->4125M(5120M) 9,529ms
[299,337s][info][gc] GC(616) Pause Cleanup 4126M->4126M(5120M) 0,199ms
[299,374s][info][gc] GC(616) Concurrent Mark Cycle 75,784ms
[299,415s][info][gc] GC(617) Pause Young (Concurrent Start) (G1 Humongous Allocation) 4127M->4112M(5120M) 0,733ms
[299,415s][info][gc] GC(618) Concurrent Mark Cycle
[299,426s][info][gc] GC(618) Pause Remark 4116M->4116M(5120M) 3,488ms
[299,449s][info][gc] GC(618) Pause Cleanup 4117M->4117M(5120M) 0,367ms
[299,467s][info][gc] GC(618) Concurrent Mark Cycle 51,828ms
[299,507s][info][gc] GC(619) Pause Young (Concurrent Start) (G1 Humongous Allocation) 4121M->4110M(5120M) 1,905ms
[299,507s][info][gc] GC(620) Concurrent Mark Cycle
[299,525s][info][gc] GC(620) Pause Remark 4116M->4116M(5120M) 2,046ms
[299,540s][info][gc] GC(620) Pause Cleanup 4116M->4116M(5120M) 0,235ms
[299,553s][info][gc] GC(620) Concurrent Mark Cycle 46,165ms
[299,588s][info][gc] GC(621) Pause Young (Concurrent Start) (G1 Humongous Allocation) 4116M->4108M(5120M) 3,324ms
[299,588s][info][gc] GC(622) Concurrent Mark Cycle
[299,607s][info][gc] GC(622) Pause Remark 4117M->4117M(5120M) 2,248ms
[299,625s][info][gc] GC(622) Pause Cleanup 4117M->4117M(5120M) 0,193ms
[299,646s][info][gc] GC(622) Concurrent Mark Cycle 57,346ms
[299,686s][info][gc] GC(623) Pause Young (Concurrent Start) (G1 Humongous Allocation) 4120M->4116M(5120M) 1,599ms
[299,686s][info][gc] GC(624) Concurrent Mark Cycle
[299,707s][info][gc] GC(624) Pause Remark 4121M->4121M(5120M) 2,928ms
[299,723s][info][gc] GC(624) Pause Cleanup 4125M->4125M(5120M) 0,250ms
[299,738s][info][gc] GC(624) Concurrent Mark Cycle 52,290ms
[299,870s][info][gc] GC(625) Pause Young (Concurrent Start) (G1 Humongous Allocation) 4130M->4108M(5120M) 1,462ms
[299,870s][info][gc] GC(626) Concurrent Mark Cycle
[299,889s][info][gc] GC(626) Pause Remark 4117M->4117M(5120M) 3,285ms
[299,928s][info][gc] GC(626) Pause Cleanup 4117M->4117M(5120M) 0,472ms
[299,950s][info][gc] GC(626) Concurrent Mark Cycle 80,448ms
[299,976s][info][gc] GC(627) Pause Young (Concurrent Start) (G1 Humongous Allocation) 4117M->4108M(5120M) 1,147ms
[299,976s][info][gc] GC(628) Concurrent Mark Cycle
[299,995s][info][gc] GC(628) Pause Remark 4116M->4116M(5120M) 2,584ms
[300,010s][info][gc] GC(628) Pause Cleanup 4118M->4118M(5120M) 0,364ms
[300,030s][info][gc] GC(628) Concurrent Mark Cycle 53,964ms
[300,155s][info][gc] GC(629) Pause Young (Concurrent Start) (G1 Humongous Allocation) 4125M->4109M(5120M) 7,248ms
[300,155s][info][gc] GC(630) Concurrent Mark Cycle
[300,189s][info][gc] GC(630) Pause Remark 4118M->4118M(5120M) 2,421ms
[300,202s][info][gc] GC(630) Pause Cleanup 4120M->4120M(5120M) 0,234ms
[300,214s][info][gc] GC(630) Concurrent Mark Cycle 58,825ms
[300,244s][info][gc] GC(631) Pause Young (Concurrent Start) (G1 Humongous Allocation) 4122M->4116M(5120M) 2,431ms
[300,252s][info][gc] GC(632) Concurrent Mark Cycle
[300,266s][info][gc] GC(632) Pause Remark 4125M->4125M(5120M) 6,021ms
[300,280s][info][gc] GC(632) Pause Cleanup 4126M->4126M(5120M) 0,251ms
[300,309s][info][gc] GC(632) Concurrent Mark Cycle 57,033ms
[300,348s][info][gc] GC(633) Pause Young (Concurrent Start) (G1 Humongous Allocation) 4134M->4132M(5120M) 1,122ms
[300,348s][info][gc] GC(634) Concurrent Mark Cycle
[300,362s][info][gc] GC(634) Pause Remark 4141M->4141M(5120M) 3,921ms
[300,383s][info][gc] GC(634) Pause Cleanup 4142M->4142M(5120M) 0,439ms
[300,412s][info][gc] GC(634) Concurrent Mark Cycle 64,064ms
Test[ALMOST_CONTIGUOUS | P_DPQS_2105| M=536870912] elapsed: 854.360497 ms, reference: 12901.313472 ms
Preparing Test[SORTED | P_DPQS_2105| M=536870912] --------------------------------------
[301,453s][info][gc] GC(635) Pause Young (Concurrent Start) (G1 Humongous Allocation) 4148M->2056M(5120M) 2,663ms
[301,453s][info][gc] GC(636) Concurrent Undo Cycle
[301,476s][info][gc] GC(636) Concurrent Undo Cycle 23,827ms
[345,221s][info][gc] GC(637) Pause Young (Concurrent Start) (G1 Humongous Allocation) 4108M->4108M(5120M) 5,680ms
[345,221s][info][gc] GC(638) Concurrent Mark Cycle
[345,223s][info][gc] GC(639) Pause Young (Normal) (G1 Humongous Allocation) 4108M->4108M(5120M) 1,582ms
[345,257s][info][gc] GC(640) Pause Full (G1 Humongous Allocation) 4108M->2056M(5120M) 34,510ms
[345,287s][info][gc] GC(641) Pause Full (G1 Humongous Allocation) 2056M->2056M(5120M) 29,714ms
[345,295s][info][gc] GC(638) Concurrent Mark Cycle 73,876ms
data[0 : 100]: [125, 966, 4598, 4628, 6868, 7985, 9734, 9994, 11397, 11447, 12372, 12645, 13292, 13881, 14226, 14883, 15599, 15867, 17453, 17623, 17780, 18195, 18269, 19380, 19525, 20077, 20961, 22334, 22786, 22858, 22917, 24446, 27465, 31333, 31530, 32418, 33781, 35228, 36072, 37239, 37895, 40479, 43961, 46574, 46801, 46879, 48288, 49179, 49943, 51941, 52058, 52196, 54256, 58455, 58696, 59197, 60868, 61080, 61126, 61415, 61491, 62582, 64000, 64124, 65920, 67210, 68562, 69162, 70775, 71255, 71326, 71482, 72497, 72555, 72624, 72760, 74588, 74851, 75020, 75900, 76430, 77717, 79138, 80447, 81527, 82256, 82511, 83069, 85310, 85999, 88024, 88186, 88749, 89507, 93307, 95909, 96843, 96914, 97065, 98639]
data[-100 : 0]: [27829401, 27832428, 27833373, 27833583, 27836409, 27839225, 27839317, 27839807, 27840705, 27841509, 27843940, 27845658, 27846061, 27847134, 27847344, 27848149, 27849443, 27849514, 27850955, 27853796, 27854958, 27855746, 27856676, 27858261, 27858832, 27859818, 27860219, 27860836, 27862498, 27865537, 27866368, 27871025, 27871183, 27873453, 27873632, 27874790, 27875970, 27877784, 27878505, 27878677, 27878754, 27881193, 27882248, 27882327, 27883884, 27888359, 27889089, 27891893, 27892601, 27892714, 27893906, 27894805, 27895035, 27895739, 27897595, 27898033, 27898348, 27898826, 27900287, 27900510, 27900593, 27900930, 27901872, 27902171, 27902608, 27903936, 27904868, 27904891, 27905778, 27906023, 27906695, 27914490, 27915162, 27915904, 27916426, 27917222, 27920576, 27920710, 27921332, 27922395, 27922405, 27923424, 27923618, 27924333, 27924341, 27924393, 27925219, 27926615, 27927275, 27929231, 27930169, 27933330, 27933528, 27934957, 27935399, 27937687, 27937841, 27937856, 27939478, 27945751]
Test[SORTED | P_DPQS_2105| M=536870912] ---------------------------------------------------------------------
[348,782s][info][gc] GC(642) Pause Young (Concurrent Start) (G1 Humongous Allocation) 4110M->4108M(5120M) 2,321ms
[348,782s][info][gc] GC(643) Concurrent Mark Cycle
[348,815s][info][gc] GC(643) Pause Remark 4108M->4108M(5120M) 2,602ms
[348,824s][info][gc] GC(643) Pause Cleanup 4108M->4108M(5120M) 0,333ms
[348,829s][info][gc] GC(644) Pause Young (Normal) (G1 Humongous Allocation) 4108M->4108M(5120M) 2,885ms
[348,860s][info][gc] GC(645) Pause Full (G1 Humongous Allocation) 4108M->4108M(5120M) 31,173ms
[348,895s][info][gc] GC(646) Pause Full (G1 Humongous Allocation) 4108M->4108M(5120M) 34,911ms
tryMergeRuns: Java heap space
[348,895s][info][gc] GC(643) Concurrent Mark Cycle 113,039ms
[350,861s][info][gc] GC(647) Pause Young (Concurrent Start) (G1 Humongous Allocation) 4111M->4108M(5120M) 1,731ms
[350,861s][info][gc] GC(648) Concurrent Mark Cycle
[350,871s][info][gc] GC(648) Pause Remark 4116M->4116M(5120M) 1,929ms
[350,886s][info][gc] GC(648) Pause Cleanup 4117M->4117M(5120M) 0,745ms
[350,909s][info][gc] GC(648) Concurrent Mark Cycle 47,712ms
[351,759s][info][gc] GC(649) Pause Young (Concurrent Start) (G1 Humongous Allocation) 4121M->4116M(5120M) 6,079ms
[351,759s][info][gc] GC(650) Concurrent Mark Cycle
[351,785s][info][gc] GC(650) Pause Remark 4126M->4126M(5120M) 1,100ms
[351,790s][info][gc] GC(650) Pause Cleanup 4126M->4126M(5120M) 0,237ms
[351,802s][info][gc] GC(650) Concurrent Mark Cycle 43,157ms
[352,284s][info][gc] GC(651) Pause Young (Concurrent Start) (G1 Humongous Allocation) 4126M->4116M(5120M) 2,529ms
[352,284s][info][gc] GC(652) Concurrent Mark Cycle
[352,293s][info][gc] GC(652) Pause Remark 4116M->4116M(5120M) 2,278ms
[352,308s][info][gc] GC(652) Pause Cleanup 4116M->4116M(5120M) 0,184ms
[352,339s][info][gc] GC(652) Concurrent Mark Cycle 54,179ms
[353,547s][info][gc] GC(653) Pause Young (Concurrent Start) (G1 Humongous Allocation) 4222M->4220M(5120M) 4,730ms
[353,547s][info][gc] GC(654) Concurrent Mark Cycle
[353,552s][info][gc] GC(655) Pause Young (Normal) (G1 Humongous Allocation) 4220M->4220M(5120M) 5,081ms
[353,595s][info][gc] GC(656) Pause Full (G1 Humongous Allocation) 4220M->4220M(5120M) 42,905ms
[353,621s][info][gc] GC(657) Pause Full (G1 Humongous Allocation) 4220M->4220M(5120M) 25,430ms
[353,621s][info][gc] GC(654) Concurrent Mark Cycle 74,154ms
tryMergeRuns: Java heap space
[355,561s][info][gc] GC(658) Pause Young (Concurrent Start) (G1 Humongous Allocation) 4223M->4220M(5120M) 1,608ms
[355,561s][info][gc] GC(659) Concurrent Mark Cycle
[355,577s][info][gc] GC(659) Pause Remark 4282M->4282M(5120M) 2,609ms
[355,585s][info][gc] GC(659) Pause Cleanup 4282M->4282M(5120M) 0,428ms
[355,594s][info][gc] GC(659) Concurrent Mark Cycle 32,791ms
[357,015s][info][gc] GC(660) Pause Young (Concurrent Start) (G1 Humongous Allocation) 4283M->4280M(5120M) 1,690ms
[357,015s][info][gc] GC(661) Concurrent Mark Cycle
[357,066s][info][gc] GC(661) Pause Remark 4680M->4576M(5120M) 3,424ms
[357,079s][info][gc] GC(661) Pause Cleanup 4576M->4576M(5120M) 0,224ms
[357,087s][info][gc] GC(661) Concurrent Mark Cycle 72,715ms
[357,713s][info][gc] GC(662) Pause Young (Concurrent Start) (G1 Humongous Allocation) 4579M->4516M(5120M) 1,789ms
[357,713s][info][gc] GC(663) Concurrent Mark Cycle
[357,740s][info][gc] GC(663) Pause Remark 4612M->4612M(5120M) 2,731ms
[357,746s][info][gc] GC(663) Pause Cleanup 4614M->4614M(5120M) 0,239ms
[357,764s][info][gc] GC(663) Concurrent Mark Cycle 50,244ms
[361,121s][info][gc] GC(664) Pause Young (Concurrent Start) (G1 Humongous Allocation) 4615M->4516M(5120M) 1,283ms
[361,122s][info][gc] GC(665) Concurrent Mark Cycle
[361,208s][info][gc] GC(665) Pause Remark 4726M->4726M(5120M) 2,074ms
[361,221s][info][gc] GC(665) Pause Cleanup 4726M->4726M(5120M) 3,340ms
[361,228s][info][gc] GC(665) Concurrent Mark Cycle 106,510ms
[370,330s][info][gc] GC(666) Pause Young (Concurrent Start) (G1 Humongous Allocation) 4731M->4516M(5120M) 1,669ms
[370,330s][info][gc] GC(667) Concurrent Mark Cycle
[370,343s][info][gc] GC(668) Pause Young (Normal) (G1 Humongous Allocation) 4516M->4516M(5120M) 1,495ms
[370,362s][info][gc] GC(669) Pause Full (G1 Humongous Allocation) 4516M->4516M(5120M) 19,512ms
[370,387s][info][gc] GC(670) Pause Full (G1 Humongous Allocation) 4516M->4516M(5120M) 24,216ms
[370,387s][info][gc] GC(667) Concurrent Mark Cycle 57,342ms
tryMergeRuns: Java heap space
[372,377s][info][gc] GC(671) Pause Young (Concurrent Start) (G1 Humongous Allocation) 4518M->4516M(5120M) 1,851ms
[372,377s][info][gc] GC(672) Concurrent Mark Cycle
[372,397s][info][gc] GC(672) Pause Remark 4548M->4148M(5120M) 4,696ms
[372,408s][info][gc] GC(672) Pause Cleanup 4148M->4148M(5120M) 0,438ms
[372,433s][info][gc] GC(672) Concurrent Mark Cycle 55,481ms
[373,271s][info][gc] GC(673) Pause Young (Concurrent Start) (G1 Humongous Allocation) 4148M->4116M(5120M) 6,165ms
[373,271s][info][gc] GC(674) Concurrent Mark Cycle
[373,356s][info][gc] GC(674) Pause Remark 4660M->4660M(5120M) 1,979ms
[373,363s][info][gc] GC(674) Pause Cleanup 4660M->4660M(5120M) 0,207ms
[373,384s][info][gc] GC(674) Concurrent Mark Cycle 112,803ms
[387,206s][info][gc] GC(675) Pause Young (Concurrent Start) (G1 Humongous Allocation) 4668M->4116M(5120M) 1,490ms
[387,206s][info][gc] GC(676) Concurrent Mark Cycle
[387,287s][info][gc] GC(676) Pause Remark 4720M->4720M(5120M) 3,236ms
[387,297s][info][gc] GC(676) Pause Cleanup 4720M->4720M(5120M) 0,184ms
[387,307s][info][gc] GC(676) Concurrent Mark Cycle 100,980ms
Test[SORTED | P_SYSTEM| M=536870912] ------------------------------------------------------------------------
[401,017s][info][gc] GC(677) Pause Young (Concurrent Start) (G1 Humongous Allocation) 4732M->4116M(5120M) 2,071ms
[401,017s][info][gc] GC(678) Concurrent Mark Cycle
[401,021s][info][gc] GC(679) Pause Young (Normal) (G1 Humongous Allocation) 4116M->4116M(5120M) 1,173ms
[401,061s][info][gc] GC(680) Pause Full (G1 Humongous Allocation) 4116M->4108M(5120M) 39,767ms
[401,091s][info][gc] GC(681) Pause Full (G1 Humongous Allocation) 4108M->4108M(5120M) 29,922ms
[401,091s][info][gc] GC(678) Concurrent Mark Cycle 74,163ms
Test[SORTED | P_DPQS_2105| M=536870912] elapsed: 53194.828985 ms, reference: OOME
