[0.003s][info][gc] Using G1
ForkJoinPool.getCommonPoolParallelism(): 4
Preparing Test[UNIFORM | DPQS_2105| M=536870912] --------------------------------------
[2,556s][info][gc] GC(0) Pause Young (Concurrent Start) (G1 Humongous Allocation) 2059M->2056M(5120M) 4,041ms
[2,556s][info][gc] GC(1) Concurrent Undo Cycle
[2,603s][info][gc] GC(1) Concurrent Undo Cycle 47,117ms
data[0 : 100]: [821115357, 1660418793, 448078427, 1173353938, 172035578, 1503663573, 1140148415, 1479481729, 476149789, 834687859, 2047750023, 42182871, 824765253, 1540537685, 1519069752, 1763383946, 1673396284, 875013724, 1967895957, 782595981, 1599912200, 1675461783, 1835980039, 807454020, 800605705, 528711478, 1533887279, 1585986398, 1002055064, 2004339174, 1310597831, 523460224, 839094923, 1267552214, 1868476160, 1897048040, 1601258488, 546454063, 863000938, 1249246374, 938437503, 2078672561, 1528951094, 1327740661, 1108684519, 490676100, 488097079, 774543326, 1060127796, 375805141, 1693586690, 170643219, 1519054317, 1740713151, 1592548991, 1467834087, 586691714, 1588911439, 479983900, 465965348, 1454771131, 1881436516, 1679256016, 533368781, 2097654815, 1364030999, 686714004, 387620780, 1459759908, 1329238684, 1876773998, 1774079225, 1871366133, 108025020, 1602657311, 206128388, 1669795533, 1873022469, 1135617697, 1939643269, 977125648, 56334738, 1259671084, 896895893, 2031043497, 209419993, 410510454, 483064080, 374432650, 976802343, 2095481671, 981352200, 675687465, 976194159, 1303262383, 17078318, 1560544032, 1736425928, 1397252166, 142564779]
data[-100 : 0]: [391932006, 887640700, 1504591305, 1612660032, 887248121, 1930445822, 113291176, 635300252, 376933180, 888962974, 783376505, 1260696697, 922880303, 1522888238, 1826302699, 1794519487, 938128177, 1268976577, 1539576810, 1132567587, 393810016, 2103286555, 1671667238, 2035768973, 497522317, 165196608, 313287543, 1039721008, 32829644, 451822140, 583508633, 67251006, 1981426068, 585340016, 337625355, 817902346, 84170936, 112264119, 2142530482, 1767563418, 1315309969, 904692512, 2114714009, 612242208, 28976018, 724071133, 2143666873, 502596423, 121062952, 749830515, 1603003302, 835470874, 1863575790, 1358809788, 1927960493, 1770570231, 1129916752, 184526276, 1131403931, 37808826, 2103412934, 1296947518, 327893823, 768920236, 896461648, 13656038, 1815063486, 834057785, 743029198, 1979778603, 1137086469, 1115864520, 226117018, 928671017, 598144980, 360837037, 2124037048, 1090942609, 236003617, 1030578812, 1291247773, 1515888292, 1528734763, 608118972, 1269942816, 1074862888, 2101079607, 1787600584, 4698401, 1723137928, 693566194, 21725914, 948528024, 787322842, 386645031, 1536916106, 306079137, 2070305119, 1643919269, 1620968075]
Test[UNIFORM | DPQS_2105| M=536870912] ---------------------------------------------------------------------
[4,346s][info][gc] GC(2) Pause Young (Concurrent Start) (G1 Humongous Allocation) 4110M->4108M(5120M) 3,326ms
[4,346s][info][gc] GC(3) Concurrent Mark Cycle
[4,348s][info][gc] GC(4) Pause Young (Normal) (G1 Humongous Allocation) 4108M->4108M(5120M) 1,749ms
[4,375s][info][gc] GC(5) Pause Full (G1 Humongous Allocation) 4108M->4108M(5120M) 27,464ms
[4,386s][info][gc] GC(6) Pause Full (G1 Humongous Allocation) 4108M->4108M(5120M) 11,054ms
[4,387s][info][gc] GC(3) Concurrent Mark Cycle 41,007ms
Test[UNIFORM | SYSTEM| M=536870912] ------------------------------------------------------------------------
Test[UNIFORM | DPQS_2105| M=536870912] elapsed: OOME ms, reference: 94246.25169599999 ms
Preparing Test[CONTIGUOUS | DPQS_2105| M=536870912] --------------------------------------
[98,657s][info][gc] GC(7) Pause Young (Concurrent Start) (G1 Humongous Allocation) 4110M->4108M(5120M) 2,337ms
[98,657s][info][gc] GC(8) Concurrent Mark Cycle
[98,659s][info][gc] GC(9) Pause Young (Normal) (G1 Humongous Allocation) 4108M->4108M(5120M) 1,446ms
[98,672s][info][gc] GC(10) Pause Full (G1 Humongous Allocation) 4108M->4M(5120M) 13,497ms
[98,673s][info][gc] GC(8) Concurrent Mark Cycle 15,699ms
[99,141s][info][gc] GC(11) Pause Young (Concurrent Start) (G1 Humongous Allocation) 2056M->2056M(5120M) 0,821ms
[99,141s][info][gc] GC(12) Concurrent Undo Cycle
[99,142s][info][gc] GC(13) Pause Young (Normal) (G1 Humongous Allocation) 2056M->2056M(5120M) 0,641ms
[99,154s][info][gc] GC(14) Pause Full (G1 Humongous Allocation) 2056M->2056M(5120M) 11,875ms
[99,173s][info][gc] GC(15) Pause Full (G1 Humongous Allocation) 2056M->2056M(5120M) 18,422ms
[99,182s][info][gc] GC(12) Concurrent Undo Cycle 40,370ms
data[0 : 100]: [0, 1, 2, 3, 4, 5, 6, 7, 8, 9, 10, 11, 12, 13, 14, 15, 16, 17, 18, 19, 20, 21, 22, 23, 24, 25, 26, 27, 28, 29, 30, 31, 32, 33, 34, 35, 36, 37, 38, 39, 40, 41, 42, 43, 44, 45, 46, 47, 48, 49, 50, 51, 52, 53, 54, 55, 56, 57, 58, 59, 60, 61, 62, 63, 64, 65, 66, 67, 68, 69, 70, 71, 72, 73, 74, 75, 76, 77, 78, 79, 80, 81, 82, 83, 84, 85, 86, 87, 88, 89, 90, 91, 92, 93, 94, 95, 96, 97, 98, 99]
data[-100 : 0]: [536870812, 536870813, 536870814, 536870815, 536870816, 536870817, 536870818, 536870819, 536870820, 536870821, 536870822, 536870823, 536870824, 536870825, 536870826, 536870827, 536870828, 536870829, 536870830, 536870831, 536870832, 536870833, 536870834, 536870835, 536870836, 536870837, 536870838, 536870839, 536870840, 536870841, 536870842, 536870843, 536870844, 536870845, 536870846, 536870847, 536870848, 536870849, 536870850, 536870851, 536870852, 536870853, 536870854, 536870855, 536870856, 536870857, 536870858, 536870859, 536870860, 536870861, 536870862, 536870863, 536870864, 536870865, 536870866, 536870867, 536870868, 536870869, 536870870, 536870871, 536870872, 536870873, 536870874, 536870875, 536870876, 536870877, 536870878, 536870879, 536870880, 536870881, 536870882, 536870883, 536870884, 536870885, 536870886, 536870887, 536870888, 536870889, 536870890, 536870891, 536870892, 536870893, 536870894, 536870895, 536870896, 536870897, 536870898, 536870899, 536870900, 536870901, 536870902, 536870903, 536870904, 536870905, 536870906, 536870907, 536870908, 536870909, 536870910, 536870911]
Test[CONTIGUOUS | DPQS_2105| M=536870912] ---------------------------------------------------------------------
Test[CONTIGUOUS | SYSTEM| M=536870912] ------------------------------------------------------------------------
Test[CONTIGUOUS | DPQS_2105| M=536870912] elapsed: 1124.728697 ms ms, reference: 1356.8345239999999 ms
Preparing Test[CONTIGUOUS_REVERSE | DPQS_2105| M=536870912] --------------------------------------
[102,775s][info][gc] GC(16) Pause Young (Concurrent Start) (G1 Humongous Allocation) 4110M->2056M(5120M) 2,115ms
[102,775s][info][gc] GC(17) Concurrent Undo Cycle
[102,785s][info][gc] GC(17) Concurrent Undo Cycle 9,645ms
[103,238s][info][gc] GC(18) Pause Young (Concurrent Start) (G1 Humongous Allocation) 4108M->4108M(5120M) 1,755ms
[103,238s][info][gc] GC(19) Concurrent Mark Cycle
[103,240s][info][gc] GC(20) Pause Young (Normal) (G1 Humongous Allocation) 4108M->4108M(5120M) 1,342ms
[103,255s][info][gc] GC(21) Pause Full (G1 Humongous Allocation) 4108M->2056M(5120M) 14,833ms
[103,255s][info][gc] GC(19) Concurrent Mark Cycle 16,930ms
data[0 : 100]: [536870912, 536870911, 536870910, 536870909, 536870908, 536870907, 536870906, 536870905, 536870904, 536870903, 536870902, 536870901, 536870900, 536870899, 536870898, 536870897, 536870896, 536870895, 536870894, 536870893, 536870892, 536870891, 536870890, 536870889, 536870888, 536870887, 536870886, 536870885, 536870884, 536870883, 536870882, 536870881, 536870880, 536870879, 536870878, 536870877, 536870876, 536870875, 536870874, 536870873, 536870872, 536870871, 536870870, 536870869, 536870868, 536870867, 536870866, 536870865, 536870864, 536870863, 536870862, 536870861, 536870860, 536870859, 536870858, 536870857, 536870856, 536870855, 536870854, 536870853, 536870852, 536870851, 536870850, 536870849, 536870848, 536870847, 536870846, 536870845, 536870844, 536870843, 536870842, 536870841, 536870840, 536870839, 536870838, 536870837, 536870836, 536870835, 536870834, 536870833, 536870832, 536870831, 536870830, 536870829, 536870828, 536870827, 536870826, 536870825, 536870824, 536870823, 536870822, 536870821, 536870820, 536870819, 536870818, 536870817, 536870816, 536870815, 536870814, 536870813]
data[-100 : 0]: [100, 99, 98, 97, 96, 95, 94, 93, 92, 91, 90, 89, 88, 87, 86, 85, 84, 83, 82, 81, 80, 79, 78, 77, 76, 75, 74, 73, 72, 71, 70, 69, 68, 67, 66, 65, 64, 63, 62, 61, 60, 59, 58, 57, 56, 55, 54, 53, 52, 51, 50, 49, 48, 47, 46, 45, 44, 43, 42, 41, 40, 39, 38, 37, 36, 35, 34, 33, 32, 31, 30, 29, 28, 27, 26, 25, 24, 23, 22, 21, 20, 19, 18, 17, 16, 15, 14, 13, 12, 11, 10, 9, 8, 7, 6, 5, 4, 3, 2, 1]
Test[CONTIGUOUS_REVERSE | DPQS_2105| M=536870912] ---------------------------------------------------------------------
Test[CONTIGUOUS_REVERSE | SYSTEM| M=536870912] ------------------------------------------------------------------------
Test[CONTIGUOUS_REVERSE | DPQS_2105| M=536870912] elapsed: 925.551024 ms ms, reference: 1596.691701 ms
Preparing Test[ALMOST_CONTIGUOUS | DPQS_2105| M=536870912] --------------------------------------
[106,898s][info][gc] GC(22) Pause Young (Concurrent Start) (G1 Humongous Allocation) 4110M->2056M(5120M) 1,191ms
[106,898s][info][gc] GC(23) Concurrent Undo Cycle
[106,904s][info][gc] GC(23) Concurrent Undo Cycle 6,034ms
[107,391s][info][gc] GC(24) Pause Young (Concurrent Start) (G1 Humongous Allocation) 4108M->4108M(5120M) 0,653ms
[107,391s][info][gc] GC(25) Concurrent Mark Cycle
[107,392s][info][gc] GC(26) Pause Young (Normal) (G1 Humongous Allocation) 4108M->4108M(5120M) 1,155ms
[107,412s][info][gc] GC(27) Pause Full (G1 Humongous Allocation) 4108M->2056M(5120M) 19,472ms
[107,412s][info][gc] GC(25) Concurrent Mark Cycle 21,416ms
data[0 : 100]: [255, 254, 253, 252, 251, 250, 249, 248, 247, 246, 245, 244, 243, 242, 241, 240, 239, 238, 237, 236, 235, 234, 233, 232, 231, 230, 229, 228, 227, 226, 225, 224, 223, 222, 221, 220, 219, 218, 217, 216, 215, 214, 213, 212, 211, 210, 209, 208, 207, 206, 205, 204, 203, 202, 201, 200, 199, 198, 197, 196, 195, 194, 193, 192, 191, 190, 189, 188, 187, 186, 185, 184, 183, 182, 181, 180, 179, 178, 177, 176, 175, 174, 173, 172, 171, 170, 169, 168, 167, 166, 165, 164, 163, 162, 161, 160, 159, 158, 157, 156]
data[-100 : 0]: [536870755, 536870754, 536870753, 536870752, 536870751, 536870750, 536870749, 536870748, 536870747, 536870746, 536870745, 536870744, 536870743, 536870742, 536870741, 536870740, 536870739, 536870738, 536870737, 536870736, 536870735, 536870734, 536870733, 536870732, 536870731, 536870730, 536870729, 536870728, 536870727, 536870726, 536870725, 536870724, 536870723, 536870722, 536870721, 536870720, 536870719, 536870718, 536870717, 536870716, 536870715, 536870714, 536870713, 536870712, 536870711, 536870710, 536870709, 536870708, 536870707, 536870706, 536870705, 536870704, 536870703, 536870702, 536870701, 536870700, 536870699, 536870698, 536870697, 536870696, 536870695, 536870694, 536870693, 536870692, 536870691, 536870690, 536870689, 536870688, 536870687, 536870686, 536870685, 536870684, 536870683, 536870682, 536870681, 536870680, 536870679, 536870678, 536870677, 536870676, 536870675, 536870674, 536870673, 536870672, 536870671, 536870670, 536870669, 536870668, 536870667, 536870666, 536870665, 536870664, 536870663, 536870662, 536870661, 536870660, 536870659, 536870658, 536870657, 536870656]
Test[ALMOST_CONTIGUOUS | DPQS_2105| M=536870912] ---------------------------------------------------------------------
Test[ALMOST_CONTIGUOUS | SYSTEM| M=536870912] ------------------------------------------------------------------------
[109,950s][info][gc] GC(28) Pause Young (Concurrent Start) (G1 Humongous Allocation) 4114M->4108M(5120M) 1,588ms
[109,950s][info][gc] GC(29) Concurrent Mark Cycle
[109,960s][info][gc] GC(29) Pause Remark 4116M->4116M(5120M) 1,396ms
[109,967s][info][gc] GC(29) Pause Cleanup 4116M->4116M(5120M) 0,285ms
[109,974s][info][gc] GC(29) Concurrent Mark Cycle 24,849ms
[110,022s][info][gc] GC(30) Pause Young (Concurrent Start) (G1 Humongous Allocation) 4120M->4108M(5120M) 1,532ms
[110,023s][info][gc] GC(31) Concurrent Mark Cycle
[110,028s][info][gc] GC(31) Pause Remark 4116M->4116M(5120M) 0,615ms
[110,032s][info][gc] GC(31) Pause Cleanup 4116M->4116M(5120M) 0,148ms
[110,048s][info][gc] GC(31) Concurrent Mark Cycle 25,439ms
[110,111s][info][gc] GC(32) Pause Young (Concurrent Start) (G1 Humongous Allocation) 4119M->4108M(5120M) 2,063ms
[110,111s][info][gc] GC(33) Concurrent Mark Cycle
[110,117s][info][gc] GC(33) Pause Remark 4116M->4116M(5120M) 1,405ms
[110,125s][info][gc] GC(33) Pause Cleanup 4116M->4116M(5120M) 3,681ms
[110,135s][info][gc] GC(33) Concurrent Mark Cycle 23,776ms
[110,178s][info][gc] GC(34) Pause Young (Concurrent Start) (G1 Humongous Allocation) 4118M->4108M(5120M) 1,581ms
[110,178s][info][gc] GC(35) Concurrent Mark Cycle
[110,185s][info][gc] GC(35) Pause Remark 4116M->4116M(5120M) 1,359ms
[110,189s][info][gc] GC(35) Pause Cleanup 4116M->4116M(5120M) 0,147ms
[110,201s][info][gc] GC(35) Concurrent Mark Cycle 23,073ms
[110,290s][info][gc] GC(36) Pause Young (Concurrent Start) (G1 Humongous Allocation) 4120M->4108M(5120M) 1,264ms
[110,290s][info][gc] GC(37) Concurrent Mark Cycle
[110,295s][info][gc] GC(37) Pause Remark 4116M->4116M(5120M) 0,613ms
[110,299s][info][gc] GC(37) Pause Cleanup 4116M->4116M(5120M) 0,152ms
[110,305s][info][gc] GC(37) Concurrent Mark Cycle 14,875ms
[110,438s][info][gc] GC(38) Pause Young (Concurrent Start) (G1 Humongous Allocation) 4122M->4108M(5120M) 1,880ms
[110,439s][info][gc] GC(39) Concurrent Mark Cycle
[110,446s][info][gc] GC(39) Pause Remark 4116M->4116M(5120M) 0,700ms
[110,462s][info][gc] GC(39) Pause Cleanup 4116M->4116M(5120M) 0,187ms
[110,467s][info][gc] GC(39) Concurrent Mark Cycle 28,737ms
[110,500s][info][gc] GC(40) Pause Young (Concurrent Start) (G1 Humongous Allocation) 4118M->4108M(5120M) 2,261ms
[110,500s][info][gc] GC(41) Concurrent Mark Cycle
[110,506s][info][gc] GC(41) Pause Remark 4116M->4116M(5120M) 0,734ms
[110,510s][info][gc] GC(41) Pause Cleanup 4116M->4116M(5120M) 0,175ms
[110,516s][info][gc] GC(41) Concurrent Mark Cycle 15,898ms
[110,605s][info][gc] GC(42) Pause Young (Concurrent Start) (G1 Humongous Allocation) 4120M->4108M(5120M) 1,812ms
[110,605s][info][gc] GC(43) Concurrent Mark Cycle
[110,612s][info][gc] GC(43) Pause Remark 4116M->4116M(5120M) 1,529ms
[110,619s][info][gc] GC(43) Pause Cleanup 4116M->4116M(5120M) 0,184ms
[110,625s][info][gc] GC(43) Concurrent Mark Cycle 19,759ms
[110,805s][info][gc] GC(44) Pause Young (Concurrent Start) (G1 Humongous Allocation) 4122M->4108M(5120M) 0,830ms
[110,805s][info][gc] GC(45) Concurrent Mark Cycle
[110,811s][info][gc] GC(45) Pause Remark 4116M->4116M(5120M) 1,267ms
[110,819s][info][gc] GC(45) Pause Cleanup 4116M->4116M(5120M) 0,215ms
[110,833s][info][gc] GC(45) Concurrent Mark Cycle 27,149ms
[110,865s][info][gc] GC(46) Pause Young (Concurrent Start) (G1 Humongous Allocation) 4118M->4108M(5120M) 1,522ms
[110,868s][info][gc] GC(47) Concurrent Mark Cycle
[110,874s][info][gc] GC(47) Pause Remark 4116M->4116M(5120M) 1,524ms
[110,879s][info][gc] GC(47) Pause Cleanup 4116M->4116M(5120M) 0,170ms
[110,886s][info][gc] GC(47) Concurrent Mark Cycle 18,190ms
[110,969s][info][gc] GC(48) Pause Young (Concurrent Start) (G1 Humongous Allocation) 4120M->4108M(5120M) 1,222ms
[110,969s][info][gc] GC(49) Concurrent Mark Cycle
[110,976s][info][gc] GC(49) Pause Remark 4116M->4116M(5120M) 1,323ms
[110,985s][info][gc] GC(49) Pause Cleanup 4116M->4116M(5120M) 0,212ms
[110,991s][info][gc] GC(49) Concurrent Mark Cycle 22,016ms
[111,259s][info][gc] GC(50) Pause Young (Concurrent Start) (G1 Humongous Allocation) 4132M->4108M(5120M) 0,789ms
[111,259s][info][gc] GC(51) Concurrent Mark Cycle
[111,264s][info][gc] GC(51) Pause Remark 4112M->4112M(5120M) 0,639ms
[111,269s][info][gc] GC(51) Pause Cleanup 4112M->4112M(5120M) 0,168ms
[111,277s][info][gc] GC(51) Concurrent Mark Cycle 17,979ms
[111,318s][info][gc] GC(52) Pause Young (Concurrent Start) (G1 Humongous Allocation) 4114M->4108M(5120M) 0,838ms
[111,318s][info][gc] GC(53) Concurrent Mark Cycle
[111,324s][info][gc] GC(53) Pause Remark 4112M->4112M(5120M) 1,368ms
[111,328s][info][gc] GC(53) Pause Cleanup 4112M->4112M(5120M) 0,157ms
[111,333s][info][gc] GC(53) Concurrent Mark Cycle 15,271ms
[111,424s][info][gc] GC(54) Pause Young (Concurrent Start) (G1 Humongous Allocation) 4116M->4108M(5120M) 0,800ms
[111,424s][info][gc] GC(55) Concurrent Mark Cycle
[111,429s][info][gc] GC(55) Pause Remark 4112M->4112M(5120M) 0,580ms
[111,433s][info][gc] GC(55) Pause Cleanup 4112M->4112M(5120M) 0,151ms
[111,439s][info][gc] GC(55) Concurrent Mark Cycle 14,380ms
[111,485s][info][gc] GC(56) Pause Young (Concurrent Start) (G1 Humongous Allocation) 4114M->4108M(5120M) 1,580ms
[111,485s][info][gc] GC(57) Concurrent Mark Cycle
[111,504s][info][gc] GC(57) Pause Remark 4112M->4112M(5120M) 1,436ms
[111,508s][info][gc] GC(57) Pause Cleanup 4112M->4112M(5120M) 0,163ms
[111,514s][info][gc] GC(57) Concurrent Mark Cycle 29,243ms
[111,576s][info][gc] GC(58) Pause Young (Concurrent Start) (G1 Humongous Allocation) 4114M->4108M(5120M) 1,484ms
[111,576s][info][gc] GC(59) Concurrent Mark Cycle
[111,584s][info][gc] GC(59) Pause Remark 4116M->4116M(5120M) 0,714ms
[111,588s][info][gc] GC(59) Pause Cleanup 4116M->4116M(5120M) 0,210ms
[111,594s][info][gc] GC(59) Concurrent Mark Cycle 17,317ms
[111,736s][info][gc] GC(60) Pause Young (Concurrent Start) (G1 Humongous Allocation) 4124M->4108M(5120M) 1,632ms
[111,736s][info][gc] GC(61) Concurrent Mark Cycle
[111,742s][info][gc] GC(61) Pause Remark 4112M->4112M(5120M) 1,289ms
[111,752s][info][gc] GC(61) Pause Cleanup 4112M->4112M(5120M) 0,185ms
[111,757s][info][gc] GC(61) Concurrent Mark Cycle 21,257ms
[111,795s][info][gc] GC(62) Pause Young (Concurrent Start) (G1 Humongous Allocation) 4114M->4108M(5120M) 0,796ms
[111,795s][info][gc] GC(63) Concurrent Mark Cycle
[111,801s][info][gc] GC(63) Pause Remark 4112M->4112M(5120M) 1,135ms
[111,806s][info][gc] GC(63) Pause Cleanup 4112M->4112M(5120M) 0,164ms
[111,821s][info][gc] GC(63) Concurrent Mark Cycle 25,900ms
[111,904s][info][gc] GC(64) Pause Young (Concurrent Start) (G1 Humongous Allocation) 4116M->4108M(5120M) 1,457ms
[111,904s][info][gc] GC(65) Concurrent Mark Cycle
[111,910s][info][gc] GC(65) Pause Remark 4112M->4112M(5120M) 1,207ms
[111,916s][info][gc] GC(65) Pause Cleanup 4112M->4112M(5120M) 0,198ms
[111,927s][info][gc] GC(65) Concurrent Mark Cycle 22,824ms
[111,963s][info][gc] GC(66) Pause Young (Concurrent Start) (G1 Humongous Allocation) 4114M->4108M(5120M) 1,499ms
[111,963s][info][gc] GC(67) Concurrent Mark Cycle
[111,969s][info][gc] GC(67) Pause Remark 4112M->4112M(5120M) 0,659ms
[111,974s][info][gc] GC(67) Pause Cleanup 4112M->4112M(5120M) 0,144ms
[111,982s][info][gc] GC(67) Concurrent Mark Cycle 18,957ms
[112,147s][info][gc] GC(68) Pause Young (Concurrent Start) (G1 Humongous Allocation) 4115M->4108M(5120M) 1,460ms
[112,147s][info][gc] GC(69) Concurrent Mark Cycle
[112,154s][info][gc] GC(69) Pause Remark 4116M->4116M(5120M) 1,421ms
[112,160s][info][gc] GC(69) Pause Cleanup 4116M->4116M(5120M) 0,169ms
[112,166s][info][gc] GC(69) Concurrent Mark Cycle 19,039ms
[112,206s][info][gc] GC(70) Pause Young (Concurrent Start) (G1 Humongous Allocation) 4118M->4108M(5120M) 1,669ms
[112,206s][info][gc] GC(71) Concurrent Mark Cycle
[112,213s][info][gc] GC(71) Pause Remark 4116M->4116M(5120M) 1,996ms
[112,217s][info][gc] GC(71) Pause Cleanup 4116M->4116M(5120M) 0,177ms
[112,223s][info][gc] GC(71) Concurrent Mark Cycle 16,684ms
[112,323s][info][gc] GC(72) Pause Young (Concurrent Start) (G1 Humongous Allocation) 4120M->4108M(5120M) 1,416ms
[112,324s][info][gc] GC(73) Concurrent Mark Cycle
[112,329s][info][gc] GC(73) Pause Remark 4116M->4116M(5120M) 0,879ms
[112,333s][info][gc] GC(73) Pause Cleanup 4116M->4116M(5120M) 0,210ms
[112,339s][info][gc] GC(73) Concurrent Mark Cycle 15,447ms
[112,455s][info][gc] GC(74) Pause Young (Concurrent Start) (G1 Humongous Allocation) 4120M->4108M(5120M) 1,571ms
[112,456s][info][gc] GC(75) Concurrent Mark Cycle
[112,464s][info][gc] GC(75) Pause Remark 4116M->4116M(5120M) 1,550ms
[112,468s][info][gc] GC(75) Pause Cleanup 4116M->4116M(5120M) 0,200ms
[112,473s][info][gc] GC(75) Concurrent Mark Cycle 17,083ms
[112,614s][info][gc] GC(76) Pause Young (Concurrent Start) (G1 Humongous Allocation) 4124M->4108M(5120M) 0,609ms
[112,614s][info][gc] GC(77) Concurrent Mark Cycle
[112,620s][info][gc] GC(77) Pause Remark 4112M->4112M(5120M) 1,274ms
[112,624s][info][gc] GC(77) Pause Cleanup 4112M->4112M(5120M) 0,181ms
[112,634s][info][gc] GC(77) Concurrent Mark Cycle 19,562ms
[112,676s][info][gc] GC(78) Pause Young (Concurrent Start) (G1 Humongous Allocation) 4114M->4108M(5120M) 1,695ms
[112,676s][info][gc] GC(79) Concurrent Mark Cycle
[112,681s][info][gc] GC(79) Pause Remark 4112M->4112M(5120M) 0,682ms
[112,686s][info][gc] GC(79) Pause Cleanup 4112M->4112M(5120M) 0,146ms
[112,694s][info][gc] GC(79) Concurrent Mark Cycle 18,196ms
[112,785s][info][gc] GC(80) Pause Young (Concurrent Start) (G1 Humongous Allocation) 4116M->4108M(5120M) 1,458ms
[112,785s][info][gc] GC(81) Concurrent Mark Cycle
[112,791s][info][gc] GC(81) Pause Remark 4112M->4112M(5120M) 0,833ms
[112,795s][info][gc] GC(81) Pause Cleanup 4112M->4112M(5120M) 0,151ms
[112,800s][info][gc] GC(81) Concurrent Mark Cycle 14,930ms
[112,846s][info][gc] GC(82) Pause Young (Concurrent Start) (G1 Humongous Allocation) 4114M->4108M(5120M) 1,697ms
[112,846s][info][gc] GC(83) Concurrent Mark Cycle
[112,852s][info][gc] GC(83) Pause Remark 4112M->4112M(5120M) 1,962ms
[112,856s][info][gc] GC(83) Pause Cleanup 4112M->4112M(5120M) 0,219ms
[112,864s][info][gc] GC(83) Concurrent Mark Cycle 18,350ms
[112,914s][info][gc] GC(84) Pause Young (Concurrent Start) (G1 Humongous Allocation) 4114M->4108M(5120M) 0,784ms
[112,914s][info][gc] GC(85) Concurrent Mark Cycle
[112,920s][info][gc] GC(85) Pause Remark 4116M->4116M(5120M) 0,731ms
[112,924s][info][gc] GC(85) Pause Cleanup 4116M->4116M(5120M) 0,144ms
[112,934s][info][gc] GC(85) Concurrent Mark Cycle 19,362ms
[113,075s][info][gc] GC(86) Pause Young (Concurrent Start) (G1 Humongous Allocation) 4124M->4108M(5120M) 0,665ms
[113,075s][info][gc] GC(87) Concurrent Mark Cycle
[113,081s][info][gc] GC(87) Pause Remark 4112M->4112M(5120M) 1,499ms
[113,085s][info][gc] GC(87) Pause Cleanup 4112M->4112M(5120M) 0,148ms
[113,098s][info][gc] GC(87) Concurrent Mark Cycle 23,562ms
[113,138s][info][gc] GC(88) Pause Young (Concurrent Start) (G1 Humongous Allocation) 4114M->4108M(5120M) 3,877ms
[113,138s][info][gc] GC(89) Concurrent Mark Cycle
[113,145s][info][gc] GC(89) Pause Remark 4112M->4112M(5120M) 1,465ms
[113,149s][info][gc] GC(89) Pause Cleanup 4112M->4112M(5120M) 0,163ms
[113,159s][info][gc] GC(89) Concurrent Mark Cycle 20,454ms
[113,242s][info][gc] GC(90) Pause Young (Concurrent Start) (G1 Humongous Allocation) 4116M->4108M(5120M) 0,640ms
[113,242s][info][gc] GC(91) Concurrent Mark Cycle
[113,248s][info][gc] GC(91) Pause Remark 4112M->4112M(5120M) 0,628ms
[113,253s][info][gc] GC(91) Pause Cleanup 4112M->4112M(5120M) 0,147ms
[113,266s][info][gc] GC(91) Concurrent Mark Cycle 23,205ms
[113,287s][info][gc] GC(92) Pause Young (Concurrent Start) (G1 Humongous Allocation) 4114M->4108M(5120M) 1,391ms
[113,287s][info][gc] GC(93) Concurrent Mark Cycle
[113,292s][info][gc] GC(93) Pause Remark 4112M->4112M(5120M) 0,682ms
[113,296s][info][gc] GC(93) Pause Cleanup 4112M->4112M(5120M) 0,150ms
[113,306s][info][gc] GC(93) Concurrent Mark Cycle 18,806ms
[113,681s][info][gc] GC(94) Pause Young (Concurrent Start) (G1 Humongous Allocation) 4123M->4108M(5120M) 2,221ms
[113,681s][info][gc] GC(95) Concurrent Mark Cycle
[113,688s][info][gc] GC(95) Pause Remark 4116M->4116M(5120M) 1,366ms
[113,692s][info][gc] GC(95) Pause Cleanup 4116M->4116M(5120M) 0,151ms
[113,701s][info][gc] GC(95) Concurrent Mark Cycle 19,441ms
[113,712s][info][gc] GC(96) Pause Young (Concurrent Start) (G1 Humongous Allocation) 4118M->4108M(5120M) 0,983ms
[113,712s][info][gc] GC(97) Concurrent Mark Cycle
[113,718s][info][gc] GC(97) Pause Remark 4116M->4116M(5120M) 1,470ms
[113,722s][info][gc] GC(97) Pause Cleanup 4116M->4116M(5120M) 0,191ms
[113,728s][info][gc] GC(97) Concurrent Mark Cycle 16,209ms
[113,864s][info][gc] GC(98) Pause Young (Concurrent Start) (G1 Humongous Allocation) 4125M->4108M(5120M) 1,948ms
[113,864s][info][gc] GC(99) Concurrent Mark Cycle
[113,870s][info][gc] GC(99) Pause Remark 4116M->4116M(5120M) 1,196ms
[113,874s][info][gc] GC(99) Pause Cleanup 4116M->4116M(5120M) 0,179ms
[113,882s][info][gc] GC(99) Concurrent Mark Cycle 18,169ms
[114,006s][info][gc] GC(100) Pause Young (Concurrent Start) (G1 Humongous Allocation) 4120M->4108M(5120M) 0,628ms
[114,006s][info][gc] GC(101) Concurrent Mark Cycle
[114,013s][info][gc] GC(101) Pause Remark 4116M->4116M(5120M) 2,001ms
[114,017s][info][gc] GC(101) Pause Cleanup 4116M->4116M(5120M) 0,166ms
[114,022s][info][gc] GC(101) Concurrent Mark Cycle 16,263ms
[114,169s][info][gc] GC(102) Pause Young (Concurrent Start) (G1 Humongous Allocation) 4124M->4108M(5120M) 1,374ms
[114,169s][info][gc] GC(103) Concurrent Mark Cycle
[114,175s][info][gc] GC(103) Pause Remark 4112M->4112M(5120M) 1,213ms
[114,180s][info][gc] GC(103) Pause Cleanup 4112M->4112M(5120M) 0,168ms
[114,189s][info][gc] GC(103) Concurrent Mark Cycle 19,716ms
[114,229s][info][gc] GC(104) Pause Young (Concurrent Start) (G1 Humongous Allocation) 4114M->4108M(5120M) 1,537ms
[114,229s][info][gc] GC(105) Concurrent Mark Cycle
[114,234s][info][gc] GC(105) Pause Remark 4112M->4112M(5120M) 0,732ms
[114,239s][info][gc] GC(105) Pause Cleanup 4112M->4112M(5120M) 0,272ms
[114,247s][info][gc] GC(105) Concurrent Mark Cycle 18,257ms
[114,336s][info][gc] GC(106) Pause Young (Concurrent Start) (G1 Humongous Allocation) 4116M->4108M(5120M) 1,310ms
[114,336s][info][gc] GC(107) Concurrent Mark Cycle
[114,343s][info][gc] GC(107) Pause Remark 4112M->4112M(5120M) 1,964ms
[114,348s][info][gc] GC(107) Pause Cleanup 4112M->4112M(5120M) 0,190ms
[114,356s][info][gc] GC(107) Concurrent Mark Cycle 19,771ms
[114,398s][info][gc] GC(108) Pause Young (Concurrent Start) (G1 Humongous Allocation) 4114M->4108M(5120M) 1,301ms
[114,398s][info][gc] GC(109) Concurrent Mark Cycle
[114,404s][info][gc] GC(109) Pause Remark 4112M->4112M(5120M) 1,403ms
[114,410s][info][gc] GC(109) Pause Cleanup 4112M->4112M(5120M) 0,201ms
[114,421s][info][gc] GC(109) Concurrent Mark Cycle 23,597ms
[114,464s][info][gc] GC(110) Pause Young (Concurrent Start) (G1 Humongous Allocation) 4114M->4108M(5120M) 0,811ms
[114,464s][info][gc] GC(111) Concurrent Mark Cycle
[114,470s][info][gc] GC(111) Pause Remark 4116M->4116M(5120M) 0,798ms
[114,474s][info][gc] GC(111) Pause Cleanup 4116M->4116M(5120M) 0,175ms
[114,480s][info][gc] GC(111) Concurrent Mark Cycle 15,537ms
[114,621s][info][gc] GC(112) Pause Young (Concurrent Start) (G1 Humongous Allocation) 4123M->4108M(5120M) 1,411ms
[114,621s][info][gc] GC(113) Concurrent Mark Cycle
[114,637s][info][gc] GC(113) Pause Remark 4112M->4112M(5120M) 11,529ms
[114,642s][info][gc] GC(113) Pause Cleanup 4112M->4112M(5120M) 0,167ms
[114,652s][info][gc] GC(113) Concurrent Mark Cycle 31,705ms
[114,690s][info][gc] GC(114) Pause Young (Concurrent Start) (G1 Humongous Allocation) 4114M->4108M(5120M) 0,586ms
[114,690s][info][gc] GC(115) Concurrent Mark Cycle
[114,696s][info][gc] GC(115) Pause Remark 4112M->4112M(5120M) 1,148ms
[114,700s][info][gc] GC(115) Pause Cleanup 4112M->4112M(5120M) 0,161ms
[114,708s][info][gc] GC(115) Concurrent Mark Cycle 18,633ms
[114,789s][info][gc] GC(116) Pause Young (Concurrent Start) (G1 Humongous Allocation) 4116M->4108M(5120M) 0,998ms
[114,789s][info][gc] GC(117) Concurrent Mark Cycle
[114,795s][info][gc] GC(117) Pause Remark 4112M->4112M(5120M) 0,589ms
[114,799s][info][gc] GC(117) Pause Cleanup 4112M->4112M(5120M) 0,165ms
[114,815s][info][gc] GC(117) Concurrent Mark Cycle 25,565ms
[114,845s][info][gc] GC(118) Pause Young (Concurrent Start) (G1 Humongous Allocation) 4114M->4108M(5120M) 1,357ms
[114,845s][info][gc] GC(119) Concurrent Mark Cycle
[114,856s][info][gc] GC(119) Pause Remark 4112M->4112M(5120M) 1,349ms
[114,860s][info][gc] GC(119) Pause Cleanup 4112M->4112M(5120M) 0,178ms
[114,865s][info][gc] GC(119) Concurrent Mark Cycle 19,512ms
[115,013s][info][gc] GC(120) Pause Young (Concurrent Start) (G1 Humongous Allocation) 4114M->4108M(5120M) 1,281ms
[115,013s][info][gc] GC(121) Concurrent Mark Cycle
[115,018s][info][gc] GC(121) Pause Remark 4116M->4116M(5120M) 1,208ms
[115,022s][info][gc] GC(121) Pause Cleanup 4116M->4116M(5120M) 0,162ms
[115,028s][info][gc] GC(121) Concurrent Mark Cycle 15,374ms
[115,167s][info][gc] GC(122) Pause Young (Concurrent Start) (G1 Humongous Allocation) 4124M->4108M(5120M) 1,377ms
[115,167s][info][gc] GC(123) Concurrent Mark Cycle
[115,173s][info][gc] GC(123) Pause Remark 4112M->4112M(5120M) 1,208ms
[115,181s][info][gc] GC(123) Pause Cleanup 4112M->4112M(5120M) 0,190ms
[115,187s][info][gc] GC(123) Concurrent Mark Cycle 19,698ms
[115,226s][info][gc] GC(124) Pause Young (Concurrent Start) (G1 Humongous Allocation) 4114M->4108M(5120M) 0,810ms
[115,226s][info][gc] GC(125) Concurrent Mark Cycle
[115,232s][info][gc] GC(125) Pause Remark 4112M->4112M(5120M) 1,382ms
[115,236s][info][gc] GC(125) Pause Cleanup 4112M->4112M(5120M) 0,161ms
[115,244s][info][gc] GC(125) Concurrent Mark Cycle 18,252ms
[115,340s][info][gc] GC(126) Pause Young (Concurrent Start) (G1 Humongous Allocation) 4116M->4108M(5120M) 2,258ms
[115,340s][info][gc] GC(127) Concurrent Mark Cycle
[115,348s][info][gc] GC(127) Pause Remark 4112M->4112M(5120M) 1,367ms
[115,354s][info][gc] GC(127) Pause Cleanup 4112M->4112M(5120M) 0,203ms
[115,365s][info][gc] GC(127) Concurrent Mark Cycle 24,300ms
[115,413s][info][gc] GC(128) Pause Young (Concurrent Start) (G1 Humongous Allocation) 4114M->4108M(5120M) 2,197ms
[115,413s][info][gc] GC(129) Concurrent Mark Cycle
[115,419s][info][gc] GC(129) Pause Remark 4112M->4112M(5120M) 1,605ms
[115,425s][info][gc] GC(129) Pause Cleanup 4112M->4112M(5120M) 0,166ms
[115,432s][info][gc] GC(129) Concurrent Mark Cycle 19,016ms
[115,565s][info][gc] GC(130) Pause Young (Concurrent Start) (G1 Humongous Allocation) 4116M->4108M(5120M) 1,750ms
[115,565s][info][gc] GC(131) Concurrent Mark Cycle
[115,571s][info][gc] GC(131) Pause Remark 4112M->4112M(5120M) 2,149ms
[115,576s][info][gc] GC(131) Pause Cleanup 4112M->4112M(5120M) 0,162ms
[115,585s][info][gc] GC(131) Concurrent Mark Cycle 20,278ms
[115,626s][info][gc] GC(132) Pause Young (Concurrent Start) (G1 Humongous Allocation) 4114M->4108M(5120M) 1,277ms
[115,626s][info][gc] GC(133) Concurrent Mark Cycle
[115,634s][info][gc] GC(133) Pause Remark 4112M->4112M(5120M) 3,718ms
[115,640s][info][gc] GC(133) Pause Cleanup 4112M->4112M(5120M) 0,356ms
[115,650s][info][gc] GC(133) Concurrent Mark Cycle 23,586ms
[115,703s][info][gc] GC(134) Pause Young (Concurrent Start) (G1 Humongous Allocation) 4114M->4108M(5120M) 1,373ms
[115,703s][info][gc] GC(135) Concurrent Mark Cycle
[115,715s][info][gc] GC(135) Pause Remark 4112M->4112M(5120M) 1,231ms
[115,725s][info][gc] GC(135) Pause Cleanup 4112M->4112M(5120M) 0,275ms
[115,735s][info][gc] GC(135) Concurrent Mark Cycle 32,366ms
[115,754s][info][gc] GC(136) Pause Young (Concurrent Start) (G1 Humongous Allocation) 4114M->4108M(5120M) 1,286ms
[115,754s][info][gc] GC(137) Concurrent Mark Cycle
[115,765s][info][gc] GC(137) Pause Remark 4112M->4112M(5120M) 1,167ms
[115,769s][info][gc] GC(137) Pause Cleanup 4112M->4112M(5120M) 0,177ms
[115,775s][info][gc] GC(137) Concurrent Mark Cycle 20,887ms
[115,845s][info][gc] GC(138) Pause Young (Concurrent Start) (G1 Humongous Allocation) 4114M->4108M(5120M) 1,542ms
[115,845s][info][gc] GC(139) Concurrent Mark Cycle
[115,852s][info][gc] GC(139) Pause Remark 4112M->4112M(5120M) 1,266ms
[115,865s][info][gc] GC(139) Pause Cleanup 4114M->4114M(5120M) 0,219ms
[115,873s][info][gc] GC(139) Concurrent Mark Cycle 27,625ms
[115,957s][info][gc] GC(140) Pause Young (Concurrent Start) (G1 Humongous Allocation) 4115M->4108M(5120M) 2,786ms
[115,957s][info][gc] GC(141) Concurrent Mark Cycle
[115,964s][info][gc] GC(141) Pause Remark 4112M->4112M(5120M) 1,232ms
[115,968s][info][gc] GC(141) Pause Cleanup 4112M->4112M(5120M) 0,195ms
[115,979s][info][gc] GC(141) Concurrent Mark Cycle 22,229ms
[116,007s][info][gc] GC(142) Pause Young (Concurrent Start) (G1 Humongous Allocation) 4114M->4108M(5120M) 1,561ms
[116,007s][info][gc] GC(143) Concurrent Mark Cycle
[116,014s][info][gc] GC(143) Pause Remark 4112M->4112M(5120M) 1,841ms
[116,023s][info][gc] GC(143) Pause Cleanup 4112M->4112M(5120M) 0,287ms
[116,036s][info][gc] GC(143) Concurrent Mark Cycle 29,026ms
[116,111s][info][gc] GC(144) Pause Young (Concurrent Start) (G1 Humongous Allocation) 4114M->4108M(5120M) 1,355ms
[116,111s][info][gc] GC(145) Concurrent Mark Cycle
[116,117s][info][gc] GC(145) Pause Remark 4112M->4112M(5120M) 1,424ms
[116,122s][info][gc] GC(145) Pause Cleanup 4112M->4112M(5120M) 0,877ms
[116,128s][info][gc] GC(145) Concurrent Mark Cycle 16,897ms
[116,286s][info][gc] GC(146) Pause Young (Concurrent Start) (G1 Humongous Allocation) 4117M->4108M(5120M) 1,346ms
[116,286s][info][gc] GC(147) Concurrent Mark Cycle
[116,293s][info][gc] GC(147) Pause Remark 4112M->4112M(5120M) 1,210ms
[116,297s][info][gc] GC(147) Pause Cleanup 4112M->4112M(5120M) 0,187ms
[116,307s][info][gc] GC(147) Concurrent Mark Cycle 20,687ms
[116,343s][info][gc] GC(148) Pause Young (Concurrent Start) (G1 Humongous Allocation) 4114M->4108M(5120M) 1,243ms
[116,343s][info][gc] GC(149) Concurrent Mark Cycle
[116,356s][info][gc] GC(149) Pause Remark 4112M->4112M(5120M) 1,155ms
[116,364s][info][gc] GC(149) Pause Cleanup 4112M->4112M(5120M) 0,194ms
[116,375s][info][gc] GC(149) Concurrent Mark Cycle 31,738ms
[116,418s][info][gc] GC(150) Pause Young (Concurrent Start) (G1 Humongous Allocation) 4114M->4108M(5120M) 1,551ms
[116,418s][info][gc] GC(151) Concurrent Mark Cycle
[116,425s][info][gc] GC(151) Pause Remark 4112M->4112M(5120M) 0,767ms
[116,429s][info][gc] GC(151) Pause Cleanup 4112M->4112M(5120M) 0,179ms
[116,436s][info][gc] GC(151) Concurrent Mark Cycle 17,545ms
[116,468s][info][gc] GC(152) Pause Young (Concurrent Start) (G1 Humongous Allocation) 4114M->4108M(5120M) 2,229ms
[116,468s][info][gc] GC(153) Concurrent Mark Cycle
[116,475s][info][gc] GC(153) Pause Remark 4112M->4112M(5120M) 1,229ms
[116,479s][info][gc] GC(153) Pause Cleanup 4112M->4112M(5120M) 0,184ms
[116,485s][info][gc] GC(153) Concurrent Mark Cycle 16,515ms
[116,554s][info][gc] GC(154) Pause Young (Concurrent Start) (G1 Humongous Allocation) 4114M->4108M(5120M) 1,624ms
[116,554s][info][gc] GC(155) Concurrent Mark Cycle
[116,560s][info][gc] GC(155) Pause Remark 4112M->4112M(5120M) 1,183ms
[116,564s][info][gc] GC(155) Pause Cleanup 4112M->4112M(5120M) 0,153ms
[116,584s][info][gc] GC(155) Concurrent Mark Cycle 29,581ms
[116,672s][info][gc] GC(156) Pause Young (Concurrent Start) (G1 Humongous Allocation) 4115M->4108M(5120M) 1,404ms
[116,672s][info][gc] GC(157) Concurrent Mark Cycle
[116,680s][info][gc] GC(157) Pause Remark 4112M->4112M(5120M) 1,200ms
[116,684s][info][gc] GC(157) Pause Cleanup 4112M->4112M(5120M) 0,159ms
[116,690s][info][gc] GC(157) Concurrent Mark Cycle 18,270ms
[116,721s][info][gc] GC(158) Pause Young (Concurrent Start) (G1 Humongous Allocation) 4114M->4108M(5120M) 1,289ms
[116,728s][info][gc] GC(159) Concurrent Mark Cycle
[116,734s][info][gc] GC(159) Pause Remark 4112M->4112M(5120M) 1,247ms
[116,740s][info][gc] GC(159) Pause Cleanup 4112M->4112M(5120M) 0,185ms
[116,749s][info][gc] GC(159) Concurrent Mark Cycle 21,335ms
[116,809s][info][gc] GC(160) Pause Young (Concurrent Start) (G1 Humongous Allocation) 4114M->4108M(5120M) 1,336ms
[116,809s][info][gc] GC(161) Concurrent Mark Cycle
[116,815s][info][gc] GC(161) Pause Remark 4112M->4112M(5120M) 1,466ms
[116,823s][info][gc] GC(161) Pause Cleanup 4112M->4112M(5120M) 0,186ms
[116,829s][info][gc] GC(161) Concurrent Mark Cycle 20,076ms
[117,071s][info][gc] GC(162) Pause Young (Concurrent Start) (G1 Humongous Allocation) 4114M->4108M(5120M) 0,726ms
[117,071s][info][gc] GC(163) Concurrent Mark Cycle
[117,077s][info][gc] GC(163) Pause Remark 4116M->4116M(5120M) 1,151ms
[117,082s][info][gc] GC(163) Pause Cleanup 4116M->4116M(5120M) 0,188ms
[117,089s][info][gc] GC(163) Concurrent Mark Cycle 17,904ms
[117,227s][info][gc] GC(164) Pause Young (Concurrent Start) (G1 Humongous Allocation) 4123M->4108M(5120M) 0,730ms
[117,227s][info][gc] GC(165) Concurrent Mark Cycle
[117,233s][info][gc] GC(165) Pause Remark 4112M->4112M(5120M) 1,324ms
[117,237s][info][gc] GC(165) Pause Cleanup 4112M->4112M(5120M) 0,196ms
[117,250s][info][gc] GC(165) Concurrent Mark Cycle 23,614ms
[117,286s][info][gc] GC(166) Pause Young (Concurrent Start) (G1 Humongous Allocation) 4114M->4108M(5120M) 1,844ms
[117,286s][info][gc] GC(167) Concurrent Mark Cycle
[117,297s][info][gc] GC(167) Pause Remark 4112M->4112M(5120M) 1,466ms
[117,301s][info][gc] GC(167) Pause Cleanup 4112M->4112M(5120M) 0,169ms
[117,309s][info][gc] GC(167) Concurrent Mark Cycle 22,501ms
[117,386s][info][gc] GC(168) Pause Young (Concurrent Start) (G1 Humongous Allocation) 4116M->4108M(5120M) 1,383ms
[117,386s][info][gc] GC(169) Concurrent Mark Cycle
[117,393s][info][gc] GC(169) Pause Remark 4112M->4112M(5120M) 1,529ms
[117,398s][info][gc] GC(169) Pause Cleanup 4112M->4112M(5120M) 0,191ms
[117,405s][info][gc] GC(169) Concurrent Mark Cycle 18,471ms
[117,444s][info][gc] GC(170) Pause Young (Concurrent Start) (G1 Humongous Allocation) 4114M->4108M(5120M) 2,073ms
[117,444s][info][gc] GC(171) Concurrent Mark Cycle
[117,451s][info][gc] GC(171) Pause Remark 4112M->4112M(5120M) 0,762ms
[117,455s][info][gc] GC(171) Pause Cleanup 4112M->4112M(5120M) 0,167ms
[117,469s][info][gc] GC(171) Concurrent Mark Cycle 24,970ms
[117,582s][info][gc] GC(172) Pause Young (Concurrent Start) (G1 Humongous Allocation) 4116M->4108M(5120M) 1,270ms
[117,582s][info][gc] GC(173) Concurrent Mark Cycle
[117,589s][info][gc] GC(173) Pause Remark 4112M->4112M(5120M) 2,137ms
[117,593s][info][gc] GC(173) Pause Cleanup 4112M->4112M(5120M) 0,169ms
[117,599s][info][gc] GC(173) Concurrent Mark Cycle 16,308ms
[117,642s][info][gc] GC(174) Pause Young (Concurrent Start) (G1 Humongous Allocation) 4114M->4108M(5120M) 0,801ms
[117,642s][info][gc] GC(175) Concurrent Mark Cycle
[117,650s][info][gc] GC(175) Pause Remark 4112M->4112M(5120M) 2,986ms
[117,665s][info][gc] GC(175) Pause Cleanup 4112M->4112M(5120M) 0,226ms
[117,672s][info][gc] GC(175) Concurrent Mark Cycle 30,175ms
[117,718s][info][gc] GC(176) Pause Young (Concurrent Start) (G1 Humongous Allocation) 4114M->4108M(5120M) 1,198ms
[117,720s][info][gc] GC(177) Concurrent Mark Cycle
[117,726s][info][gc] GC(177) Pause Remark 4112M->4112M(5120M) 0,704ms
[117,730s][info][gc] GC(177) Pause Cleanup 4112M->4112M(5120M) 0,142ms
[117,735s][info][gc] GC(177) Concurrent Mark Cycle 14,860ms
[117,772s][info][gc] GC(178) Pause Young (Concurrent Start) (G1 Humongous Allocation) 4114M->4108M(5120M) 0,979ms
[117,772s][info][gc] GC(179) Concurrent Mark Cycle
[117,781s][info][gc] GC(179) Pause Remark 4112M->4112M(5120M) 4,463ms
[117,786s][info][gc] GC(179) Pause Cleanup 4112M->4112M(5120M) 0,199ms
[117,792s][info][gc] GC(179) Concurrent Mark Cycle 19,571ms
[117,865s][info][gc] GC(180) Pause Young (Concurrent Start) (G1 Humongous Allocation) 4114M->4108M(5120M) 1,531ms
[117,865s][info][gc] GC(181) Concurrent Mark Cycle
[117,871s][info][gc] GC(181) Pause Remark 4112M->4112M(5120M) 1,434ms
[117,875s][info][gc] GC(181) Pause Cleanup 4112M->4112M(5120M) 0,158ms
[117,883s][info][gc] GC(181) Concurrent Mark Cycle 18,754ms
[117,975s][info][gc] GC(182) Pause Young (Concurrent Start) (G1 Humongous Allocation) 4115M->4108M(5120M) 0,899ms
[117,975s][info][gc] GC(183) Concurrent Mark Cycle
[117,982s][info][gc] GC(183) Pause Remark 4112M->4112M(5120M) 0,666ms
[117,986s][info][gc] GC(183) Pause Cleanup 4112M->4112M(5120M) 0,155ms
[117,994s][info][gc] GC(183) Concurrent Mark Cycle 19,173ms
[118,028s][info][gc] GC(184) Pause Young (Concurrent Start) (G1 Humongous Allocation) 4114M->4108M(5120M) 1,492ms
[118,028s][info][gc] GC(185) Concurrent Mark Cycle
[118,033s][info][gc] GC(185) Pause Remark 4112M->4112M(5120M) 0,581ms
[118,038s][info][gc] GC(185) Pause Cleanup 4112M->4112M(5120M) 0,168ms
[118,045s][info][gc] GC(185) Concurrent Mark Cycle 17,107ms
[118,113s][info][gc] GC(186) Pause Young (Concurrent Start) (G1 Humongous Allocation) 4114M->4108M(5120M) 1,277ms
[118,113s][info][gc] GC(187) Concurrent Mark Cycle
[118,118s][info][gc] GC(187) Pause Remark 4112M->4112M(5120M) 0,577ms
[118,127s][info][gc] GC(187) Pause Cleanup 4112M->4112M(5120M) 0,187ms
[118,133s][info][gc] GC(187) Concurrent Mark Cycle 20,414ms
[118,312s][info][gc] GC(188) Pause Young (Concurrent Start) (G1 Humongous Allocation) 4117M->4108M(5120M) 1,589ms
[118,312s][info][gc] GC(189) Concurrent Mark Cycle
[118,318s][info][gc] GC(189) Pause Remark 4112M->4112M(5120M) 1,435ms
[118,324s][info][gc] GC(189) Pause Cleanup 4112M->4112M(5120M) 0,230ms
[118,330s][info][gc] GC(189) Concurrent Mark Cycle 18,504ms
[118,373s][info][gc] GC(190) Pause Young (Concurrent Start) (G1 Humongous Allocation) 4114M->4108M(5120M) 1,910ms
[118,373s][info][gc] GC(191) Concurrent Mark Cycle
[118,379s][info][gc] GC(191) Pause Remark 4112M->4112M(5120M) 1,267ms
[118,384s][info][gc] GC(191) Pause Cleanup 4112M->4112M(5120M) 0,168ms
[118,390s][info][gc] GC(191) Concurrent Mark Cycle 16,788ms
[118,449s][info][gc] GC(192) Pause Young (Concurrent Start) (G1 Humongous Allocation) 4114M->4108M(5120M) 1,537ms
[118,449s][info][gc] GC(193) Concurrent Mark Cycle
[118,454s][info][gc] GC(193) Pause Remark 4112M->4112M(5120M) 0,645ms
[118,458s][info][gc] GC(193) Pause Cleanup 4112M->4112M(5120M) 0,147ms
[118,463s][info][gc] GC(193) Concurrent Mark Cycle 14,689ms
[118,582s][info][gc] GC(194) Pause Young (Concurrent Start) (G1 Humongous Allocation) 4119M->4108M(5120M) 0,869ms
[118,582s][info][gc] GC(195) Concurrent Mark Cycle
[118,589s][info][gc] GC(195) Pause Remark 4112M->4112M(5120M) 1,348ms
[118,593s][info][gc] GC(195) Pause Cleanup 4112M->4112M(5120M) 0,270ms
[118,599s][info][gc] GC(195) Concurrent Mark Cycle 16,382ms
[118,701s][info][gc] GC(196) Pause Young (Concurrent Start) (G1 Humongous Allocation) 4115M->4108M(5120M) 1,474ms
[118,701s][info][gc] GC(197) Concurrent Mark Cycle
[118,707s][info][gc] GC(197) Pause Remark 4112M->4112M(5120M) 0,612ms
[118,710s][info][gc] GC(197) Pause Cleanup 4112M->4112M(5120M) 0,144ms
[118,720s][info][gc] GC(197) Concurrent Mark Cycle 18,308ms
[118,751s][info][gc] GC(198) Pause Young (Concurrent Start) (G1 Humongous Allocation) 4114M->4108M(5120M) 1,464ms
[118,751s][info][gc] GC(199) Concurrent Mark Cycle
[118,764s][info][gc] GC(199) Pause Remark 4112M->4112M(5120M) 1,433ms
[118,768s][info][gc] GC(199) Pause Cleanup 4112M->4112M(5120M) 0,227ms
[118,774s][info][gc] GC(199) Concurrent Mark Cycle 22,806ms
[118,841s][info][gc] GC(200) Pause Young (Concurrent Start) (G1 Humongous Allocation) 4114M->4108M(5120M) 1,422ms
[118,842s][info][gc] GC(201) Concurrent Mark Cycle
[118,849s][info][gc] GC(201) Pause Remark 4112M->4112M(5120M) 1,497ms
[118,853s][info][gc] GC(201) Pause Cleanup 4112M->4112M(5120M) 0,162ms
[118,863s][info][gc] GC(201) Concurrent Mark Cycle 20,874ms
[119,426s][info][gc] GC(202) Pause Young (Concurrent Start) (G1 Humongous Allocation) 4116M->4108M(5120M) 0,878ms
[119,426s][info][gc] GC(203) Concurrent Mark Cycle
[119,432s][info][gc] GC(203) Pause Remark 4116M->4116M(5120M) 1,186ms
[119,435s][info][gc] GC(203) Pause Cleanup 4116M->4116M(5120M) 0,165ms
[119,450s][info][gc] GC(203) Concurrent Mark Cycle 23,685ms
[119,589s][info][gc] GC(204) Pause Young (Concurrent Start) (G1 Humongous Allocation) 4124M->4108M(5120M) 0,775ms
[119,589s][info][gc] GC(205) Concurrent Mark Cycle
[119,595s][info][gc] GC(205) Pause Remark 4116M->4116M(5120M) 1,180ms
[119,599s][info][gc] GC(205) Pause Cleanup 4116M->4116M(5120M) 0,163ms
[119,604s][info][gc] GC(205) Concurrent Mark Cycle 15,387ms
[119,718s][info][gc] GC(206) Pause Young (Concurrent Start) (G1 Humongous Allocation) 4120M->4108M(5120M) 0,584ms
[119,718s][info][gc] GC(207) Concurrent Mark Cycle
[119,724s][info][gc] GC(207) Pause Remark 4116M->4116M(5120M) 1,434ms
[119,728s][info][gc] GC(207) Pause Cleanup 4116M->4116M(5120M) 0,166ms
[119,736s][info][gc] GC(207) Concurrent Mark Cycle 17,989ms
[119,834s][info][gc] GC(208) Pause Young (Concurrent Start) (G1 Humongous Allocation) 4121M->4108M(5120M) 0,808ms
[119,834s][info][gc] GC(209) Concurrent Mark Cycle
[119,839s][info][gc] GC(209) Pause Remark 4112M->4112M(5120M) 0,921ms
[119,843s][info][gc] GC(209) Pause Cleanup 4112M->4112M(5120M) 0,144ms
[119,855s][info][gc] GC(209) Concurrent Mark Cycle 21,174ms
[119,880s][info][gc] GC(210) Pause Young (Concurrent Start) (G1 Humongous Allocation) 4118M->4108M(5120M) 0,670ms
[119,880s][info][gc] GC(211) Concurrent Mark Cycle
[119,885s][info][gc] GC(211) Pause Remark 4112M->4112M(5120M) 0,503ms
[119,892s][info][gc] GC(211) Pause Cleanup 4112M->4112M(5120M) 0,190ms
[119,899s][info][gc] GC(211) Concurrent Mark Cycle 18,991ms
[119,942s][info][gc] GC(212) Pause Young (Concurrent Start) (G1 Humongous Allocation) 4114M->4108M(5120M) 0,739ms
[119,942s][info][gc] GC(213) Concurrent Mark Cycle
[119,949s][info][gc] GC(213) Pause Remark 4112M->4112M(5120M) 2,662ms
[119,953s][info][gc] GC(213) Pause Cleanup 4112M->4112M(5120M) 0,188ms
[119,959s][info][gc] GC(213) Concurrent Mark Cycle 17,395ms
[120,053s][info][gc] GC(214) Pause Young (Concurrent Start) (G1 Humongous Allocation) 4116M->4108M(5120M) 1,479ms
[120,053s][info][gc] GC(215) Concurrent Mark Cycle
[120,059s][info][gc] GC(215) Pause Remark 4112M->4112M(5120M) 1,365ms
[120,065s][info][gc] GC(215) Pause Cleanup 4112M->4112M(5120M) 0,195ms
[120,075s][info][gc] GC(215) Concurrent Mark Cycle 21,323ms
[120,112s][info][gc] GC(216) Pause Young (Concurrent Start) (G1 Humongous Allocation) 4114M->4108M(5120M) 1,870ms
[120,112s][info][gc] GC(217) Concurrent Mark Cycle
[120,119s][info][gc] GC(217) Pause Remark 4112M->4112M(5120M) 1,257ms
[120,124s][info][gc] GC(217) Pause Cleanup 4112M->4112M(5120M) 0,179ms
[120,129s][info][gc] GC(217) Concurrent Mark Cycle 16,869ms
[120,181s][info][gc] GC(218) Pause Young (Concurrent Start) (G1 Humongous Allocation) 4114M->4108M(5120M) 0,758ms
[120,181s][info][gc] GC(219) Concurrent Mark Cycle
[120,187s][info][gc] GC(219) Pause Remark 4116M->4116M(5120M) 0,613ms
[120,191s][info][gc] GC(219) Pause Cleanup 4116M->4116M(5120M) 0,150ms
[120,196s][info][gc] GC(219) Concurrent Mark Cycle 15,041ms
[120,339s][info][gc] GC(220) Pause Young (Concurrent Start) (G1 Humongous Allocation) 4124M->4108M(5120M) 0,748ms
[120,339s][info][gc] GC(221) Concurrent Mark Cycle
[120,349s][info][gc] GC(221) Pause Remark 4112M->4112M(5120M) 1,262ms
[120,356s][info][gc] GC(221) Pause Cleanup 4112M->4112M(5120M) 0,191ms
[120,362s][info][gc] GC(221) Concurrent Mark Cycle 22,257ms
[120,400s][info][gc] GC(222) Pause Young (Concurrent Start) (G1 Humongous Allocation) 4114M->4108M(5120M) 1,545ms
[120,400s][info][gc] GC(223) Concurrent Mark Cycle
[120,407s][info][gc] GC(223) Pause Remark 4112M->4112M(5120M) 1,520ms
[120,416s][info][gc] GC(223) Pause Cleanup 4112M->4112M(5120M) 0,226ms
[120,425s][info][gc] GC(223) Concurrent Mark Cycle 25,079ms
[120,502s][info][gc] GC(224) Pause Young (Concurrent Start) (G1 Humongous Allocation) 4116M->4108M(5120M) 0,661ms
[120,502s][info][gc] GC(225) Concurrent Mark Cycle
[120,507s][info][gc] GC(225) Pause Remark 4112M->4112M(5120M) 0,699ms
[120,518s][info][gc] GC(225) Pause Cleanup 4112M->4112M(5120M) 3,574ms
[120,524s][info][gc] GC(225) Concurrent Mark Cycle 21,537ms
[120,551s][info][gc] GC(226) Pause Young (Concurrent Start) (G1 Humongous Allocation) 4114M->4108M(5120M) 1,675ms
[120,551s][info][gc] GC(227) Concurrent Mark Cycle
[120,557s][info][gc] GC(227) Pause Remark 4112M->4112M(5120M) 1,290ms
[120,560s][info][gc] GC(227) Pause Cleanup 4112M->4112M(5120M) 0,188ms
[120,566s][info][gc] GC(227) Concurrent Mark Cycle 15,622ms
[120,739s][info][gc] GC(228) Pause Young (Concurrent Start) (G1 Humongous Allocation) 4122M->4108M(5120M) 0,587ms
[120,739s][info][gc] GC(229) Concurrent Mark Cycle
[120,747s][info][gc] GC(229) Pause Remark 4116M->4116M(5120M) 1,194ms
[120,755s][info][gc] GC(229) Pause Cleanup 4116M->4116M(5120M) 0,172ms
[120,765s][info][gc] GC(229) Concurrent Mark Cycle 26,436ms
[120,902s][info][gc] GC(230) Pause Young (Concurrent Start) (G1 Humongous Allocation) 4124M->4108M(5120M) 1,401ms
[120,902s][info][gc] GC(231) Concurrent Mark Cycle
[120,908s][info][gc] GC(231) Pause Remark 4112M->4112M(5120M) 1,169ms
[120,915s][info][gc] GC(231) Pause Cleanup 4112M->4112M(5120M) 0,204ms
[120,920s][info][gc] GC(231) Concurrent Mark Cycle 17,745ms
[120,962s][info][gc] GC(232) Pause Young (Concurrent Start) (G1 Humongous Allocation) 4114M->4108M(5120M) 0,823ms
[120,962s][info][gc] GC(233) Concurrent Mark Cycle
[120,968s][info][gc] GC(233) Pause Remark 4112M->4112M(5120M) 1,281ms
[120,972s][info][gc] GC(233) Pause Cleanup 4112M->4112M(5120M) 0,158ms
[120,980s][info][gc] GC(233) Concurrent Mark Cycle 17,979ms
[121,073s][info][gc] GC(234) Pause Young (Concurrent Start) (G1 Humongous Allocation) 4116M->4108M(5120M) 0,852ms
[121,073s][info][gc] GC(235) Concurrent Mark Cycle
[121,083s][info][gc] GC(235) Pause Remark 4112M->4112M(5120M) 0,677ms
[121,095s][info][gc] GC(235) Pause Cleanup 4112M->4112M(5120M) 0,181ms
[121,100s][info][gc] GC(235) Concurrent Mark Cycle 27,205ms
[121,137s][info][gc] GC(236) Pause Young (Concurrent Start) (G1 Humongous Allocation) 4114M->4108M(5120M) 5,363ms
[121,137s][info][gc] GC(237) Concurrent Mark Cycle
[121,143s][info][gc] GC(237) Pause Remark 4112M->4112M(5120M) 1,099ms
[121,148s][info][gc] GC(237) Pause Cleanup 4112M->4112M(5120M) 0,166ms
[121,154s][info][gc] GC(237) Concurrent Mark Cycle 16,540ms
[121,280s][info][gc] GC(238) Pause Young (Concurrent Start) (G1 Humongous Allocation) 4116M->4108M(5120M) 1,485ms
[121,281s][info][gc] GC(239) Concurrent Mark Cycle
[121,286s][info][gc] GC(239) Pause Remark 4112M->4112M(5120M) 0,590ms
[121,289s][info][gc] GC(239) Pause Cleanup 4112M->4112M(5120M) 0,133ms
[121,298s][info][gc] GC(239) Concurrent Mark Cycle 17,261ms
[121,340s][info][gc] GC(240) Pause Young (Concurrent Start) (G1 Humongous Allocation) 4115M->4108M(5120M) 0,775ms
[121,340s][info][gc] GC(241) Concurrent Mark Cycle
[121,346s][info][gc] GC(241) Pause Remark 4112M->4112M(5120M) 1,374ms
[121,350s][info][gc] GC(241) Pause Cleanup 4112M->4112M(5120M) 0,170ms
[121,363s][info][gc] GC(241) Concurrent Mark Cycle 23,117ms
[121,419s][info][gc] GC(242) Pause Young (Concurrent Start) (G1 Humongous Allocation) 4118M->4108M(5120M) 1,834ms
[121,419s][info][gc] GC(243) Concurrent Mark Cycle
[121,424s][info][gc] GC(243) Pause Remark 4112M->4112M(5120M) 0,709ms
[121,430s][info][gc] GC(243) Pause Cleanup 4112M->4112M(5120M) 0,170ms
[121,439s][info][gc] GC(243) Concurrent Mark Cycle 19,796ms
[121,468s][info][gc] GC(244) Pause Young (Concurrent Start) (G1 Humongous Allocation) 4114M->4108M(5120M) 0,777ms
[121,468s][info][gc] GC(245) Concurrent Mark Cycle
[121,473s][info][gc] GC(245) Pause Remark 4112M->4112M(5120M) 0,735ms
[121,477s][info][gc] GC(245) Pause Cleanup 4112M->4112M(5120M) 0,183ms
[121,486s][info][gc] GC(245) Concurrent Mark Cycle 18,034ms
[121,562s][info][gc] GC(246) Pause Young (Concurrent Start) (G1 Humongous Allocation) 4114M->4108M(5120M) 1,831ms
[121,562s][info][gc] GC(247) Concurrent Mark Cycle
[121,567s][info][gc] GC(247) Pause Remark 4112M->4112M(5120M) 0,594ms
[121,573s][info][gc] GC(247) Pause Cleanup 4112M->4112M(5120M) 0,154ms
[121,583s][info][gc] GC(247) Concurrent Mark Cycle 20,961ms
[121,680s][info][gc] GC(248) Pause Young (Concurrent Start) (G1 Humongous Allocation) 4115M->4108M(5120M) 0,710ms
[121,680s][info][gc] GC(249) Concurrent Mark Cycle
[121,686s][info][gc] GC(249) Pause Remark 4112M->4112M(5120M) 1,256ms
[121,691s][info][gc] GC(249) Pause Cleanup 4112M->4112M(5120M) 0,192ms
[121,696s][info][gc] GC(249) Concurrent Mark Cycle 16,296ms
[121,733s][info][gc] GC(250) Pause Young (Concurrent Start) (G1 Humongous Allocation) 4114M->4108M(5120M) 1,353ms
[121,733s][info][gc] GC(251) Concurrent Mark Cycle
[121,739s][info][gc] GC(251) Pause Remark 4112M->4112M(5120M) 2,149ms
[121,748s][info][gc] GC(251) Pause Cleanup 4112M->4112M(5120M) 0,202ms
[121,754s][info][gc] GC(251) Concurrent Mark Cycle 21,244ms
[121,828s][info][gc] GC(252) Pause Young (Concurrent Start) (G1 Humongous Allocation) 4114M->4108M(5120M) 0,830ms
[121,829s][info][gc] GC(253) Concurrent Mark Cycle
[121,836s][info][gc] GC(253) Pause Remark 4112M->4112M(5120M) 1,559ms
[121,840s][info][gc] GC(253) Pause Cleanup 4112M->4112M(5120M) 0,175ms
[121,847s][info][gc] GC(253) Concurrent Mark Cycle 18,191ms
[122,022s][info][gc] GC(254) Pause Young (Concurrent Start) (G1 Humongous Allocation) 4117M->4108M(5120M) 1,440ms
[122,022s][info][gc] GC(255) Concurrent Mark Cycle
[122,028s][info][gc] GC(255) Pause Remark 4112M->4112M(5120M) 1,311ms
[122,032s][info][gc] GC(255) Pause Cleanup 4112M->4112M(5120M) 0,210ms
[122,037s][info][gc] GC(255) Concurrent Mark Cycle 15,282ms
[122,081s][info][gc] GC(256) Pause Young (Concurrent Start) (G1 Humongous Allocation) 4114M->4108M(5120M) 1,488ms
[122,081s][info][gc] GC(257) Concurrent Mark Cycle
[122,087s][info][gc] GC(257) Pause Remark 4112M->4112M(5120M) 1,309ms
[122,091s][info][gc] GC(257) Pause Cleanup 4112M->4112M(5120M) 0,162ms
[122,098s][info][gc] GC(257) Concurrent Mark Cycle 16,258ms
[122,158s][info][gc] GC(258) Pause Young (Concurrent Start) (G1 Humongous Allocation) 4114M->4108M(5120M) 1,441ms
[122,158s][info][gc] GC(259) Concurrent Mark Cycle
[122,163s][info][gc] GC(259) Pause Remark 4112M->4112M(5120M) 1,240ms
[122,168s][info][gc] GC(259) Pause Cleanup 4112M->4112M(5120M) 0,170ms
[122,181s][info][gc] GC(259) Concurrent Mark Cycle 23,710ms
[122,207s][info][gc] GC(260) Pause Young (Concurrent Start) (G1 Humongous Allocation) 4114M->4108M(5120M) 1,579ms
[122,213s][info][gc] GC(261) Concurrent Mark Cycle
[122,226s][info][gc] GC(261) Pause Remark 4112M->4112M(5120M) 1,387ms
[122,231s][info][gc] GC(261) Pause Cleanup 4114M->4114M(5120M) 0,211ms
[122,239s][info][gc] GC(261) Concurrent Mark Cycle 26,167ms
[122,299s][info][gc] GC(262) Pause Young (Concurrent Start) (G1 Humongous Allocation) 4114M->4108M(5120M) 1,735ms
[122,299s][info][gc] GC(263) Concurrent Mark Cycle
[122,304s][info][gc] GC(263) Pause Remark 4112M->4112M(5120M) 0,601ms
[122,308s][info][gc] GC(263) Pause Cleanup 4112M->4112M(5120M) 0,204ms
[122,313s][info][gc] GC(263) Concurrent Mark Cycle 14,418ms
[122,420s][info][gc] GC(264) Pause Young (Concurrent Start) (G1 Humongous Allocation) 4115M->4108M(5120M) 1,278ms
[122,420s][info][gc] GC(265) Concurrent Mark Cycle
[122,426s][info][gc] GC(265) Pause Remark 4112M->4112M(5120M) 0,589ms
[122,430s][info][gc] GC(265) Pause Cleanup 4112M->4112M(5120M) 0,154ms
[122,435s][info][gc] GC(265) Concurrent Mark Cycle 14,816ms
[122,559s][info][gc] GC(266) Pause Young (Concurrent Start) (G1 Humongous Allocation) 4118M->4108M(5120M) 1,353ms
[122,559s][info][gc] GC(267) Concurrent Mark Cycle
[122,564s][info][gc] GC(267) Pause Remark 4112M->4112M(5120M) 1,316ms
[122,568s][info][gc] GC(267) Pause Cleanup 4112M->4112M(5120M) 0,134ms
[122,585s][info][gc] GC(267) Concurrent Mark Cycle 26,512ms
[122,824s][info][gc] GC(268) Pause Young (Concurrent Start) (G1 Humongous Allocation) 4114M->4108M(5120M) 1,530ms
[122,824s][info][gc] GC(269) Concurrent Mark Cycle
[122,830s][info][gc] GC(269) Pause Remark 4116M->4116M(5120M) 1,636ms
[122,834s][info][gc] GC(269) Pause Cleanup 4116M->4116M(5120M) 0,148ms
[122,850s][info][gc] GC(269) Concurrent Mark Cycle 25,917ms
[122,985s][info][gc] GC(270) Pause Young (Concurrent Start) (G1 Humongous Allocation) 4124M->4108M(5120M) 0,733ms
[122,985s][info][gc] GC(271) Concurrent Mark Cycle
[122,991s][info][gc] GC(271) Pause Remark 4112M->4112M(5120M) 0,626ms
[122,995s][info][gc] GC(271) Pause Cleanup 4112M->4112M(5120M) 0,151ms
[123,000s][info][gc] GC(271) Concurrent Mark Cycle 14,617ms
[123,047s][info][gc] GC(272) Pause Young (Concurrent Start) (G1 Humongous Allocation) 4114M->4108M(5120M) 3,583ms
[123,047s][info][gc] GC(273) Concurrent Mark Cycle
[123,054s][info][gc] GC(273) Pause Remark 4112M->4112M(5120M) 1,320ms
[123,058s][info][gc] GC(273) Pause Cleanup 4112M->4112M(5120M) 0,138ms
[123,068s][info][gc] GC(273) Concurrent Mark Cycle 20,547ms
[123,148s][info][gc] GC(274) Pause Young (Concurrent Start) (G1 Humongous Allocation) 4116M->4108M(5120M) 0,797ms
[123,148s][info][gc] GC(275) Concurrent Mark Cycle
[123,153s][info][gc] GC(275) Pause Remark 4112M->4112M(5120M) 0,569ms
[123,157s][info][gc] GC(275) Pause Cleanup 4112M->4112M(5120M) 0,151ms
[123,169s][info][gc] GC(275) Concurrent Mark Cycle 20,549ms
[123,191s][info][gc] GC(276) Pause Young (Concurrent Start) (G1 Humongous Allocation) 4114M->4108M(5120M) 0,655ms
[123,191s][info][gc] GC(277) Concurrent Mark Cycle
[123,197s][info][gc] GC(277) Pause Remark 4112M->4112M(5120M) 1,225ms
[123,201s][info][gc] GC(277) Pause Cleanup 4112M->4112M(5120M) 0,336ms
[123,210s][info][gc] GC(277) Concurrent Mark Cycle 18,041ms
[123,349s][info][gc] GC(278) Pause Young (Concurrent Start) (G1 Humongous Allocation) 4124M->4108M(5120M) 0,658ms
[123,349s][info][gc] GC(279) Concurrent Mark Cycle
[123,355s][info][gc] GC(279) Pause Remark 4112M->4112M(5120M) 1,381ms
[123,360s][info][gc] GC(279) Pause Cleanup 4112M->4112M(5120M) 0,166ms
[123,371s][info][gc] GC(279) Concurrent Mark Cycle 21,447ms
[123,409s][info][gc] GC(280) Pause Young (Concurrent Start) (G1 Humongous Allocation) 4114M->4108M(5120M) 0,799ms
[123,409s][info][gc] GC(281) Concurrent Mark Cycle
[123,418s][info][gc] GC(281) Pause Remark 4112M->4112M(5120M) 1,241ms
[123,422s][info][gc] GC(281) Pause Cleanup 4112M->4112M(5120M) 0,202ms
[123,435s][info][gc] GC(281) Concurrent Mark Cycle 25,386ms
[123,486s][info][gc] GC(282) Pause Young (Concurrent Start) (G1 Humongous Allocation) 4114M->4108M(5120M) 1,370ms
[123,486s][info][gc] GC(283) Concurrent Mark Cycle
[123,491s][info][gc] GC(283) Pause Remark 4112M->4112M(5120M) 0,617ms
[123,495s][info][gc] GC(283) Pause Cleanup 4112M->4112M(5120M) 0,145ms
[123,501s][info][gc] GC(283) Concurrent Mark Cycle 14,939ms
[123,535s][info][gc] GC(284) Pause Young (Concurrent Start) (G1 Humongous Allocation) 4114M->4108M(5120M) 1,409ms
[123,535s][info][gc] GC(285) Concurrent Mark Cycle
[123,542s][info][gc] GC(285) Pause Remark 4112M->4112M(5120M) 1,651ms
[123,551s][info][gc] GC(285) Pause Cleanup 4112M->4112M(5120M) 0,234ms
[123,557s][info][gc] GC(285) Concurrent Mark Cycle 21,738ms
[123,632s][info][gc] GC(286) Pause Young (Concurrent Start) (G1 Humongous Allocation) 4114M->4108M(5120M) 0,614ms
[123,632s][info][gc] GC(287) Concurrent Mark Cycle
[123,637s][info][gc] GC(287) Pause Remark 4112M->4112M(5120M) 0,564ms
[123,642s][info][gc] GC(287) Pause Cleanup 4112M->4112M(5120M) 0,144ms
[123,648s][info][gc] GC(287) Concurrent Mark Cycle 15,536ms
[123,752s][info][gc] GC(288) Pause Young (Concurrent Start) (G1 Humongous Allocation) 4115M->4108M(5120M) 1,354ms
[123,752s][info][gc] GC(289) Concurrent Mark Cycle
[123,759s][info][gc] GC(289) Pause Remark 4112M->4112M(5120M) 1,557ms
[123,763s][info][gc] GC(289) Pause Cleanup 4112M->4112M(5120M) 0,185ms
[123,772s][info][gc] GC(289) Concurrent Mark Cycle 20,522ms
[123,802s][info][gc] GC(290) Pause Young (Concurrent Start) (G1 Humongous Allocation) 4114M->4108M(5120M) 1,643ms
[123,802s][info][gc] GC(291) Concurrent Mark Cycle
[123,807s][info][gc] GC(291) Pause Remark 4112M->4112M(5120M) 0,641ms
[123,813s][info][gc] GC(291) Pause Cleanup 4112M->4112M(5120M) 0,209ms
[123,821s][info][gc] GC(291) Concurrent Mark Cycle 19,076ms
[123,891s][info][gc] GC(292) Pause Young (Concurrent Start) (G1 Humongous Allocation) 4114M->4108M(5120M) 1,545ms
[123,891s][info][gc] GC(293) Concurrent Mark Cycle
[123,897s][info][gc] GC(293) Pause Remark 4112M->4112M(5120M) 1,254ms
[123,902s][info][gc] GC(293) Pause Cleanup 4112M->4112M(5120M) 0,154ms
[123,910s][info][gc] GC(293) Concurrent Mark Cycle 18,389ms
[124,089s][info][gc] GC(294) Pause Young (Concurrent Start) (G1 Humongous Allocation) 4117M->4108M(5120M) 0,887ms
[124,089s][info][gc] GC(295) Concurrent Mark Cycle
[124,096s][info][gc] GC(295) Pause Remark 4112M->4112M(5120M) 1,396ms
[124,103s][info][gc] GC(295) Pause Cleanup 4112M->4112M(5120M) 2,751ms
[124,121s][info][gc] GC(295) Concurrent Mark Cycle 31,138ms
[124,137s][info][gc] GC(296) Pause Young (Concurrent Start) (G1 Humongous Allocation) 4114M->4108M(5120M) 1,646ms
[124,137s][info][gc] GC(297) Concurrent Mark Cycle
[124,142s][info][gc] GC(297) Pause Remark 4112M->4112M(5120M) 0,571ms
[124,146s][info][gc] GC(297) Pause Cleanup 4112M->4112M(5120M) 0,170ms
[124,156s][info][gc] GC(297) Concurrent Mark Cycle 19,469ms
[124,223s][info][gc] GC(298) Pause Young (Concurrent Start) (G1 Humongous Allocation) 4122M->4108M(5120M) 1,253ms
[124,223s][info][gc] GC(299) Concurrent Mark Cycle
[124,229s][info][gc] GC(299) Pause Remark 4112M->4112M(5120M) 0,670ms
[124,234s][info][gc] GC(299) Pause Cleanup 4112M->4112M(5120M) 0,159ms
[124,239s][info][gc] GC(299) Concurrent Mark Cycle 15,910ms
[124,272s][info][gc] GC(300) Pause Young (Concurrent Start) (G1 Humongous Allocation) 4114M->4108M(5120M) 1,631ms
[124,278s][info][gc] GC(301) Concurrent Mark Cycle
[124,286s][info][gc] GC(301) Pause Remark 4112M->4112M(5120M) 1,253ms
[124,290s][info][gc] GC(301) Pause Cleanup 4112M->4112M(5120M) 0,199ms
[124,296s][info][gc] GC(301) Concurrent Mark Cycle 17,515ms
[124,361s][info][gc] GC(302) Pause Young (Concurrent Start) (G1 Humongous Allocation) 4114M->4108M(5120M) 0,902ms
[124,361s][info][gc] GC(303) Concurrent Mark Cycle
[124,366s][info][gc] GC(303) Pause Remark 4112M->4112M(5120M) 0,637ms
[124,370s][info][gc] GC(303) Pause Cleanup 4112M->4112M(5120M) 0,149ms
[124,376s][info][gc] GC(303) Concurrent Mark Cycle 14,416ms
[124,466s][info][gc] GC(304) Pause Young (Concurrent Start) (G1 Humongous Allocation) 4114M->4108M(5120M) 1,510ms
[124,467s][info][gc] GC(305) Concurrent Mark Cycle
[124,472s][info][gc] GC(305) Pause Remark 4112M->4112M(5120M) 1,249ms
[124,477s][info][gc] GC(305) Pause Cleanup 4112M->4112M(5120M) 0,214ms
[124,490s][info][gc] GC(305) Concurrent Mark Cycle 23,332ms
[124,530s][info][gc] GC(306) Pause Young (Concurrent Start) (G1 Humongous Allocation) 4120M->4108M(5120M) 1,320ms
[124,530s][info][gc] GC(307) Concurrent Mark Cycle
[124,537s][info][gc] GC(307) Pause Remark 4112M->4112M(5120M) 1,253ms
[124,541s][info][gc] GC(307) Pause Cleanup 4112M->4112M(5120M) 0,181ms
[124,553s][info][gc] GC(307) Concurrent Mark Cycle 22,650ms
Test[ALMOST_CONTIGUOUS | DPQS_2105| M=536870912] elapsed: 970.268866 ms ms, reference: 15546.462034 ms
Preparing Test[SORTED | DPQS_2105| M=536870912] --------------------------------------
[125,019s][info][gc] GC(308) Pause Young (Concurrent Start) (G1 Humongous Allocation) 4120M->4M(5120M) 2,227ms
[125,019s][info][gc] GC(309) Concurrent Undo Cycle
[125,026s][info][gc] GC(309) Concurrent Undo Cycle 7,192ms
[145,779s][info][gc] GC(310) Pause Young (Concurrent Start) (G1 Humongous Allocation) 2058M->2056M(5120M) 0,956ms
[145,779s][info][gc] GC(311) Concurrent Undo Cycle
[145,786s][info][gc] GC(311) Concurrent Undo Cycle 6,993ms
data[0 : 100]: [125, 966, 4598, 4628, 6868, 7985, 9734, 9994, 11397, 11447, 12372, 12645, 13292, 13881, 14226, 14883, 15599, 15867, 17453, 17623, 17780, 18195, 18269, 19380, 19525, 20077, 20961, 22334, 22786, 22858, 22917, 24446, 27465, 31333, 31530, 32418, 33781, 35228, 36072, 37239, 37895, 40479, 43961, 46574, 46801, 46879, 48288, 49179, 49943, 51941, 52058, 52196, 54256, 58455, 58696, 59197, 60868, 61080, 61126, 61415, 61491, 62582, 64000, 64124, 65920, 67210, 68562, 69162, 70775, 71255, 71326, 71482, 72497, 72555, 72624, 72760, 74588, 74851, 75020, 75900, 76430, 77717, 79138, 80447, 81527, 82256, 82511, 83069, 85310, 85999, 88024, 88186, 88749, 89507, 93307, 95909, 96843, 96914, 97065, 98639]
data[-100 : 0]: [27829401, 27832428, 27833373, 27833583, 27836409, 27839225, 27839317, 27839807, 27840705, 27841509, 27843940, 27845658, 27846061, 27847134, 27847344, 27848149, 27849443, 27849514, 27850955, 27853796, 27854958, 27855746, 27856676, 27858261, 27858832, 27859818, 27860219, 27860836, 27862498, 27865537, 27866368, 27871025, 27871183, 27873453, 27873632, 27874790, 27875970, 27877784, 27878505, 27878677, 27878754, 27881193, 27882248, 27882327, 27883884, 27888359, 27889089, 27891893, 27892601, 27892714, 27893906, 27894805, 27895035, 27895739, 27897595, 27898033, 27898348, 27898826, 27900287, 27900510, 27900593, 27900930, 27901872, 27902171, 27902608, 27903936, 27904868, 27904891, 27905778, 27906023, 27906695, 27914490, 27915162, 27915904, 27916426, 27917222, 27920576, 27920710, 27921332, 27922395, 27922405, 27923424, 27923618, 27924333, 27924341, 27924393, 27925219, 27926615, 27927275, 27929231, 27930169, 27933330, 27933528, 27934957, 27935399, 27937687, 27937841, 27937856, 27939478, 27945751]
Test[SORTED | DPQS_2105| M=536870912] ---------------------------------------------------------------------
[147,550s][info][gc] GC(312) Pause Young (Concurrent Start) (G1 Humongous Allocation) 4110M->4108M(5120M) 0,817ms
[147,550s][info][gc] GC(313) Concurrent Mark Cycle
[147,551s][info][gc] GC(314) Pause Young (Normal) (G1 Humongous Allocation) 4108M->4108M(5120M) 0,893ms
[147,564s][info][gc] GC(315) Pause Full (G1 Humongous Allocation) 4108M->4108M(5120M) 12,739ms
[147,576s][info][gc] GC(316) Pause Full (G1 Humongous Allocation) 4108M->4108M(5120M) 11,296ms
[147,576s][info][gc] GC(313) Concurrent Mark Cycle 25,717ms
Test[SORTED | SYSTEM| M=536870912] ------------------------------------------------------------------------
[148,935s][info][gc] GC(317) Pause Young (Concurrent Start) (G1 Humongous Allocation) 4110M->4108M(5120M) 0,669ms
[148,935s][info][gc] GC(318) Concurrent Mark Cycle
[148,935s][info][gc] GC(319) Pause Young (Normal) (G1 Humongous Allocation) 4108M->4108M(5120M) 0,611ms
[148,954s][info][gc] GC(320) Pause Full (G1 Humongous Allocation) 4108M->4108M(5120M) 18,051ms
[148,960s][info][gc] GC(321) Pause Full (G1 Humongous Allocation) 4108M->4108M(5120M) 6,513ms
[148,960s][info][gc] GC(318) Concurrent Mark Cycle 25,679ms
Test[SORTED | DPQS_2105| M=536870912] elapsed: OOME ms, reference: OOME
Preparing Test[UNIFORM | P_DPQS_2105| M=536870912] --------------------------------------
[148,970s][info][gc] GC(322) Pause Young (Concurrent Start) (G1 Humongous Allocation) 4110M->4108M(5120M) 4,470ms
[148,970s][info][gc] GC(323) Concurrent Mark Cycle
[148,979s][info][gc] GC(324) Pause Young (Normal) (G1 Humongous Allocation) 4108M->4108M(5120M) 1,323ms
[148,992s][info][gc] GC(325) Pause Full (G1 Humongous Allocation) 4108M->4M(5120M) 12,906ms
[148,992s][info][gc] GC(323) Concurrent Mark Cycle 22,301ms
[150,356s][info][gc] GC(326) Pause Young (Concurrent Start) (G1 Humongous Allocation) 2056M->2056M(5120M) 1,499ms
[150,356s][info][gc] GC(327) Concurrent Undo Cycle
[150,362s][info][gc] GC(327) Concurrent Undo Cycle 6,254ms
data[0 : 100]: [821115357, 1660418793, 448078427, 1173353938, 172035578, 1503663573, 1140148415, 1479481729, 476149789, 834687859, 2047750023, 42182871, 824765253, 1540537685, 1519069752, 1763383946, 1673396284, 875013724, 1967895957, 782595981, 1599912200, 1675461783, 1835980039, 807454020, 800605705, 528711478, 1533887279, 1585986398, 1002055064, 2004339174, 1310597831, 523460224, 839094923, 1267552214, 1868476160, 1897048040, 1601258488, 546454063, 863000938, 1249246374, 938437503, 2078672561, 1528951094, 1327740661, 1108684519, 490676100, 488097079, 774543326, 1060127796, 375805141, 1693586690, 170643219, 1519054317, 1740713151, 1592548991, 1467834087, 586691714, 1588911439, 479983900, 465965348, 1454771131, 1881436516, 1679256016, 533368781, 2097654815, 1364030999, 686714004, 387620780, 1459759908, 1329238684, 1876773998, 1774079225, 1871366133, 108025020, 1602657311, 206128388, 1669795533, 1873022469, 1135617697, 1939643269, 977125648, 56334738, 1259671084, 896895893, 2031043497, 209419993, 410510454, 483064080, 374432650, 976802343, 2095481671, 981352200, 675687465, 976194159, 1303262383, 17078318, 1560544032, 1736425928, 1397252166, 142564779]
data[-100 : 0]: [391932006, 887640700, 1504591305, 1612660032, 887248121, 1930445822, 113291176, 635300252, 376933180, 888962974, 783376505, 1260696697, 922880303, 1522888238, 1826302699, 1794519487, 938128177, 1268976577, 1539576810, 1132567587, 393810016, 2103286555, 1671667238, 2035768973, 497522317, 165196608, 313287543, 1039721008, 32829644, 451822140, 583508633, 67251006, 1981426068, 585340016, 337625355, 817902346, 84170936, 112264119, 2142530482, 1767563418, 1315309969, 904692512, 2114714009, 612242208, 28976018, 724071133, 2143666873, 502596423, 121062952, 749830515, 1603003302, 835470874, 1863575790, 1358809788, 1927960493, 1770570231, 1129916752, 184526276, 1131403931, 37808826, 2103412934, 1296947518, 327893823, 768920236, 896461648, 13656038, 1815063486, 834057785, 743029198, 1979778603, 1137086469, 1115864520, 226117018, 928671017, 598144980, 360837037, 2124037048, 1090942609, 236003617, 1030578812, 1291247773, 1515888292, 1528734763, 608118972, 1269942816, 1074862888, 2101079607, 1787600584, 4698401, 1723137928, 693566194, 21725914, 948528024, 787322842, 386645031, 1536916106, 306079137, 2070305119, 1643919269, 1620968075]
Test[UNIFORM | P_DPQS_2105| M=536870912] ---------------------------------------------------------------------
[156,423s][info][gc] GC(328) Pause Young (Concurrent Start) (G1 Humongous Allocation) 4116M->4108M(5120M) 2,477ms
[156,423s][info][gc] GC(329) Concurrent Mark Cycle
[156,429s][info][gc] GC(329) Pause Remark 4108M->4108M(5120M) 1,515ms
[156,456s][info][gc] GC(329) Pause Cleanup 4108M->4108M(5120M) 0,160ms
[156,471s][info][gc] GC(329) Concurrent Mark Cycle 48,645ms
[156,606s][info][gc] GC(330) Pause Young (Concurrent Start) (G1 Humongous Allocation) 4114M->4110M(5120M) 1,694ms
[156,606s][info][gc] GC(331) Concurrent Mark Cycle
[156,627s][info][gc] GC(331) Pause Remark 4130M->4130M(5120M) 11,647ms
[156,634s][info][gc] GC(331) Pause Cleanup 4130M->4130M(5120M) 0,184ms
[156,642s][info][gc] GC(331) Concurrent Mark Cycle 35,158ms
[156,670s][info][gc] GC(332) Pause Young (Concurrent Start) (G1 Humongous Allocation) 4132M->4128M(5120M) 0,924ms
[156,670s][info][gc] GC(333) Concurrent Mark Cycle
[156,687s][info][gc] GC(333) Pause Remark 4128M->4128M(5120M) 1,487ms
[156,699s][info][gc] GC(333) Pause Cleanup 4140M->4140M(5120M) 0,250ms
[156,732s][info][gc] GC(333) Concurrent Mark Cycle 62,500ms
[156,930s][info][gc] GC(334) Pause Young (Concurrent Start) (G1 Humongous Allocation) 4142M->4108M(5120M) 1,725ms
[156,930s][info][gc] GC(335) Concurrent Mark Cycle
[156,937s][info][gc] GC(335) Pause Remark 4120M->4120M(5120M) 1,267ms
[156,941s][info][gc] GC(335) Pause Cleanup 4120M->4120M(5120M) 0,168ms
[156,959s][info][gc] GC(335) Concurrent Mark Cycle 28,473ms
[157,026s][info][gc] GC(336) Pause Young (Concurrent Start) (G1 Humongous Allocation) 4120M->4108M(5120M) 1,011ms
[157,026s][info][gc] GC(337) Concurrent Mark Cycle
[157,035s][info][gc] GC(337) Pause Remark 4148M->4148M(5120M) 0,628ms
[157,044s][info][gc] GC(337) Pause Cleanup 4148M->4148M(5120M) 0,177ms
[157,056s][info][gc] GC(337) Concurrent Mark Cycle 30,464ms
[157,197s][info][gc] GC(338) Pause Young (Concurrent Start) (G1 Humongous Allocation) 4149M->4148M(5120M) 1,550ms
[157,197s][info][gc] GC(339) Concurrent Mark Cycle
[157,272s][info][gc] GC(339) Pause Remark 4208M->4208M(5120M) 1,305ms
[157,281s][info][gc] GC(339) Pause Cleanup 4208M->4208M(5120M) 1,068ms
[157,297s][info][gc] GC(339) Concurrent Mark Cycle 99,518ms
[157,520s][info][gc] GC(340) Pause Young (Concurrent Start) (G1 Humongous Allocation) 4209M->4168M(5120M) 1,871ms
[157,521s][info][gc] GC(341) Concurrent Mark Cycle
[157,610s][info][gc] GC(341) Pause Remark 4316M->4316M(5120M) 1,361ms
[157,618s][info][gc] GC(341) Pause Cleanup 4316M->4316M(5120M) 0,193ms
[157,625s][info][gc] GC(341) Concurrent Mark Cycle 104,578ms
[158,029s][info][gc] GC(342) Pause Young (Concurrent Start) (G1 Humongous Allocation) 4317M->4256M(5120M) 1,779ms
[158,029s][info][gc] GC(343) Concurrent Mark Cycle
[158,039s][info][gc] GC(343) Pause Remark 4272M->4272M(5120M) 1,535ms
[158,054s][info][gc] GC(343) Pause Cleanup 4272M->4272M(5120M) 0,227ms
[158,066s][info][gc] GC(343) Concurrent Mark Cycle 36,274ms
[158,450s][info][gc] GC(344) Pause Young (Concurrent Start) (G1 Humongous Allocation) 4275M->4256M(5120M) 1,443ms
[158,450s][info][gc] GC(345) Concurrent Mark Cycle
[158,457s][info][gc] GC(345) Pause Remark 4260M->4260M(5120M) 1,840ms
[158,464s][info][gc] GC(345) Pause Cleanup 4260M->4260M(5120M) 0,180ms
[158,476s][info][gc] GC(345) Concurrent Mark Cycle 26,139ms
[158,933s][info][gc] GC(346) Pause Young (Concurrent Start) (G1 Humongous Allocation) 4261M->4108M(5120M) 3,165ms
[158,933s][info][gc] GC(347) Concurrent Mark Cycle
[159,004s][info][gc] GC(347) Pause Remark 4444M->4444M(5120M) 0,871ms
[159,010s][info][gc] GC(347) Pause Cleanup 4445M->4445M(5120M) 0,212ms
[159,031s][info][gc] GC(347) Concurrent Mark Cycle 97,611ms
[159,070s][info][gc] GC(348) Pause Young (Concurrent Start) (G1 Humongous Allocation) 4445M->4444M(5120M) 1,455ms
[159,070s][info][gc] GC(349) Concurrent Mark Cycle
[159,103s][info][gc] GC(349) Pause Remark 4480M->4480M(5120M) 0,772ms
[159,108s][info][gc] GC(349) Pause Cleanup 4480M->4480M(5120M) 0,193ms
[159,125s][info][gc] GC(349) Concurrent Mark Cycle 54,616ms
[159,296s][info][gc] GC(350) Pause Young (Concurrent Start) (G1 Humongous Allocation) 4480M->4444M(5120M) 1,528ms
[159,296s][info][gc] GC(351) Concurrent Mark Cycle
[159,303s][info][gc] GC(351) Pause Remark 4472M->4472M(5120M) 1,547ms
[159,307s][info][gc] GC(351) Pause Cleanup 4472M->4472M(5120M) 0,152ms
[159,331s][info][gc] GC(351) Concurrent Mark Cycle 34,236ms
[159,414s][info][gc] GC(352) Pause Young (Concurrent Start) (G1 Humongous Allocation) 4472M->4416M(5120M) 1,196ms
[159,414s][info][gc] GC(353) Concurrent Mark Cycle
[159,421s][info][gc] GC(353) Pause Remark 4420M->4420M(5120M) 0,701ms
[159,425s][info][gc] GC(353) Pause Cleanup 4420M->4420M(5120M) 0,157ms
[159,441s][info][gc] GC(353) Concurrent Mark Cycle 26,724ms
[159,461s][info][gc] GC(354) Pause Young (Concurrent Start) (G1 Humongous Allocation) 4420M->4388M(5120M) 1,399ms
[159,461s][info][gc] GC(355) Concurrent Mark Cycle
[159,467s][info][gc] GC(355) Pause Remark 4388M->4388M(5120M) 1,000ms
[159,471s][info][gc] GC(355) Pause Cleanup 4388M->4388M(5120M) 0,240ms
[159,477s][info][gc] GC(355) Concurrent Mark Cycle 15,446ms
[160,601s][info][gc] GC(356) Pause Young (Concurrent Start) (G1 Humongous Allocation) 4569M->4388M(5120M) 1,492ms
[160,601s][info][gc] GC(357) Concurrent Mark Cycle
[160,607s][info][gc] GC(357) Pause Remark 4432M->4432M(5120M) 1,186ms
[160,614s][info][gc] GC(357) Pause Cleanup 4432M->4432M(5120M) 0,798ms
[160,619s][info][gc] GC(357) Concurrent Mark Cycle 18,356ms
[160,829s][info][gc] GC(358) Pause Young (Concurrent Start) (G1 Humongous Allocation) 4433M->4432M(5120M) 1,413ms
[160,829s][info][gc] GC(359) Concurrent Mark Cycle
[160,834s][info][gc] GC(359) Pause Remark 4432M->4432M(5120M) 0,592ms
[160,838s][info][gc] GC(359) Pause Cleanup 4432M->4432M(5120M) 0,148ms
[160,844s][info][gc] GC(359) Concurrent Mark Cycle 14,605ms
[160,883s][info][gc] GC(360) Pause Young (Concurrent Start) (G1 Humongous Allocation) 4440M->4432M(5120M) 1,630ms
[160,883s][info][gc] GC(361) Concurrent Mark Cycle
[160,891s][info][gc] GC(361) Pause Remark 4432M->4432M(5120M) 1,368ms
[160,896s][info][gc] GC(361) Pause Cleanup 4432M->4432M(5120M) 0,359ms
[160,912s][info][gc] GC(361) Concurrent Mark Cycle 29,459ms
[161,041s][info][gc] GC(362) Pause Young (Concurrent Start) (G1 Humongous Allocation) 4676M->4352M(5120M) 1,459ms
[161,041s][info][gc] GC(363) Concurrent Mark Cycle
[161,048s][info][gc] GC(363) Pause Remark 4368M->4368M(5120M) 1,705ms
[161,061s][info][gc] GC(363) Pause Cleanup 4368M->4368M(5120M) 0,231ms
[161,067s][info][gc] GC(363) Concurrent Mark Cycle 25,434ms
[161,156s][info][gc] GC(364) Pause Young (Concurrent Start) (G1 Humongous Allocation) 4368M->4352M(5120M) 1,438ms
[161,156s][info][gc] GC(365) Concurrent Mark Cycle
[161,169s][info][gc] GC(365) Pause Remark 4488M->4488M(5120M) 3,592ms
[161,177s][info][gc] GC(365) Pause Cleanup 4488M->4488M(5120M) 0,225ms
[161,194s][info][gc] GC(365) Concurrent Mark Cycle 37,756ms
[161,741s][info][gc] GC(366) Pause Young (Concurrent Start) (G1 Humongous Allocation) 4489M->4488M(5120M) 1,267ms
[161,741s][info][gc] GC(367) Concurrent Mark Cycle
[161,857s][info][gc] GC(367) Pause Remark 4680M->4680M(5120M) 1,282ms
[161,862s][info][gc] GC(367) Pause Cleanup 4680M->4680M(5120M) 0,163ms
[161,863s][info][gc] GC(368) Pause Young (Normal) (G1 Humongous Allocation) 4680M->4680M(5120M) 1,002ms
[161,874s][info][gc] GC(369) Pause Full (G1 Humongous Allocation) 4680M->4680M(5120M) 11,147ms
[161,889s][info][gc] GC(370) Pause Full (G1 Humongous Allocation) 4680M->4680M(5120M) 14,915ms
[161,889s][info][gc] GC(367) Concurrent Mark Cycle 148,198ms
Test[UNIFORM | P_SYSTEM| M=536870912] ------------------------------------------------------------------------
[161,899s][info][gc] GC(371) Pause Young (Concurrent Start) (G1 Humongous Allocation) 4682M->4680M(5120M) 4,726ms
[161,899s][info][gc] GC(372) Concurrent Mark Cycle
[161,920s][info][gc] GC(372) Pause Remark 4696M->4696M(5120M) 1,368ms
[161,943s][info][gc] GC(372) Pause Cleanup 4696M->4696M(5120M) 0,812ms
[161,949s][info][gc] GC(372) Concurrent Mark Cycle 49,449ms
Test[UNIFORM | P_DPQS_2105| M=536870912] elapsed: OOME ms, reference: 39279.763019 ms
Preparing Test[CONTIGUOUS | P_DPQS_2105| M=536870912] --------------------------------------
[201,174s][info][gc] GC(373) Pause Young (Concurrent Start) (G1 Humongous Allocation) 4716M->2056M(5120M) 2,166ms
[201,174s][info][gc] GC(374) Concurrent Undo Cycle
[201,180s][info][gc] GC(374) Concurrent Undo Cycle 5,857ms
[201,638s][info][gc] GC(375) Pause Young (Concurrent Start) (G1 Humongous Allocation) 4108M->4108M(5120M) 0,975ms
[201,638s][info][gc] GC(376) Concurrent Mark Cycle
[201,639s][info][gc] GC(377) Pause Young (Normal) (G1 Humongous Allocation) 4108M->4108M(5120M) 1,244ms
[201,650s][info][gc] GC(378) Pause Full (G1 Humongous Allocation) 4108M->2056M(5120M) 10,721ms
[201,663s][info][gc] GC(379) Pause Full (G1 Humongous Allocation) 2056M->2056M(5120M) 12,758ms
[201,663s][info][gc] GC(376) Concurrent Mark Cycle 25,234ms
